---
- council_reference: AM/123/2016/A
  address: 1 Apsley Street, STRATHFIELDSAYE 3551, VIC
  description: "Use of land for a medical centre; works for car parking (gravel/roadbase);
    and display of advertising signage. \nAmended permit & plans to; include 'development'
    (floor area increase) in the statement of what the permit allows; include 'parking
    reduction' (2 spaces) in the statement of what the permit allows; amend permit
    conditions to increase in number of practitioners and operating hours"
  info_url: https://epathway.bendigo.vic.gov.au/ePathway/Production/Web/GeneralEnquiry/EnquiryLists.aspx?ModuleCode=LAP
  date_scraped: '2019-05-15'
  date_received: '2019-03-14'
- council_reference: AM/561/2016/A
  address: 36 High Street, HEATHCOTE 3523, VIC
  description: Two lot subdivision. Amended permit and plans (to address bushfire
    requirements)
  info_url: https://epathway.bendigo.vic.gov.au/ePathway/Production/Web/GeneralEnquiry/EnquiryLists.aspx?ModuleCode=LAP
  date_scraped: '2019-05-15'
  date_received: '2019-05-23'
- council_reference: AM/704/2016/B
  address: 54 High Street, KANGAROO FLAT 3555, VIC
  description: Construction of 2 additional dwellings and alter access to a Road Zone
    (Amended permit and plans to allow for 2 lot subdivision and creation of an access
    to a Road Zone)
  info_url: https://epathway.bendigo.vic.gov.au/ePathway/Production/Web/GeneralEnquiry/EnquiryLists.aspx?ModuleCode=LAP
  date_scraped: '2019-05-15'
  date_received: '2019-02-20'
- council_reference: AM/83/2017/A
  address: 558 Napier Street, WHITE HILLS 3550, VIC
  description: Use of land as a food and drink premise; and display of business identification
    signage (inclusion of outdoor dining)
  info_url: https://epathway.bendigo.vic.gov.au/ePathway/Production/Web/GeneralEnquiry/EnquiryLists.aspx?ModuleCode=LAP
  date_scraped: '2019-05-15'
  date_received: '2019-04-17'
- council_reference: AM/875/2007/B
  address: 59-61 Holdsworth Road, NORTH BENDIGO 3550, VIC
  description: The Development and Use of a Car Wash, Creation of Access to a Road
    Zone Category 1, Erection of Advertising Signs and Consolidation of Titles Generally
    in Accordance with the Endorsed Plans (Amended permit to allow for deletion of
    condition 1.3 and amended plans)
  info_url: https://epathway.bendigo.vic.gov.au/ePathway/Production/Web/GeneralEnquiry/EnquiryLists.aspx?ModuleCode=LAP
  date_scraped: '2019-05-15'
  date_received: '2018-03-28'
- council_reference: DA/239/2019
  address: 1449 Calder Highway, MARONG 3515, VIC
  description: Internally illuminated business identification sign
  info_url: https://epathway.bendigo.vic.gov.au/ePathway/Production/Web/GeneralEnquiry/EnquiryLists.aspx?ModuleCode=LAP
  date_scraped: '2019-05-15'
  date_received: '2019-04-04'
- council_reference: DA/260/2019
  address: 171-187 McIvor Road, STRATHDALE 3550, VIC
  description: Installation and display of an internally illuminated business identification
    sign
  info_url: https://epathway.bendigo.vic.gov.au/ePathway/Production/Web/GeneralEnquiry/EnquiryLists.aspx?ModuleCode=LAP
  date_scraped: '2019-05-15'
  date_received: '2019-04-10'
- council_reference: DC/110/2019
  address: 23 Peg Leg Road, EAGLEHAWK 3556, VIC
  description: Building and works associated with medical centre; and associated signage
  info_url: https://epathway.bendigo.vic.gov.au/ePathway/Production/Web/GeneralEnquiry/EnquiryLists.aspx?ModuleCode=LAP
  date_scraped: '2019-05-15'
  date_received: '2019-02-18'
- council_reference: DC/161/2019
  address: 443 Tannery Lane, STRATHFIELDSAYE 3551, VIC
  description: Building and works associated with landscaping supplies (relocate building,
    extend shed, new office, verandah and carport)
  info_url: https://epathway.bendigo.vic.gov.au/ePathway/Production/Web/GeneralEnquiry/EnquiryLists.aspx?ModuleCode=LAP
  date_scraped: '2019-05-15'
  date_received: '2019-03-05'
- council_reference: DC/269/2019
  address: 77 MacDougall Road, GOLDEN GULLY 3555, VIC
  description: Use and development of land for warehouse and office; reduction of
    car parking
  info_url: https://epathway.bendigo.vic.gov.au/ePathway/Production/Web/GeneralEnquiry/EnquiryLists.aspx?ModuleCode=LAP
  date_scraped: '2019-05-15'
  date_received: '2019-04-16'
- council_reference: DC/405/2019
  address: 4-10 Stanley Street, QUARRY HILL 3550, VIC
  description: Extension to building, business signage, car parking and bicycle facilities
    reduction
  info_url: https://epathway.bendigo.vic.gov.au/ePathway/Production/Web/GeneralEnquiry/EnquiryLists.aspx?ModuleCode=LAP
  date_scraped: '2019-05-15'
  date_received: '2019-06-12'
- council_reference: DC/690/2018
  address: 268-276 Napier Street, BENDIGO 3550, VIC
  description: Construction of a caretakers residence and alteration of access to
    road zone category 1
  info_url: https://epathway.bendigo.vic.gov.au/ePathway/Production/Web/GeneralEnquiry/EnquiryLists.aspx?ModuleCode=LAP
  date_scraped: '2019-05-15'
  date_received: '2018-09-18'
- council_reference: DD/415/2019
  address: 16 Simpsons Road, EAGLEHAWK 3556, VIC
  description: Demolition of scoreboard
  info_url: https://epathway.bendigo.vic.gov.au/ePathway/Production/Web/GeneralEnquiry/EnquiryLists.aspx?ModuleCode=LAP
  date_scraped: '2019-05-15'
  date_received: '2019-06-17'
- council_reference: DEV/125/2018
  address: 212 Guys Hill Road, STRATHFIELDSAYE 3551, VIC
  description: Development Plan (103 lots) schedule 26 of the DPO (Development Plan
    Overlay)
  info_url: https://epathway.bendigo.vic.gov.au/ePathway/Production/Web/GeneralEnquiry/EnquiryLists.aspx?ModuleCode=LAP
  date_scraped: '2019-05-15'
  date_received: '2018-08-17'
- council_reference: DEV/126/2018
  address: 75 Sargeants Road, EPSOM 3551, VIC
  description: Approval of development plan - 16 lot subdivision
  info_url: https://epathway.bendigo.vic.gov.au/ePathway/Production/Web/GeneralEnquiry/EnquiryLists.aspx?ModuleCode=LAP
  date_scraped: '2019-05-15'
  date_received: '2018-09-12'
- council_reference: DEV/132/2018
  address: 9 Hehir Road, HUNTLY 3551, VIC
  description: Approval of a development plan (8 lot subdivision)
  info_url: https://epathway.bendigo.vic.gov.au/ePathway/Production/Web/GeneralEnquiry/EnquiryLists.aspx?ModuleCode=LAP
  date_scraped: '2019-05-15'
  date_received: '2018-12-14'
- council_reference: DEV/138/2019
  address: 278 Maiden Gully Road, MAIDEN GULLY 3551, VIC
  description: Approval of a development plan (2 lot subdivision)
  info_url: https://epathway.bendigo.vic.gov.au/ePathway/Production/Web/GeneralEnquiry/EnquiryLists.aspx?ModuleCode=LAP
  date_scraped: '2019-05-15'
  date_received: '2019-03-04'
- council_reference: DEV/144/2019
  address: 48 Queen Street, MANDURANG SOUTH 3551, VIC
  description: Approval of development plan
  info_url: https://epathway.bendigo.vic.gov.au/ePathway/Production/Web/GeneralEnquiry/EnquiryLists.aspx?ModuleCode=LAP
  date_scraped: '2019-05-15'
  date_received: '2019-06-13'
- council_reference: DEV/145/2019
  address: Lot 2 Hannans Road, MANDURANG SOUTH 3551, VIC
  description: Approval of development plan
  info_url: https://epathway.bendigo.vic.gov.au/ePathway/Production/Web/GeneralEnquiry/EnquiryLists.aspx?ModuleCode=LAP
  date_scraped: '2019-05-15'
  date_received: '2019-06-13'
- council_reference: DG/294/2019
  address: 73-75 Kilmore Road, HEATHCOTE 3523, VIC
  description: Construction of an outbuilding
  info_url: https://epathway.bendigo.vic.gov.au/ePathway/Production/Web/GeneralEnquiry/EnquiryLists.aspx?ModuleCode=LAP
  date_scraped: '2019-05-15'
  date_received: '2019-05-01'
- council_reference: DP/168/2019
  address: 173 Edwards Road, KENNINGTON 3550, VIC
  description: Use and development of land for telecommunications facility
  info_url: https://epathway.bendigo.vic.gov.au/ePathway/Production/Web/GeneralEnquiry/EnquiryLists.aspx?ModuleCode=LAP
  date_scraped: '2019-05-15'
  date_received: '2019-03-06'
- council_reference: DP/611/2018
  address: 68 Pasley Street, HUNTLY 3551, VIC
  description: Use and development of a Primary School and removal of vegetation
  info_url: https://epathway.bendigo.vic.gov.au/ePathway/Production/Web/GeneralEnquiry/EnquiryLists.aspx?ModuleCode=LAP
  date_scraped: '2019-05-15'
  date_received: '2018-08-29'
- council_reference: DP/808/2018
  address: 133 Charleston Road, EAST BENDIGO 3550, VIC
  description: Partial demolition of existing buildings, use and development of land
    for a childcare centre, car park and associated works
  info_url: https://epathway.bendigo.vic.gov.au/ePathway/Production/Web/GeneralEnquiry/EnquiryLists.aspx?ModuleCode=LAP
  date_scraped: '2019-05-15'
  date_received: '2018-11-01'
- council_reference: DR/120/2019
  address: Lot 8 Patons Road, AXE CREEK 3551, VIC
  description: Use and development of land for a dwelling and outbuilding
  info_url: https://epathway.bendigo.vic.gov.au/ePathway/Production/Web/GeneralEnquiry/EnquiryLists.aspx?ModuleCode=LAP
  date_scraped: '2019-05-15'
  date_received: '2019-02-19'
- council_reference: DR/175/2019
  address: Lot 1 Whewell Street, NEILBOROUGH 3570, VIC
  description: Use and development of land for a dwelling
  info_url: https://epathway.bendigo.vic.gov.au/ePathway/Production/Web/GeneralEnquiry/EnquiryLists.aspx?ModuleCode=LAP
  date_scraped: '2019-05-15'
  date_received: '2019-03-12'
- council_reference: DR/177/2019
  address: 7 Peel Street, QUARRY HILL 3550, VIC
  description: Partial demolition, extension and alterations to existing dwelling
    and construction of garage
  info_url: https://epathway.bendigo.vic.gov.au/ePathway/Production/Web/GeneralEnquiry/EnquiryLists.aspx?ModuleCode=LAP
  date_scraped: '2019-05-15'
  date_received: '2019-03-08'
- council_reference: DR/198/2019
  address: 14 MacKenzie Street, BENDIGO 3550, VIC
  description: Partial demolition, internal and external alterations of existing buildings,
    use and development of land for accommodation (apartments and dwellings) and removal
    of vegetation
  info_url: https://epathway.bendigo.vic.gov.au/ePathway/Production/Web/GeneralEnquiry/EnquiryLists.aspx?ModuleCode=LAP
  date_scraped: '2019-05-15'
  date_received: '2019-03-19'
- council_reference: DR/228/2019
  address: 29 Fauna Way, SEBASTIAN 3556, VIC
  description: Use and development of the land for a second dwelling
  info_url: https://epathway.bendigo.vic.gov.au/ePathway/Production/Web/GeneralEnquiry/EnquiryLists.aspx?ModuleCode=LAP
  date_scraped: '2019-05-15'
  date_received: '2019-03-28'
- council_reference: DR/233/2018
  address: 27 Brown Street, CALIFORNIA GULLY 3556, VIC
  description: Construction of 10 dwellings and associated buildings and works, construction
    of car parking, and reduction in car parking
  info_url: https://epathway.bendigo.vic.gov.au/ePathway/Production/Web/GeneralEnquiry/EnquiryLists.aspx?ModuleCode=LAP
  date_scraped: '2019-05-15'
  date_received: '2018-04-04'
- council_reference: DR/244/2019
  address: 6 Bunting Court, STRATHDALE 3550, VIC
  description: Convert existing dwelling to two dwellings
  info_url: https://epathway.bendigo.vic.gov.au/ePathway/Production/Web/GeneralEnquiry/EnquiryLists.aspx?ModuleCode=LAP
  date_scraped: '2019-05-15'
  date_received: '2019-04-04'
- council_reference: DR/246/2019
  address: " Jensens Road, KAMAROOKA 3570, VIC"
  description: Use and development of a dwelling and outbuilding
  info_url: https://epathway.bendigo.vic.gov.au/ePathway/Production/Web/GeneralEnquiry/EnquiryLists.aspx?ModuleCode=LAP
  date_scraped: '2019-05-15'
  date_received: '2019-04-08'
- council_reference: DR/259/2019
  address: 40 Wright Street, BENDIGO 3550, VIC
  description: Demolition of outbuildings and partial demolition, external alterations
    and extension to existing dwelling
  info_url: https://epathway.bendigo.vic.gov.au/ePathway/Production/Web/GeneralEnquiry/EnquiryLists.aspx?ModuleCode=LAP
  date_scraped: '2019-05-15'
  date_received: '2019-04-09'
- council_reference: DR/282/2019
  address: CA 13 Meadow Valley Road, MIA MIA 3444, VIC
  description: Use and development of land for dwelling
  info_url: https://epathway.bendigo.vic.gov.au/ePathway/Production/Web/GeneralEnquiry/EnquiryLists.aspx?ModuleCode=LAP
  date_scraped: '2019-05-15'
  date_received: '2019-04-23'
- council_reference: DR/299/2019
  address: 14 MacKenzie Street West, GOLDEN SQUARE 3555, VIC
  description: Partial demolition and extension to existing dwelling
  info_url: https://epathway.bendigo.vic.gov.au/ePathway/Production/Web/GeneralEnquiry/EnquiryLists.aspx?ModuleCode=LAP
  date_scraped: '2019-05-15'
  date_received: '2019-05-07'
- council_reference: DR/302/2019
  address: 101A Carpenter Street, QUARRY HILL 3550, VIC
  description: Construction of a dwelling
  info_url: https://epathway.bendigo.vic.gov.au/ePathway/Production/Web/GeneralEnquiry/EnquiryLists.aspx?ModuleCode=LAP
  date_scraped: '2019-05-15'
  date_received: '2019-05-06'
- council_reference: DR/319/2019
  address: 7 Alpina Place, KANGAROO FLAT 3555, VIC
  description: Construction of a shed and variation to restriction to allow a site
    cut on Lot 49 PS424723T.
  info_url: https://epathway.bendigo.vic.gov.au/ePathway/Production/Web/GeneralEnquiry/EnquiryLists.aspx?ModuleCode=LAP
  date_scraped: '2019-05-15'
  date_received: '2019-05-09'
- council_reference: DR/321/2019
  address: Lot 21 Heritage Drive, SEDGWICK 3551, VIC
  description: Use and development of the land for a dwelling, outbuilding and associated
    works
  info_url: https://epathway.bendigo.vic.gov.au/ePathway/Production/Web/GeneralEnquiry/EnquiryLists.aspx?ModuleCode=LAP
  date_scraped: '2019-05-15'
  date_received: '2019-05-15'
- council_reference: DR/322/2019
  address: 7 Lovero Court, KANGAROO FLAT 3555, VIC
  description: Construction of a dwelling
  info_url: https://epathway.bendigo.vic.gov.au/ePathway/Production/Web/GeneralEnquiry/EnquiryLists.aspx?ModuleCode=LAP
  date_scraped: '2019-05-15'
  date_received: '2019-05-13'
- council_reference: DR/349/2019
  address: 169 Back Kyneton Road, HEATHCOTE 3523, VIC
  description: Development of land for a dwelling
  info_url: https://epathway.bendigo.vic.gov.au/ePathway/Production/Web/GeneralEnquiry/EnquiryLists.aspx?ModuleCode=LAP
  date_scraped: '2019-05-15'
  date_received: '2019-05-17'
- council_reference: DR/355/2019
  address: 14 Albert Street, BENDIGO 3550, VIC
  description: Partial demolition, alterations and addition to dwelling
  info_url: https://epathway.bendigo.vic.gov.au/ePathway/Production/Web/GeneralEnquiry/EnquiryLists.aspx?ModuleCode=LAP
  date_scraped: '2019-05-15'
  date_received: '2019-05-24'
- council_reference: DR/416/2019
  address: 478 Heathcote-Nagambie Road, HEATHCOTE 3523, VIC
  description: Construction of a second dwelling
  info_url: https://epathway.bendigo.vic.gov.au/ePathway/Production/Web/GeneralEnquiry/EnquiryLists.aspx?ModuleCode=LAP
  date_scraped: '2019-05-15'
  date_received: '2019-06-17'
- council_reference: DR/42/2019
  address: 16 Thorpe Street, CALIFORNIA GULLY 3556, VIC
  description: Construction of a second dwelling
  info_url: https://epathway.bendigo.vic.gov.au/ePathway/Production/Web/GeneralEnquiry/EnquiryLists.aspx?ModuleCode=LAP
  date_scraped: '2019-05-15'
  date_received: '2019-01-24'
- council_reference: DR/479/2019
  address: 6 Caledonia Street, NORTH BENDIGO 3550, VIC
  description: Extension to existing dwelling
  info_url: https://epathway.bendigo.vic.gov.au/ePathway/Production/Web/GeneralEnquiry/EnquiryLists.aspx?ModuleCode=LAP
  date_scraped: '2019-05-15'
  date_received: '2019-07-11'
- council_reference: DR/568/2018
  address: 20 Rogers Road, MANDURANG 3551, VIC
  description: Extension of existing dwelling
  info_url: https://epathway.bendigo.vic.gov.au/ePathway/Production/Web/GeneralEnquiry/EnquiryLists.aspx?ModuleCode=LAP
  date_scraped: '2019-05-15'
  date_received: '2018-08-14'
- council_reference: DR/616/2018
  address: Part CA 12A McIvor Highway, DERRINAL 3523, VIC
  description: Use and development of the land for a dwelling and associated outbuildings,
    and removal of native vegetation (retrospective)
  info_url: https://epathway.bendigo.vic.gov.au/ePathway/Production/Web/GeneralEnquiry/EnquiryLists.aspx?ModuleCode=LAP
  date_scraped: '2019-05-15'
  date_received: '2018-08-30'
- council_reference: DR/64/2015
  address: 67 Dunlop Road, KIMBOLTON 3551, VIC
  description: Use and develop land for group accommodation
  info_url: https://epathway.bendigo.vic.gov.au/ePathway/Production/Web/GeneralEnquiry/EnquiryLists.aspx?ModuleCode=LAP
  date_scraped: '2019-05-15'
  date_received: '2015-02-09'
- council_reference: DR/817/2018
  address: Lot 1 Pinchgut Lane, SHELBOURNE 3515, VIC
  description: Use and Development of dwelling
  info_url: https://epathway.bendigo.vic.gov.au/ePathway/Production/Web/GeneralEnquiry/EnquiryLists.aspx?ModuleCode=LAP
  date_scraped: '2019-05-15'
  date_received: '2018-11-06'
- council_reference: DR/88/2019
  address: CA 41B Russell Road, NEILBOROUGH 3570, VIC
  description: Use and development of land for dwelling and outbuilding and removal
    of native vegetation
  info_url: https://epathway.bendigo.vic.gov.au/ePathway/Production/Web/GeneralEnquiry/EnquiryLists.aspx?ModuleCode=LAP
  date_scraped: '2019-05-15'
  date_received: '2019-02-07'
- council_reference: DR/896/2018
  address: Lot 3 Watkins Lane, MIA MIA 3444, VIC
  description: Use and development of the land for a dwelling
  info_url: https://epathway.bendigo.vic.gov.au/ePathway/Production/Web/GeneralEnquiry/EnquiryLists.aspx?ModuleCode=LAP
  date_scraped: '2019-05-15'
  date_received: '2018-11-30'
- council_reference: DR/915/2018
  address: 107 Williams Road, MYERS FLAT 3556, VIC
  description: Use and development of the land for a dwelling, outbuilding and swimming
    pool
  info_url: https://epathway.bendigo.vic.gov.au/ePathway/Production/Web/GeneralEnquiry/EnquiryLists.aspx?ModuleCode=LAP
  date_scraped: '2019-05-15'
  date_received: '2018-12-10'
- council_reference: DR/94/2019
  address: Lot 4 Plantation Road, HEATHCOTE 3523, VIC
  description: Use and development of the land for a dwelling and construction of
    an outbuilding and horse stables
  info_url: https://epathway.bendigo.vic.gov.au/ePathway/Production/Web/GeneralEnquiry/EnquiryLists.aspx?ModuleCode=LAP
  date_scraped: '2019-05-15'
  date_received: '2019-02-13'
- council_reference: DR/943/2018
  address: CA 78 Hogans Road, MANDURANG SOUTH 3551, VIC
  description: Construction of a dwelling and outbuilding, removal of native vegetation
    (retrospective) and earthworks
  info_url: https://epathway.bendigo.vic.gov.au/ePathway/Production/Web/GeneralEnquiry/EnquiryLists.aspx?ModuleCode=LAP
  date_scraped: '2019-05-15'
  date_received: '2018-12-19'
- council_reference: DR/960/2018
  address: 12 Fairy Dell Court, HEATHCOTE 3523, VIC
  description: Demolition of existing buildings and construction of four dwellings
    on a lot
  info_url: https://epathway.bendigo.vic.gov.au/ePathway/Production/Web/GeneralEnquiry/EnquiryLists.aspx?ModuleCode=LAP
  date_scraped: '2019-05-15'
  date_received: '2018-12-21'
- council_reference: DS/141/2016
  address: 1-3 Kathleen Terrace, MAIDEN GULLY 3551, VIC
  description: 2 lot subdivision of land and removal of vegetation
  info_url: https://epathway.bendigo.vic.gov.au/ePathway/Production/Web/GeneralEnquiry/EnquiryLists.aspx?ModuleCode=LAP
  date_scraped: '2019-05-15'
  date_received: '2016-02-23'
- council_reference: DS/169/2019
  address: 427 McPhersons Lane, ARGYLE 3523, VIC
  description: 2 lot subdivision  of land
  info_url: https://epathway.bendigo.vic.gov.au/ePathway/Production/Web/GeneralEnquiry/EnquiryLists.aspx?ModuleCode=LAP
  date_scraped: '2019-05-15'
  date_received: '2019-03-07'
- council_reference: DS/224/2018
  address: 23 Kendall Street, SPRING GULLY 3550, VIC
  description: 3 Lot subdivision
  info_url: https://epathway.bendigo.vic.gov.au/ePathway/Production/Web/GeneralEnquiry/EnquiryLists.aspx?ModuleCode=LAP
  date_scraped: '2019-05-15'
  date_received: '2018-03-28'
- council_reference: DS/249/2019
  address: 67 Ellis Street, FLORA HILL 3550, VIC
  description: Four lot subdivision
  info_url: https://epathway.bendigo.vic.gov.au/ePathway/Production/Web/GeneralEnquiry/EnquiryLists.aspx?ModuleCode=LAP
  date_scraped: '2019-05-15'
  date_received: '2019-04-10'
- council_reference: DS/256/2019
  address: 2 Somerville Road, STRATHFIELDSAYE 3551, VIC
  description: 2 lot subdivision
  info_url: https://epathway.bendigo.vic.gov.au/ePathway/Production/Web/GeneralEnquiry/EnquiryLists.aspx?ModuleCode=LAP
  date_scraped: '2019-05-15'
  date_received: '2019-04-11'
- council_reference: DS/285/2019
  address: 90 Gleesons Road, AXE CREEK 3551, VIC
  description: 2 lot subdivision of land
  info_url: https://epathway.bendigo.vic.gov.au/ePathway/Production/Web/GeneralEnquiry/EnquiryLists.aspx?ModuleCode=LAP
  date_scraped: '2019-05-15'
  date_received: '2019-04-23'
- council_reference: DS/301/2019
  address: 50 Racecourse Road, ASCOT 3551, VIC
  description: Two lot subdivision (boundary realignment)
  info_url: https://epathway.bendigo.vic.gov.au/ePathway/Production/Web/GeneralEnquiry/EnquiryLists.aspx?ModuleCode=LAP
  date_scraped: '2019-05-15'
  date_received: '2019-05-06'
- council_reference: DS/335/2017
  address: 143 MacKenzie Street West, GOLDEN SQUARE 3555, VIC
  description: Subdivide land into 5 lots and construction of a dwelling on each lot
    affected by the LSIO
  info_url: https://epathway.bendigo.vic.gov.au/ePathway/Production/Web/GeneralEnquiry/EnquiryLists.aspx?ModuleCode=LAP
  date_scraped: '2019-05-15'
  date_received: '2017-05-30'
- council_reference: DS/340/2019
  address: 80A Aspinall Street, GOLDEN SQUARE 3555, VIC
  description: Vary restrictive covenant to allow amendment to building envelope
  info_url: https://epathway.bendigo.vic.gov.au/ePathway/Production/Web/GeneralEnquiry/EnquiryLists.aspx?ModuleCode=LAP
  date_scraped: '2019-05-15'
  date_received: '2019-05-17'
- council_reference: DS/365/2019
  address: 52 Bannister Street, NORTH BENDIGO 3550, VIC
  description: 2 lot subdivision of land
  info_url: https://epathway.bendigo.vic.gov.au/ePathway/Production/Web/GeneralEnquiry/EnquiryLists.aspx?ModuleCode=LAP
  date_scraped: '2019-05-15'
  date_received: '2019-05-30'
- council_reference: DS/393/2019
  address: 698 Midland Highway, HUNTLY 3551, VIC
  description: Boundary Realignment
  info_url: https://epathway.bendigo.vic.gov.au/ePathway/Production/Web/GeneralEnquiry/EnquiryLists.aspx?ModuleCode=LAP
  date_scraped: '2019-05-15'
  date_received: '2019-06-11'
- council_reference: DS/407/2019
  address: 168-170 McIvor Road, STRATHDALE 3550, VIC
  description: Boundary realignment, partial removal drainage easement, extension
    to medial centre, additional car parking and access
  info_url: https://epathway.bendigo.vic.gov.au/ePathway/Production/Web/GeneralEnquiry/EnquiryLists.aspx?ModuleCode=LAP
  date_scraped: '2019-05-15'
  date_received: '2019-06-11'
- council_reference: DS/418/2019
  address: 653 Midland Highway, HUNTLY 3551, VIC
  description: Two lot subdivision
  info_url: https://epathway.bendigo.vic.gov.au/ePathway/Production/Web/GeneralEnquiry/EnquiryLists.aspx?ModuleCode=LAP
  date_scraped: '2019-05-15'
  date_received: '2019-06-19'
- council_reference: DS/426/2019
  address: 7 Cotswold Crescent, KENNINGTON 3550, VIC
  description: Three lot subdivision, removal of native vegetation and creation of
    easement
  info_url: https://epathway.bendigo.vic.gov.au/ePathway/Production/Web/GeneralEnquiry/EnquiryLists.aspx?ModuleCode=LAP
  date_scraped: '2019-05-15'
  date_received: '2019-06-19'
- council_reference: DS/464/2019
  address: 93 Rowan Street, BENDIGO 3550, VIC
  description: 2 lot boundary realignment and variation of easements
  info_url: https://epathway.bendigo.vic.gov.au/ePathway/Production/Web/GeneralEnquiry/EnquiryLists.aspx?ModuleCode=LAP
  date_scraped: '2019-05-15'
  date_received: '2019-07-02'
- council_reference: DS/472/2017
  address: 137A Edwards Road, KENNINGTON 3550, VIC
  description: 3 Lot subdivision and removal of native vegetation
  info_url: https://epathway.bendigo.vic.gov.au/ePathway/Production/Web/GeneralEnquiry/EnquiryLists.aspx?ModuleCode=LAP
  date_scraped: '2019-05-15'
  date_received: '2017-07-21'
- council_reference: DS/547/2018
  address: CA 19A Axedale-Crosbie Road, TOOLLEEN 3551, VIC
  description: 3 lot subdivision
  info_url: https://epathway.bendigo.vic.gov.au/ePathway/Production/Web/GeneralEnquiry/EnquiryLists.aspx?ModuleCode=LAP
  date_scraped: '2019-05-15'
  date_received: '2018-08-07'
- council_reference: DS/573/2016
  address: 16 Bosquet Street, WHITE HILLS 3550, VIC
  description: Removal of drainage easement
  info_url: https://epathway.bendigo.vic.gov.au/ePathway/Production/Web/GeneralEnquiry/EnquiryLists.aspx?ModuleCode=LAP
  date_scraped: '2019-05-15'
  date_received: '2016-08-09'
- council_reference: DS/584/2016
  address: 12 MacKenzie Street West, GOLDEN SQUARE 3555, VIC
  description: 2 lot subdivision
  info_url: https://epathway.bendigo.vic.gov.au/ePathway/Production/Web/GeneralEnquiry/EnquiryLists.aspx?ModuleCode=LAP
  date_scraped: '2019-05-15'
  date_received: '2016-08-16'
- council_reference: DS/658/2017
  address: Lot 183 Boxwood Place, STRATHFIELDSAYE 3551, VIC
  description: 15 Lot subdivision and removal of native vegetation and the construction
    of dwellings within the Salinity Management Overlay
  info_url: https://epathway.bendigo.vic.gov.au/ePathway/Production/Web/GeneralEnquiry/EnquiryLists.aspx?ModuleCode=LAP
  date_scraped: '2019-05-15'
  date_received: '2017-10-13'
- council_reference: DS/726/2018
  address: 169-171 Woodward Road, GOLDEN GULLY 3555, VIC
  description: 2 lot subdivision of land
  info_url: https://epathway.bendigo.vic.gov.au/ePathway/Production/Web/GeneralEnquiry/EnquiryLists.aspx?ModuleCode=LAP
  date_scraped: '2019-05-15'
  date_received: '2018-10-01'
- council_reference: DS/850/2017
  address: 76-88 Railway Place South, GOORNONG 3557, VIC
  description: 2 Lot subdivision and removal of native vegetation
  info_url: https://epathway.bendigo.vic.gov.au/ePathway/Production/Web/GeneralEnquiry/EnquiryLists.aspx?ModuleCode=LAP
  date_scraped: '2019-05-15'
  date_received: '2017-12-12'
- council_reference: DS/867/2016
  address: 40 Harley Street, STRATHDALE 3550, VIC
  description: Subdivide land into 13 lots, removal of native vegetation, removal
    and creation of easements, demolition of amenities block, and works within Heritage
    Overlay
  info_url: https://epathway.bendigo.vic.gov.au/ePathway/Production/Web/GeneralEnquiry/EnquiryLists.aspx?ModuleCode=LAP
  date_scraped: '2019-05-15'
  date_received: '2016-11-14'
- council_reference: DS/879/2018
  address: 65 Furness Street, KANGAROO FLAT 3555, VIC
  description: 3 lot subdivision of land and creation of easement
  info_url: https://epathway.bendigo.vic.gov.au/ePathway/Production/Web/GeneralEnquiry/EnquiryLists.aspx?ModuleCode=LAP
  date_scraped: '2019-05-15'
  date_received: '2018-11-23'
- council_reference: DSD/205/2019
  address: 3C Spring Gully Road, QUARRY HILL 3550, VIC
  description: Two lot subdivision and construction of two dwellings
  info_url: https://epathway.bendigo.vic.gov.au/ePathway/Production/Web/GeneralEnquiry/EnquiryLists.aspx?ModuleCode=LAP
  date_scraped: '2019-05-15'
  date_received: '2019-03-22'
- council_reference: DSD/361/2019
  address: 41 Gladstone Street, QUARRY HILL 3550, VIC
  description: Two Lot Subdivision, Construction of a Dwelling, Partial Demolition
    of Existing Dwelling and External Alterations
  info_url: https://epathway.bendigo.vic.gov.au/ePathway/Production/Web/GeneralEnquiry/EnquiryLists.aspx?ModuleCode=LAP
  date_scraped: '2019-05-15'
  date_received: '2019-05-28'
- council_reference: DSD/477/2016
  address: 55 Weeroona Avenue, WHITE HILLS 3550, VIC
  description: Subdivide land into 3 lots, construct 2 dwellings and alter access
    to a Road Zone category 1
  info_url: https://epathway.bendigo.vic.gov.au/ePathway/Production/Web/GeneralEnquiry/EnquiryLists.aspx?ModuleCode=LAP
  date_scraped: '2019-05-15'
  date_received: '2016-07-04'
- council_reference: DSD/521/2018
  address: 50 Mill Street, STRATHDALE 3550, VIC
  description: Four lot subdivision, development of four dwellings and creation of
    an easement
  info_url: https://epathway.bendigo.vic.gov.au/ePathway/Production/Web/GeneralEnquiry/EnquiryLists.aspx?ModuleCode=LAP
  date_scraped: '2019-05-15'
  date_received: '2018-07-31'
- council_reference: DSD/601/2018
  address: 51-57 Monsants Road, MAIDEN GULLY 3551, VIC
  description: 11 lot subdivision, construction of dwellings in land subjet to inundation
    overlay and removal of native vegetation
  info_url: https://epathway.bendigo.vic.gov.au/ePathway/Production/Web/GeneralEnquiry/EnquiryLists.aspx?ModuleCode=LAP
  date_scraped: '2019-05-15'
  date_received: '2018-08-27'
- council_reference: DSD/612/2018
  address: 84 Rowan Street, BENDIGO 3550, VIC
  description: Two lot subdivision and construction of a dwelling
  info_url: https://epathway.bendigo.vic.gov.au/ePathway/Production/Web/GeneralEnquiry/EnquiryLists.aspx?ModuleCode=LAP
  date_scraped: '2019-05-15'
  date_received: '2018-08-29'
- council_reference: DSD/622/2018
  address: 4 Robshaw Street, IRONBARK 3550, VIC
  description: 4 lot subdivision of land and construction of 4 dwellings
  info_url: https://epathway.bendigo.vic.gov.au/ePathway/Production/Web/GeneralEnquiry/EnquiryLists.aspx?ModuleCode=LAP
  date_scraped: '2019-05-15'
  date_received: '2018-09-03'
- council_reference: DSD/729/2018
  address: 14 Race Street, FLORA HILL 3550, VIC
  description: Use and development of the land for two residential buildings (student
    accommodation), development of the land for 4 dwellings and subdivision of the
    land into 6 lots
  info_url: https://epathway.bendigo.vic.gov.au/ePathway/Production/Web/GeneralEnquiry/EnquiryLists.aspx?ModuleCode=LAP
  date_scraped: '2019-05-15'
  date_received: '2018-10-02'
- council_reference: DSD/795/2018
  address: 88-90 Forest Street, BENDIGO 3550, VIC
  description: Demolition of existing dwelling, 3 lot subdivision and development
    of 3 dwellings and associated works
  info_url: https://epathway.bendigo.vic.gov.au/ePathway/Production/Web/GeneralEnquiry/EnquiryLists.aspx?ModuleCode=LAP
  date_scraped: '2019-05-15'
  date_received: '2018-10-25'
- council_reference: DSD/925/2018
  address: 19B John Street, KANGAROO FLAT 3555, VIC
  description: 2 Lot subdivision, construction of two dwellings and removal of native
    vegetation (one tree from road reserve)
  info_url: https://epathway.bendigo.vic.gov.au/ePathway/Production/Web/GeneralEnquiry/EnquiryLists.aspx?ModuleCode=LAP
  date_scraped: '2019-05-15'
  date_received: '2018-12-14'
- council_reference: DU/121/2017
  address: 48 Sandhurst Street, RAYWOOD 3570, VIC
  description: Use of land for a retail premise (Postal agency)
  info_url: https://epathway.bendigo.vic.gov.au/ePathway/Production/Web/GeneralEnquiry/EnquiryLists.aspx?ModuleCode=LAP
  date_scraped: '2019-05-15'
  date_received: '2017-03-03'
- council_reference: DU/24/2019
  address: 76 High Street, HEATHCOTE 3523, VIC
  description: Use of land for a community foodshare business (Heathcote Foodshare),
    works, the display of business identification signage and car parking to the satisfaction
    of the responsible authority
  info_url: https://epathway.bendigo.vic.gov.au/ePathway/Production/Web/GeneralEnquiry/EnquiryLists.aspx?ModuleCode=LAP
  date_scraped: '2019-05-15'
  date_received: '2019-01-15'
- council_reference: DU/272/2019
  address: 129 Charleston Road, BENDIGO 3550, VIC
  description: Use of land for motor vehicle sales and repairs and car parking
  info_url: https://epathway.bendigo.vic.gov.au/ePathway/Production/Web/GeneralEnquiry/EnquiryLists.aspx?ModuleCode=LAP
  date_scraped: '2019-05-15'
  date_received: '2019-04-16'
- council_reference: DU/3/2019
  address: 19 Deborah Street, GOLDEN SQUARE 3555, VIC
  description: Use of land for animal keeping (dog day care)
  info_url: https://epathway.bendigo.vic.gov.au/ePathway/Production/Web/GeneralEnquiry/EnquiryLists.aspx?ModuleCode=LAP
  date_scraped: '2019-05-15'
  date_received: '2018-12-21'
- council_reference: DU/350/2018
  address: 2-14 Baker Street, EAST BENDIGO 3550, VIC
  description: Use and development of land comprising of the placement of 10,000 cubic
    metres of fill
  info_url: https://epathway.bendigo.vic.gov.au/ePathway/Production/Web/GeneralEnquiry/EnquiryLists.aspx?ModuleCode=LAP
  date_scraped: '2019-05-15'
  date_received: '2018-05-16'
- council_reference: DU/352/2018
  address: 29 Bayne Street, NORTH BENDIGO 3550, VIC
  description: Use of the land for a food and drink premises (restaurant) including
    the serving and consumption of alcohol, construction of a deck and display sign
  info_url: https://epathway.bendigo.vic.gov.au/ePathway/Production/Web/GeneralEnquiry/EnquiryLists.aspx?ModuleCode=LAP
  date_scraped: '2019-05-15'
  date_received: '2018-05-16'
- council_reference: DU/399/2017
  address: 59 Finn Street, NORTH BENDIGO 3550, VIC
  description: Use land for warehousing (trucks, truck trailers and associated materials)
    and works
  info_url: https://epathway.bendigo.vic.gov.au/ePathway/Production/Web/GeneralEnquiry/EnquiryLists.aspx?ModuleCode=LAP
  date_scraped: '2019-05-15'
  date_received: '2017-06-21'
- council_reference: DU/422/2019
  address: 126 Rohs Road, EAST BENDIGO 3550, VIC
  description: Use of land for agriculture
  info_url: https://epathway.bendigo.vic.gov.au/ePathway/Production/Web/GeneralEnquiry/EnquiryLists.aspx?ModuleCode=LAP
  date_scraped: '2019-05-15'
  date_received: '2019-06-18'
- council_reference: DU/58/2019
  address: 108 Lowndes Street, KENNINGTON 3550, VIC
  description: Use of land for restricted recreation facility (gymnasium) and car
    parking to the satisfaction of the responsible authority
  info_url: https://epathway.bendigo.vic.gov.au/ePathway/Production/Web/GeneralEnquiry/EnquiryLists.aspx?ModuleCode=LAP
  date_scraped: '2019-05-15'
  date_received: '2019-01-29'
- council_reference: DU/680/2018
  address: 62-64 Victa Road, EAST BENDIGO 3550, VIC
  description: Use of land for materials recycling
  info_url: https://epathway.bendigo.vic.gov.au/ePathway/Production/Web/GeneralEnquiry/EnquiryLists.aspx?ModuleCode=LAP
  date_scraped: '2019-05-15'
  date_received: '2018-09-17'
- council_reference: DU/93/2019
  address: 116 Wills Street, BENDIGO 3550, VIC
  description: Use of land for a dwelling, alterations to building, demolition of
    carport and construction of new carport
  info_url: https://epathway.bendigo.vic.gov.au/ePathway/Production/Web/GeneralEnquiry/EnquiryLists.aspx?ModuleCode=LAP
  date_scraped: '2019-05-15'
  date_received: '2019-02-11'
- council_reference: DV/304/2019
  address: Lockington Road, VIC
  description: Removal of native vegetation in road reserve
  info_url: https://epathway.bendigo.vic.gov.au/ePathway/Production/Web/GeneralEnquiry/EnquiryLists.aspx?ModuleCode=LAP
  date_scraped: '2019-05-15'
  date_received: '2019-05-07'
- council_reference: DV/312/2019
  address: Olympic Parade, VIC
  description: Removal of vegetation (to facilitate drainage works)
  info_url: https://epathway.bendigo.vic.gov.au/ePathway/Production/Web/GeneralEnquiry/EnquiryLists.aspx?ModuleCode=LAP
  date_scraped: '2019-05-15'
  date_received: '2019-05-08'
