---
- council_reference: 168/2019/P
  address: 539 - 541 Balfours Road GRANITE ROCK, VIC
  description: Two lot realignment
  info_url: https://epathway.egipps.vic.gov.au/ePathway/Production/Web/GeneralEnquiry/EnquiryLists.aspx?ModuleCode=LAP
  date_scraped: '2019-05-15'
  date_received: '2019-06-18'
- council_reference: 169/2019/P
  address: 285 Nicholson-Sarsfield Road NICHOLSON, VIC
  description: Multiple lot staged subdivision and roadworks
  info_url: https://epathway.egipps.vic.gov.au/ePathway/Production/Web/GeneralEnquiry/EnquiryLists.aspx?ModuleCode=LAP
  date_scraped: '2019-05-15'
  date_received: '2019-06-18'
- council_reference: 170/2019/P
  address: 13 Merrangbaur Street LAKES ENTRANCE, VIC
  description: Development of a dwelling
  info_url: https://epathway.egipps.vic.gov.au/ePathway/Production/Web/GeneralEnquiry/EnquiryLists.aspx?ModuleCode=LAP
  date_scraped: '2019-05-15'
  date_received: '2019-06-24'
- council_reference: 171/2019/P
  address: 69 & 71-73 Bastion Point Road MALLACOOTA, VIC
  description: Two lot realignment
  info_url: https://epathway.egipps.vic.gov.au/ePathway/Production/Web/GeneralEnquiry/EnquiryLists.aspx?ModuleCode=LAP
  date_scraped: '2019-05-15'
  date_received: '2019-06-25'
- council_reference: 172/2019/P
  address: 140 Stirling Road METUNG, VIC
  description: Development of a dwelling
  info_url: https://epathway.egipps.vic.gov.au/ePathway/Production/Web/GeneralEnquiry/EnquiryLists.aspx?ModuleCode=LAP
  date_scraped: '2019-05-15'
  date_received: '2019-06-26'
- council_reference: 173/2019/P
  address: 2/14 Allan Drive MALLACOOTA, VIC
  description: Sale and consumption of liquor (Caf√© and restaurant license)
  info_url: https://epathway.egipps.vic.gov.au/ePathway/Production/Web/GeneralEnquiry/EnquiryLists.aspx?ModuleCode=LAP
  date_scraped: '2019-05-15'
  date_received: '2019-06-27'
- council_reference: 174/2019/P
  address: 185 Clifton West Road MOUNT TAYLOR, VIC
  description: Development of a farm shed
  info_url: https://epathway.egipps.vic.gov.au/ePathway/Production/Web/GeneralEnquiry/EnquiryLists.aspx?ModuleCode=LAP
  date_scraped: '2019-05-15'
  date_received: '2019-06-25'
- council_reference: 175/2019/P
  address: 2 Watts Road NICHOLSON, VIC
  description: Development of a dwelling
  info_url: https://epathway.egipps.vic.gov.au/ePathway/Production/Web/GeneralEnquiry/EnquiryLists.aspx?ModuleCode=LAP
  date_scraped: '2019-05-15'
  date_received: '2019-06-28'
- council_reference: 176/2019/P
  address: 3046 Benambra-Corryong Road BENAMBRA, VIC
  description: Two lot realignment
  info_url: https://epathway.egipps.vic.gov.au/ePathway/Production/Web/GeneralEnquiry/EnquiryLists.aspx?ModuleCode=LAP
  date_scraped: '2019-05-15'
  date_received: '2019-06-27'
- council_reference: 177/2019/P
  address: 150 Baades Road LAKES ENTRANCE, VIC
  description: Development to complete a partially constructed dwelling
  info_url: https://epathway.egipps.vic.gov.au/ePathway/Production/Web/GeneralEnquiry/EnquiryLists.aspx?ModuleCode=LAP
  date_scraped: '2019-05-15'
  date_received: '2019-07-01'
- council_reference: 178/2019/P
  address: 440 O'Dohertys Road CALULU, VIC
  description: Development of a farm shed
  info_url: https://epathway.egipps.vic.gov.au/ePathway/Production/Web/GeneralEnquiry/EnquiryLists.aspx?ModuleCode=LAP
  date_scraped: '2019-05-15'
  date_received: '2019-06-28'
- council_reference: 179/2019/P
  address: 385 Mount Lookout Road & 205 Beynons Road ELLASWOOD, VIC
  description: Two lot re-alignment
  info_url: https://epathway.egipps.vic.gov.au/ePathway/Production/Web/GeneralEnquiry/EnquiryLists.aspx?ModuleCode=LAP
  date_scraped: '2019-05-15'
  date_received: '2019-06-28'
- council_reference: 180/2019/P
  address: 223 Birrells Road NEWLANDS ARM, VIC
  description: Two lot subdivision & Vegetation Removal
  info_url: https://epathway.egipps.vic.gov.au/ePathway/Production/Web/GeneralEnquiry/EnquiryLists.aspx?ModuleCode=LAP
  date_scraped: '2019-05-15'
  date_received: '2019-07-01'
- council_reference: 181/2019/P
  address: 2500 Princes Highway LINDENOW SOUTH, VIC
  description: Creation of access to a road in RDZ1 (installation of farm gate)
  info_url: https://epathway.egipps.vic.gov.au/ePathway/Production/Web/GeneralEnquiry/EnquiryLists.aspx?ModuleCode=LAP
  date_scraped: '2019-05-15'
  date_received: '2019-07-02'
- council_reference: 182/2019/P
  address: Chips Creek Track DEPTFORD, VIC
  description: Retrospective removal of native vegetation
  info_url: https://epathway.egipps.vic.gov.au/ePathway/Production/Web/GeneralEnquiry/EnquiryLists.aspx?ModuleCode=LAP
  date_scraped: '2019-05-15'
  date_received: '2019-07-03'
- council_reference: 183/2019/P
  address: 4 Davidson Drive WY YUNG, VIC
  description: Development of a dwelling and shed
  info_url: https://epathway.egipps.vic.gov.au/ePathway/Production/Web/GeneralEnquiry/EnquiryLists.aspx?ModuleCode=LAP
  date_scraped: '2019-05-15'
  date_received: '2019-06-28'
- council_reference: 184/2019/P
  address: 9 Unnamed 7 Road MOSSIFACE, VIC
  description: Use and development of a dwelling and shed
  info_url: https://epathway.egipps.vic.gov.au/ePathway/Production/Web/GeneralEnquiry/EnquiryLists.aspx?ModuleCode=LAP
  date_scraped: '2019-05-15'
  date_received: '2019-06-28'
- council_reference: 185/2019/P
  address: 100 Racecourse Road BAIRNSDALE, VIC
  description: Two lot subdivision
  info_url: https://epathway.egipps.vic.gov.au/ePathway/Production/Web/GeneralEnquiry/EnquiryLists.aspx?ModuleCode=LAP
  date_scraped: '2019-05-15'
  date_received: '2019-07-03'
- council_reference: 186/2019/P
  address: 120 Settlement Road LINDENOW, VIC
  description: Shed extension & veranda and deck
  info_url: https://epathway.egipps.vic.gov.au/ePathway/Production/Web/GeneralEnquiry/EnquiryLists.aspx?ModuleCode=LAP
  date_scraped: '2019-05-15'
  date_received: '2019-07-03'
- council_reference: 187/2019/P
  address: 515 Lindenow-Glenaladale Road LINDENOW SOUTH, VIC
  description: Use and development of land for a dwelling and creation of access to
    a road in RDZ1
  info_url: https://epathway.egipps.vic.gov.au/ePathway/Production/Web/GeneralEnquiry/EnquiryLists.aspx?ModuleCode=LAP
  date_scraped: '2019-05-15'
  date_received: '2019-07-10'
- council_reference: 188/2019/P
  address: Sperm Whale Head Jetty, VIC
  description: Replacement of a jetty
  info_url: https://epathway.egipps.vic.gov.au/ePathway/Production/Web/GeneralEnquiry/EnquiryLists.aspx?ModuleCode=LAP
  date_scraped: '2019-05-15'
  date_received: '2019-07-09'
- council_reference: 189/2019/P
  address: 245 Avonmore Road BINDI, VIC
  description: Three lot subdivision (restructure)
  info_url: https://epathway.egipps.vic.gov.au/ePathway/Production/Web/GeneralEnquiry/EnquiryLists.aspx?ModuleCode=LAP
  date_scraped: '2019-05-15'
  date_received: '2019-07-05'
- council_reference: 190/2019/P
  address: 37A Grant Street BAIRNSDALE, VIC
  description: Use of land for an education centre and reduction of car parking spaces
    to be provided
  info_url: https://epathway.egipps.vic.gov.au/ePathway/Production/Web/GeneralEnquiry/EnquiryLists.aspx?ModuleCode=LAP
  date_scraped: '2019-05-15'
  date_received: '2019-07-09'
- council_reference: 191/2019/P
  address: 113 Mirrabooka Road MALLACOOTA, VIC
  description: Development of a dwelling, carport and shed
  info_url: https://epathway.egipps.vic.gov.au/ePathway/Production/Web/GeneralEnquiry/EnquiryLists.aspx?ModuleCode=LAP
  date_scraped: '2019-05-15'
  date_received: '2019-07-08'
- council_reference: 192/2019/P
  address: 54 Lakeside Drive LAKE TYERS BEACH, VIC
  description: Development of a dwelling
  info_url: https://epathway.egipps.vic.gov.au/ePathway/Production/Web/GeneralEnquiry/EnquiryLists.aspx?ModuleCode=LAP
  date_scraped: '2019-05-15'
  date_received: '2019-07-08'
- council_reference: 193/2019/P
  address: 218 Nicholson Street BAIRNSDALE, VIC
  description: Two lot subdivision
  info_url: https://epathway.egipps.vic.gov.au/ePathway/Production/Web/GeneralEnquiry/EnquiryLists.aspx?ModuleCode=LAP
  date_scraped: '2019-05-15'
  date_received: '2019-07-12'
- council_reference: 194/2019/P
  address: 30 Kennedy Court BRUTHEN, VIC
  description: Development of a dwelling
  info_url: https://epathway.egipps.vic.gov.au/ePathway/Production/Web/GeneralEnquiry/EnquiryLists.aspx?ModuleCode=LAP
  date_scraped: '2019-05-15'
  date_received: '2019-07-12'
- council_reference: 195/2019/P
  address: 105 Gold Ring Road LAKE BUNGA, VIC
  description: Development of a dwelling
  info_url: https://epathway.egipps.vic.gov.au/ePathway/Production/Web/GeneralEnquiry/EnquiryLists.aspx?ModuleCode=LAP
  date_scraped: '2019-05-15'
  date_received: '2019-07-15'
- council_reference: 196/2019/P
  address: 40 Coxs Road CALULU, VIC
  description: Use and development of land for a dwelling
  info_url: https://epathway.egipps.vic.gov.au/ePathway/Production/Web/GeneralEnquiry/EnquiryLists.aspx?ModuleCode=LAP
  date_scraped: '2019-05-15'
  date_received: '2019-07-15'
- council_reference: 197/2019/P
  address: 12 Lake Shore Drive NEWLANDS ARM, VIC
  description: Development of a dwelling, carport and pool
  info_url: https://epathway.egipps.vic.gov.au/ePathway/Production/Web/GeneralEnquiry/EnquiryLists.aspx?ModuleCode=LAP
  date_scraped: '2019-05-15'
  date_received: '2019-07-16'
- council_reference: 198/2019/P
  address: ", VIC"
  description: Construction of shade sails
  info_url: https://epathway.egipps.vic.gov.au/ePathway/Production/Web/GeneralEnquiry/EnquiryLists.aspx?ModuleCode=LAP
  date_scraped: '2019-05-15'
  date_received: '2019-07-11'
- council_reference: 204/2012/P/A
  address: 2971 Princes Highway KALIMNA WEST, VIC
  description: Staged construction of four storage buildings
  info_url: https://epathway.egipps.vic.gov.au/ePathway/Production/Web/GeneralEnquiry/EnquiryLists.aspx?ModuleCode=LAP
  date_scraped: '2019-05-15'
  date_received: '2019-07-09'
- council_reference: 335/2012/P/C
  address: 717 Wy Yung-Calulu Road CALULU, VIC
  description: Amend planning permit to allow up to 12 private functions per year
    and to increase hours and to allow more than 100 patrons with prior consent of
    Council
  info_url: https://epathway.egipps.vic.gov.au/ePathway/Production/Web/GeneralEnquiry/EnquiryLists.aspx?ModuleCode=LAP
  date_scraped: '2019-05-15'
  date_received: '2019-06-27'
- council_reference: 46/2019/VIC
  address: 145 Mittons Road HILLSIDE, VIC
  description: Development of a shed
  info_url: https://epathway.egipps.vic.gov.au/ePathway/Production/Web/GeneralEnquiry/EnquiryLists.aspx?ModuleCode=LAP
  date_scraped: '2019-05-15'
  date_received: '2019-06-28'
- council_reference: 47/2019/VIC
  address: 53 Boyd Court EAGLE POINT, VIC
  description: Development of a veranda and carport
  info_url: https://epathway.egipps.vic.gov.au/ePathway/Production/Web/GeneralEnquiry/EnquiryLists.aspx?ModuleCode=LAP
  date_scraped: '2019-05-15'
  date_received: '2019-06-28'
- council_reference: 48/2019/VIC
  address: 1105 Bullumwaal Road MOUNT TAYLOR, VIC
  description: Dwelling extension
  info_url: https://epathway.egipps.vic.gov.au/ePathway/Production/Web/GeneralEnquiry/EnquiryLists.aspx?ModuleCode=LAP
  date_scraped: '2019-05-15'
  date_received: '2019-07-02'
- council_reference: 50/2019/VIC
  address: 112-118 Great Alpine Road LUCKNOW, VIC
  description: Removal of existing fencing and construction of new fencing
  info_url: https://epathway.egipps.vic.gov.au/ePathway/Production/Web/GeneralEnquiry/EnquiryLists.aspx?ModuleCode=LAP
  date_scraped: '2019-05-15'
  date_received: '2019-07-11'
- council_reference: 51/2019/VIC
  address: 47 Albatross Road KALIMNA, VIC
  description: Dwelling extension (Deck and spa)
  info_url: https://epathway.egipps.vic.gov.au/ePathway/Production/Web/GeneralEnquiry/EnquiryLists.aspx?ModuleCode=LAP
  date_scraped: '2019-05-15'
  date_received: '2019-07-10'
- council_reference: 518/2011/P/A
  address: 31 Tamhaven Drive SWAN REACH, VIC
  description: Staged subdivision of land into 37 lots and removal of vegetation
  info_url: https://epathway.egipps.vic.gov.au/ePathway/Production/Web/GeneralEnquiry/EnquiryLists.aspx?ModuleCode=LAP
  date_scraped: '2019-05-15'
  date_received: '2019-07-18'
- council_reference: 52/2019/VIC
  address: 8 Lake Fair Rise NEWLANDS ARM, VIC
  description: Development of a shed
  info_url: https://epathway.egipps.vic.gov.au/ePathway/Production/Web/GeneralEnquiry/EnquiryLists.aspx?ModuleCode=LAP
  date_scraped: '2019-05-15'
  date_received: '2019-07-08'
- council_reference: 53/2019/VIC
  address: 444 Great Alpine Road LUCKNOW, VIC
  description: Development of a shed
  info_url: https://epathway.egipps.vic.gov.au/ePathway/Production/Web/GeneralEnquiry/EnquiryLists.aspx?ModuleCode=LAP
  date_scraped: '2019-05-15'
  date_received: '2019-07-10'
- council_reference: 54/2019/VIC
  address: 196 Mount Lookout Road MOUNT TAYLOR, VIC
  description: Development of a shed
  info_url: https://epathway.egipps.vic.gov.au/ePathway/Production/Web/GeneralEnquiry/EnquiryLists.aspx?ModuleCode=LAP
  date_scraped: '2019-05-15'
  date_received: '2019-07-04'
- council_reference: 55/2019/VIC
  address: 40 Irvines Lane ORBOST, VIC
  description: Development of a farm shed
  info_url: https://epathway.egipps.vic.gov.au/ePathway/Production/Web/GeneralEnquiry/EnquiryLists.aspx?ModuleCode=LAP
  date_scraped: '2019-05-15'
  date_received: '2019-07-15'
- council_reference: 56/2019/VIC
  address: 22 Besley Close METUNG, VIC
  description: Removal of one tree
  info_url: https://epathway.egipps.vic.gov.au/ePathway/Production/Web/GeneralEnquiry/EnquiryLists.aspx?ModuleCode=LAP
  date_scraped: '2019-05-15'
  date_received: '2019-07-18'
- council_reference: 98/2018/VIC/A
  address: 97 Albatross Road KALIMNA, VIC
  description: Development of an outbuilding (shed)
  info_url: https://epathway.egipps.vic.gov.au/ePathway/Production/Web/GeneralEnquiry/EnquiryLists.aspx?ModuleCode=LAP
  date_scraped: '2019-05-15'
  date_received: '2019-06-27'
