---
- council_reference: 2012-4/A
  address: 7900 Goulburn Valley Highway KIALLA VIC 3631
  description: |-
    Amend permit preamble to include extension of trading hours pursuant to clause 52.27.
    Amend condition 3 of the permit to allow extension of trading hours.
    Amend permit to include permission under clause 52.27 to extend trading hours.
  info_url: https://eservices.greatershepparton.com.au/ePathway/Production/Web/GeneralEnquiry/EnquiryLists.aspx?ModuleCode=LAP
  date_scraped: '2019-05-15'
  date_received: '2019-08-12'
- council_reference: 2017-88/C
  address: 7765 Goulburn Valley Highway KIALLA VIC 3631
  description: the use of land for an additional 7 display homes and additional 14
    car parking spaces and a change of orientation of 4 display home sites.
  info_url: https://eservices.greatershepparton.com.au/ePathway/Production/Web/GeneralEnquiry/EnquiryLists.aspx?ModuleCode=LAP
  date_scraped: '2019-05-15'
  date_received: '2019-08-14'
- council_reference: 2018-144/A
  address: 105 Old Weir Road MURCHISON VIC 3610
  description: use and development for a reception centre in the Farming Zone and
    Bushfire Management Overlay
  info_url: https://eservices.greatershepparton.com.au/ePathway/Production/Web/GeneralEnquiry/EnquiryLists.aspx?ModuleCode=LAP
  date_scraped: '2019-05-15'
  date_received: '2019-08-15'
- council_reference: 2018-344/A
  address: 112-116 The Boulevard SHEPPARTON VIC 3630
  description: A staged seven lot subdivision in the General Residential Zone, Floodway
    Overlay, Land Subject to Inundation Overlay and Bushfire Management Overlay
  info_url: https://eservices.greatershepparton.com.au/ePathway/Production/Web/GeneralEnquiry/EnquiryLists.aspx?ModuleCode=LAP
  date_scraped: '2019-05-15'
  date_received: '2019-08-07'
- council_reference: 2018-353/A
  address: 123-129 Maude Street SHEPPARTON VIC 3630
  description: use and development of land for a secondary school and waiver of associated
    car parking
  info_url: https://eservices.greatershepparton.com.au/ePathway/Production/Web/GeneralEnquiry/EnquiryLists.aspx?ModuleCode=LAP
  date_scraped: '2019-05-15'
  date_received: '2019-07-31'
- council_reference: 2019-192
  address: 61 Rudd Road SHEPPARTON VIC 3630
  description: Construction of a Golf Cart Storage Shed in the Farming Zone
  info_url: https://eservices.greatershepparton.com.au/ePathway/Production/Web/GeneralEnquiry/EnquiryLists.aspx?ModuleCode=LAP
  date_scraped: '2019-05-15'
  date_received: '2019-07-22'
- council_reference: 2019-193
  address: Kialla Landfill Kialla Tip Road KIALLA VIC 3631
  description: Buildings and works for a shade house in the Urban Floodway Zone and
    Bushfire Management Overlay
  info_url: https://eservices.greatershepparton.com.au/ePathway/Production/Web/GeneralEnquiry/EnquiryLists.aspx?ModuleCode=LAP
  date_scraped: '2019-05-15'
  date_received: '2019-07-22'
- council_reference: 2019-194
  address: 180 Riverview Drive KIALLA VIC 3631
  description: Storage of shipping containers and skip bins, and the temporary use
    of the land for wood storage and sale during winter
  info_url: https://eservices.greatershepparton.com.au/ePathway/Production/Web/GeneralEnquiry/EnquiryLists.aspx?ModuleCode=LAP
  date_scraped: '2019-05-15'
  date_received: '2019-07-24'
- council_reference: 2019-195
  address: 44 Wanganui Road SHEPPARTON NORTH VIC 3631
  description: buildings and works in the Industrial 1 Zone for a toilet
  info_url: https://eservices.greatershepparton.com.au/ePathway/Production/Web/GeneralEnquiry/EnquiryLists.aspx?ModuleCode=LAP
  date_scraped: '2019-05-15'
  date_received: '2019-07-24'
- council_reference: 2019-196
  address: 350 Orrvale Road ORRVALE VIC 3631
  description: Construction of a Verandah in the Farming Zone
  info_url: https://eservices.greatershepparton.com.au/ePathway/Production/Web/GeneralEnquiry/EnquiryLists.aspx?ModuleCode=LAP
  date_scraped: '2019-05-15'
  date_received: '2019-07-25'
- council_reference: 2019-197
  address: 39 Edward Street SHEPPARTON VIC 3630
  description: Construction of Two (2) Dwellings and Two (2) Lot Subdivision in the
    Activity Centre Zone
  info_url: https://eservices.greatershepparton.com.au/ePathway/Production/Web/GeneralEnquiry/EnquiryLists.aspx?ModuleCode=LAP
  date_scraped: '2019-05-15'
  date_received: '2019-07-26'
- council_reference: 2019-198
  address: 265 Zeerust Road ZEERUST VIC 3634
  description: Use for Animal Boarding (Kennel) in the Farming Zone
  info_url: https://eservices.greatershepparton.com.au/ePathway/Production/Web/GeneralEnquiry/EnquiryLists.aspx?ModuleCode=LAP
  date_scraped: '2019-05-15'
  date_received: '2019-07-26'
- council_reference: 2019-199
  address: 195 Springvale Road MERRIGUM VIC 3618
  description: Road Opening Permit
  info_url: https://eservices.greatershepparton.com.au/ePathway/Production/Web/GeneralEnquiry/EnquiryLists.aspx?ModuleCode=LAP
  date_scraped: '2019-05-15'
  date_received: '2019-07-29'
- council_reference: 2019-200
  address: 25 Killarney Crescent TATURA VIC 3616
  description: Buildings and works for a shed in the General Residential Zone
  info_url: https://eservices.greatershepparton.com.au/ePathway/Production/Web/GeneralEnquiry/EnquiryLists.aspx?ModuleCode=LAP
  date_scraped: '2019-05-15'
  date_received: '2019-07-29'
- council_reference: 2019-201
  address: 559 Zeerust Road BUNBARTHA VIC 3634
  description: Extension of Existing Shed
  info_url: https://eservices.greatershepparton.com.au/ePathway/Production/Web/GeneralEnquiry/EnquiryLists.aspx?ModuleCode=LAP
  date_scraped: '2019-05-15'
  date_received: '2019-07-30'
- council_reference: 2019-202
  address: 46 Dunrobin Street SHEPPARTON VIC 3630
  description: Construction of Two (2) Dwellings (Town Houses) and a Two (2) Lot Subdivision
    in the General Residential Zone
  info_url: https://eservices.greatershepparton.com.au/ePathway/Production/Web/GeneralEnquiry/EnquiryLists.aspx?ModuleCode=LAP
  date_scraped: '2019-05-15'
  date_received: '2019-07-30'
- council_reference: 2019-203
  address: 110-112 Waverley Avenue MERRIGUM VIC 3618
  description: To chage the use of the building from a class residential 1a to residential
    1b
  info_url: https://eservices.greatershepparton.com.au/ePathway/Production/Web/GeneralEnquiry/EnquiryLists.aspx?ModuleCode=LAP
  date_scraped: '2019-05-15'
  date_received: '2019-07-30'
- council_reference: 2019-204
  address: 86 Settlers Drive KIALLA VIC 3631
  description: Carport
  info_url: https://eservices.greatershepparton.com.au/ePathway/Production/Web/GeneralEnquiry/EnquiryLists.aspx?ModuleCode=LAP
  date_scraped: '2019-05-15'
  date_received: '2019-07-31'
- council_reference: 2019-205
  address: 54 Apollo Drive SHEPPARTON VIC 3630
  description: Buildings and works for a carport in the Industrial 1 Zone
  info_url: https://eservices.greatershepparton.com.au/ePathway/Production/Web/GeneralEnquiry/EnquiryLists.aspx?ModuleCode=LAP
  date_scraped: '2019-05-15'
  date_received: '2019-07-31'
- council_reference: 2019-206
  address: 426 Mitchell Road KIALLA VIC 3631
  description: Shed
  info_url: https://eservices.greatershepparton.com.au/ePathway/Production/Web/GeneralEnquiry/EnquiryLists.aspx?ModuleCode=LAP
  date_scraped: '2019-05-15'
  date_received: '2019-07-31'
- council_reference: 2019-207
  address: 5 Edgewater Road KIALLA VIC 3631
  description: Buildings and works for a shed in the Urban Floodway Zone
  info_url: https://eservices.greatershepparton.com.au/ePathway/Production/Web/GeneralEnquiry/EnquiryLists.aspx?ModuleCode=LAP
  date_scraped: '2019-05-15'
  date_received: '2019-08-05'
- council_reference: 2019-208
  address: 520 River Road MURCHISON NORTH VIC 3610
  description: Storage Shed
  info_url: https://eservices.greatershepparton.com.au/ePathway/Production/Web/GeneralEnquiry/EnquiryLists.aspx?ModuleCode=LAP
  date_scraped: '2019-05-15'
  date_received: '2019-08-06'
- council_reference: 2019-209
  address: 89A Mary Street DOOKIE VIC 3646
  description: Removal of vegetation in the Salinity Management Overlay
  info_url: https://eservices.greatershepparton.com.au/ePathway/Production/Web/GeneralEnquiry/EnquiryLists.aspx?ModuleCode=LAP
  date_scraped: '2019-05-15'
  date_received: '2019-08-06'
- council_reference: 2019-210
  address: 2500 Midland Highway COSGROVE SOUTH VIC 3631
  description: Buildings and works for the installation of a shade sail in the Farming
    Zone
  info_url: https://eservices.greatershepparton.com.au/ePathway/Production/Web/GeneralEnquiry/EnquiryLists.aspx?ModuleCode=LAP
  date_scraped: '2019-05-15'
  date_received: '2019-08-06'
- council_reference: 2019-211
  address: 121 Sobraon Street SHEPPARTON VIC 3630
  description: Three (3) Lot Subdivision and Construction of Three (3) Dwellings in
    the Residential Growth Zone
  info_url: https://eservices.greatershepparton.com.au/ePathway/Production/Web/GeneralEnquiry/EnquiryLists.aspx?ModuleCode=LAP
  date_scraped: '2019-05-15'
  date_received: '2019-08-06'
- council_reference: 2019-212
  address: 118 McPhees Road SHEPPARTON VIC 3630
  description: Two Lot Subdivision (House Lot Excision) in the Farming Zone and Urban
    Floodway Zone
  info_url: https://eservices.greatershepparton.com.au/ePathway/Production/Web/GeneralEnquiry/EnquiryLists.aspx?ModuleCode=LAP
  date_scraped: '2019-05-15'
  date_received: '2019-08-07'
- council_reference: 2019-213
  address: 120 Baulch Road TOOLAMBA VIC 3614
  description: use and development in the Farming Zone and Floodway Overlay for a
    shed extension for Walnut processing and packaging
  info_url: https://eservices.greatershepparton.com.au/ePathway/Production/Web/GeneralEnquiry/EnquiryLists.aspx?ModuleCode=LAP
  date_scraped: '2019-05-15'
  date_received: '2019-08-07'
- council_reference: 2019-214
  address: 410 Buffalo Swamp Road MURCHISON VIC 3610
  description: Buildings and works for the replacement of a hay shed on the Salinity
    Management Overlay
  info_url: https://eservices.greatershepparton.com.au/ePathway/Production/Web/GeneralEnquiry/EnquiryLists.aspx?ModuleCode=LAP
  date_scraped: '2019-05-15'
  date_received: '2019-08-07'
- council_reference: 2019-215
  address: 100 Dhurringile Road TATURA VIC 3616
  description: 2 lot subdivision in the Farming Zone and Land Subject to Inundation
    Overlay
  info_url: https://eservices.greatershepparton.com.au/ePathway/Production/Web/GeneralEnquiry/EnquiryLists.aspx?ModuleCode=LAP
  date_scraped: '2019-05-15'
  date_received: '2019-08-08'
- council_reference: 2019-216
  address: 6 MacIsaac Road MOOROOPNA VIC 3629
  description: Use of land for a restricted recreation facility in the Commercial
    1 Zone
  info_url: https://eservices.greatershepparton.com.au/ePathway/Production/Web/GeneralEnquiry/EnquiryLists.aspx?ModuleCode=LAP
  date_scraped: '2019-05-15'
  date_received: '2019-08-08'
- council_reference: 2019-217
  address: 4 Stevenson Street MURCHISON VIC 3610
  description: External painting in the Heritage Overlay
  info_url: https://eservices.greatershepparton.com.au/ePathway/Production/Web/GeneralEnquiry/EnquiryLists.aspx?ModuleCode=LAP
  date_scraped: '2019-05-15'
  date_received: '2019-08-08'
- council_reference: 2019-219
  address: 33 Hoskin Street SHEPPARTON VIC 3630
  description: New water main
  info_url: https://eservices.greatershepparton.com.au/ePathway/Production/Web/GeneralEnquiry/EnquiryLists.aspx?ModuleCode=LAP
  date_scraped: '2019-05-15'
  date_received: '2019-08-14'
- council_reference: 2019-220
  address: 13A Callister Street SHEPPARTON VIC 3630
  description: Change of Use (Gymnasium) in the Activity Centre Zone
  info_url: https://eservices.greatershepparton.com.au/ePathway/Production/Web/GeneralEnquiry/EnquiryLists.aspx?ModuleCode=LAP
  date_scraped: '2019-05-15'
  date_received: '2019-08-14'
- council_reference: 2019-221
  address: 1200 Girgarre East Road GIRGARRE EAST VIC 3616
  description: House Lot Excision
  info_url: https://eservices.greatershepparton.com.au/ePathway/Production/Web/GeneralEnquiry/EnquiryLists.aspx?ModuleCode=LAP
  date_scraped: '2019-05-15'
  date_received: '2019-08-12'
- council_reference: 2019-222
  address: 8 Wyndham Street SHEPPARTON VIC 3630
  description: Change of Signage
  info_url: https://eservices.greatershepparton.com.au/ePathway/Production/Web/GeneralEnquiry/EnquiryLists.aspx?ModuleCode=LAP
  date_scraped: '2019-05-15'
  date_received: '2019-08-13'
- council_reference: 2019-223
  address: 15 Provincial Crescent SHEPPARTON VIC 3630
  description: buildings and works in the Industrial 1 Zone and Design and Development
    Overlay 1 and waiver of car parking requirements
  info_url: https://eservices.greatershepparton.com.au/ePathway/Production/Web/GeneralEnquiry/EnquiryLists.aspx?ModuleCode=LAP
  date_scraped: '2019-05-15'
  date_received: '2019-08-13'
- council_reference: 2019-224
  address: 10/310 High Street SHEPPARTON VIC 3630
  description: buildings and works in the Activity Centre Zone for an entry portico
    and car park shade sails
  info_url: https://eservices.greatershepparton.com.au/ePathway/Production/Web/GeneralEnquiry/EnquiryLists.aspx?ModuleCode=LAP
  date_scraped: '2019-05-15'
  date_received: '2019-08-14'
- council_reference: 2019-225
  address: 255 Coach Road KIALLA EAST VIC 3631
  description: Dwelling in the Bushfire Management Overlay
  info_url: https://eservices.greatershepparton.com.au/ePathway/Production/Web/GeneralEnquiry/EnquiryLists.aspx?ModuleCode=LAP
  date_scraped: '2019-05-15'
  date_received: '2019-08-14'
- council_reference: 2019-226
  address: 67-71 Mary Street DOOKIE VIC 3646
  description: use of land for informal outdoor recreation (rail trail), removal of
    vegetation in the Salinity Management Overlay and removal of native vegetation
    under 52.17
  info_url: https://eservices.greatershepparton.com.au/ePathway/Production/Web/GeneralEnquiry/EnquiryLists.aspx?ModuleCode=LAP
  date_scraped: '2019-05-15'
  date_received: '2019-08-15'
- council_reference: 2019-227
  address: 7 Gilmour Crescent KIALLA VIC 3631
  description: |-
    CANCELLED - INCORRECTLY LODGED AS A PLANNING APPLICATION -Shed on residential block
    Refer Building Application 2019-1997
  info_url: https://eservices.greatershepparton.com.au/ePathway/Production/Web/GeneralEnquiry/EnquiryLists.aspx?ModuleCode=LAP
  date_scraped: '2019-05-15'
  date_received: '2019-08-15'
- council_reference: 2019-228
  address: 282-286 High Street SHEPPARTON VIC 3630
  description: |-
    Internal Gym Fit Out
    with bathrooms
  info_url: https://eservices.greatershepparton.com.au/ePathway/Production/Web/GeneralEnquiry/EnquiryLists.aspx?ModuleCode=LAP
  date_scraped: '2019-05-15'
  date_received: '2019-08-16'
- council_reference: 2019-229
  address: 45 Stevenson Street MURCHISON VIC 3610
  description: Coffee Shop
  info_url: https://eservices.greatershepparton.com.au/ePathway/Production/Web/GeneralEnquiry/EnquiryLists.aspx?ModuleCode=LAP
  date_scraped: '2019-05-15'
  date_received: '2019-08-19'
- council_reference: 2019-230
  address: 178-180 Numurkah Road SHEPPARTON VIC 3630
  description: New KFC Restaurant
  info_url: https://eservices.greatershepparton.com.au/ePathway/Production/Web/GeneralEnquiry/EnquiryLists.aspx?ModuleCode=LAP
  date_scraped: '2019-05-15'
  date_received: '2019-08-19'
