---
- council_reference: D-139-2019
  address: 25 MacAulay St, KAWANA  QLD  4701
  description: carport
  info_url: http://mpathway.livingstone.qld.gov.au/ePathway/Production/Web/GeneralEnquiry/EnquiryLists.aspx?ModuleCode=LAP
  date_scraped: '2019-05-15'
  date_received: '2019-06-25'
- council_reference: D-150-2019
  address: PO BOX 9680, PARK AVENUE  QLD  4701
  description: Patio
  info_url: http://mpathway.livingstone.qld.gov.au/ePathway/Production/Web/GeneralEnquiry/EnquiryLists.aspx?ModuleCode=LAP
  date_scraped: '2019-05-15'
  date_received: '2019-06-24'
- council_reference: D-151-2019
  address: PO BOX 1391, ROCKHAMPTON  QLD  4700
  description: Two Lots into Three Lots and Access Easement
  info_url: http://mpathway.livingstone.qld.gov.au/ePathway/Production/Web/GeneralEnquiry/EnquiryLists.aspx?ModuleCode=LAP
  date_scraped: '2019-05-15'
  date_received: '2019-06-25'
- council_reference: D-152-2019
  address: 5 Bayside Way, ROSSLYN  QLD  4703
  description: Stormwater Works, Earthworks, Access Works and Retaining Walls
  info_url: http://mpathway.livingstone.qld.gov.au/ePathway/Production/Web/GeneralEnquiry/EnquiryLists.aspx?ModuleCode=LAP
  date_scraped: '2019-05-15'
  date_received: '2019-06-25'
- council_reference: D-153-2019
  address: PO BOX 450, ROCKHAMPTON  QLD  4700
  description: Dwelling house
  info_url: http://mpathway.livingstone.qld.gov.au/ePathway/Production/Web/GeneralEnquiry/EnquiryLists.aspx?ModuleCode=LAP
  date_scraped: '2019-05-15'
  date_received: '2019-07-08'
- council_reference: D-154-2019
  address: PO BOX 1223, TOOWOOMBA  QLD  4350
  description: Intensive animal industry (up to 5,000 cattle)
  info_url: http://mpathway.livingstone.qld.gov.au/ePathway/Production/Web/GeneralEnquiry/EnquiryLists.aspx?ModuleCode=LAP
  date_scraped: '2019-05-15'
  date_received: '2019-06-27'
- council_reference: D-155-2019
  address: 171 Pine Mountain Drv, MULARA  QLD  4703
  description: Secondary dwelling
  info_url: http://mpathway.livingstone.qld.gov.au/ePathway/Production/Web/GeneralEnquiry/EnquiryLists.aspx?ModuleCode=LAP
  date_scraped: '2019-05-15'
  date_received: '2019-06-28'
- council_reference: D-156-2019
  address: 5 Bayside Way, ROSSLYN  QLD  4703
  description: stormwater and earthworks
  info_url: http://mpathway.livingstone.qld.gov.au/ePathway/Production/Web/GeneralEnquiry/EnquiryLists.aspx?ModuleCode=LAP
  date_scraped: '2019-05-15'
  date_received: '2019-07-10'
- council_reference: D-157-2019
  address: 28 Flynn St, WANDAL  QLD  4700
  description: Dwelling house
  info_url: http://mpathway.livingstone.qld.gov.au/ePathway/Production/Web/GeneralEnquiry/EnquiryLists.aspx?ModuleCode=LAP
  date_scraped: '2019-05-15'
  date_received: '2019-07-01'
- council_reference: D-158-2019
  address: 7 Pacific Drv, PACIFIC HEIGHTS  QLD  4703
  description: test
  info_url: http://mpathway.livingstone.qld.gov.au/ePathway/Production/Web/GeneralEnquiry/EnquiryLists.aspx?ModuleCode=LAP
  date_scraped: '2019-05-15'
  date_received: '2019-07-01'
- council_reference: D-159-2019
  address: PO BOX 9680, PARK AVENUE  QLD  4701
  description: Development Permit for Building Works regulated under the Planning
    Scheme for a Shed with reduced side and rear boundary setbacks
  info_url: http://mpathway.livingstone.qld.gov.au/ePathway/Production/Web/GeneralEnquiry/EnquiryLists.aspx?ModuleCode=LAP
  date_scraped: '2019-05-15'
  date_received: '2019-07-03'
- council_reference: D-160-2019
  address: PO BOX 2292, YEPPOON  QLD  4703
  description: Class 10a Building (shipping container)
  info_url: http://mpathway.livingstone.qld.gov.au/ePathway/Production/Web/GeneralEnquiry/EnquiryLists.aspx?ModuleCode=LAP
  date_scraped: '2019-05-15'
  date_received: '2019-07-04'
- council_reference: D-162-2019
  address: 34 Woodbury Rd, ADELAIDE PARK  QLD  4703
  description: Secondary dwelling
  info_url: http://mpathway.livingstone.qld.gov.au/ePathway/Production/Web/GeneralEnquiry/EnquiryLists.aspx?ModuleCode=LAP
  date_scraped: '2019-05-15'
  date_received: '2019-07-05'
- council_reference: D-164-2019
  address: 183 Farnborough Rd, YEPPOON  QLD  4703
  description: Shed
  info_url: http://mpathway.livingstone.qld.gov.au/ePathway/Production/Web/GeneralEnquiry/EnquiryLists.aspx?ModuleCode=LAP
  date_scraped: '2019-05-15'
  date_received: '2019-07-15'
- council_reference: D-165-2019
  address: 472 Coorooman Creek Rd, CAWARRAL  QLD  4702
  description: Deck
  info_url: http://mpathway.livingstone.qld.gov.au/ePathway/Production/Web/GeneralEnquiry/EnquiryLists.aspx?ModuleCode=LAP
  date_scraped: '2019-05-15'
  date_received: '2019-07-15'
- council_reference: D-166-2019
  address: PO BOX 1549, CAPALABA DC  QLD  4157
  description: Dwelling house
  info_url: http://mpathway.livingstone.qld.gov.au/ePathway/Production/Web/GeneralEnquiry/EnquiryLists.aspx?ModuleCode=LAP
  date_scraped: '2019-05-15'
  date_received: '2019-07-12'
- council_reference: D-167-2019
  address: PO BOX 1391, ROCKHAMPTON  QLD  4700
  description: Dwelling house and animal keeping (dog breeding kennels)
  info_url: http://mpathway.livingstone.qld.gov.au/ePathway/Production/Web/GeneralEnquiry/EnquiryLists.aspx?ModuleCode=LAP
  date_scraped: '2019-05-15'
  date_received: '2019-07-12'
- council_reference: D-168-2019
  address: PO BOX 498, YEPPOON  QLD  4703
  description: Dwelling house
  info_url: http://mpathway.livingstone.qld.gov.au/ePathway/Production/Web/GeneralEnquiry/EnquiryLists.aspx?ModuleCode=LAP
  date_scraped: '2019-05-15'
  date_received: '2019-07-18'
- council_reference: D-169-2019
  address: PO BOX 1263, YEPPOON  QLD  4703
  description: Landscaping Works
  info_url: http://mpathway.livingstone.qld.gov.au/ePathway/Production/Web/GeneralEnquiry/EnquiryLists.aspx?ModuleCode=LAP
  date_scraped: '2019-05-15'
  date_received: '2019-07-16'
- council_reference: D-170-2019
  address: 18A Formosa St, HIDDEN VALLEY  QLD  4703
  description: Dual occupancy
  info_url: http://mpathway.livingstone.qld.gov.au/ePathway/Production/Web/GeneralEnquiry/EnquiryLists.aspx?ModuleCode=LAP
  date_scraped: '2019-05-15'
  date_received: '2019-07-17'
- council_reference: D-171-2019
  address: 186 Fourteen Mile Rd, THE CAVES  QLD  4702
  description: Dwelling house
  info_url: http://mpathway.livingstone.qld.gov.au/ePathway/Production/Web/GeneralEnquiry/EnquiryLists.aspx?ModuleCode=LAP
  date_scraped: '2019-05-15'
  date_received: '2019-07-17'
- council_reference: D-172-2019
  address: 12 Fairfax Ct, HIDDEN VALLEY  QLD  4703
  description: Dwelling house
  info_url: http://mpathway.livingstone.qld.gov.au/ePathway/Production/Web/GeneralEnquiry/EnquiryLists.aspx?ModuleCode=LAP
  date_scraped: '2019-05-15'
  date_received: '2019-07-17'
- council_reference: D-173-2019
  address: PO BOX 1734, YEPPOON  QLD  4703
  description: Extension to Dwelling house
  info_url: http://mpathway.livingstone.qld.gov.au/ePathway/Production/Web/GeneralEnquiry/EnquiryLists.aspx?ModuleCode=LAP
  date_scraped: '2019-05-15'
  date_received: '2019-07-18'
