---
- council_reference: PLN/2008/346/D
  address: 146 Willowbank Road GISBORNE VIC 3437
  description: 33 Lot Subdivision in 3 stages and vegetation removal (Application
    to Amend Planning Permit Expiry Condition)
  info_url: https://eservices.mrsc.vic.gov.au/ePathway/Production/Web/GeneralEnquiry/EnquiryLists.aspx?ModuleCode=LAP
  date_scraped: '2019-05-15'
  date_received: '2019-06-26'
- council_reference: PLN/2010/127/B
  address: 11 McKim Road GISBORNE VIC 3437
  description: Subdivision of the land into 13 lots in 3 stages in accordance with
    the endorsed plans (Amendment sought to reinstate the drainage reserve, boundary
    change between Lot 13 and drainage reserve and amended stage areas)
  info_url: https://eservices.mrsc.vic.gov.au/ePathway/Production/Web/GeneralEnquiry/EnquiryLists.aspx?ModuleCode=LAP
  date_scraped: '2019-05-15'
  date_received: '2019-07-15'
- council_reference: PLN/2010/487/C
  address: 17 Regan Drive ROMSEY VIC 3434
  description: Construction of four additional dwellings (to rear of existing dwelling)
    (Secondary Consent sought to delete water tanks & connect solar hot water)
  info_url: https://eservices.mrsc.vic.gov.au/ePathway/Production/Web/GeneralEnquiry/EnquiryLists.aspx?ModuleCode=LAP
  date_scraped: '2019-05-15'
  date_received: '2019-06-28'
- council_reference: PLN/2011/83/B
  address: 149 Barry Street ROMSEY VIC 3434
  description: 2 Lot Subdivision and 2 Dwellings (Application to Amend Planning Permit
    and Plans)
  info_url: https://eservices.mrsc.vic.gov.au/ePathway/Production/Web/GeneralEnquiry/EnquiryLists.aspx?ModuleCode=LAP
  date_scraped: '2019-05-15'
  date_received: '2019-07-17'
- council_reference: PLN/2012/396/F
  address: 11/15 Ferguson Street KYNETON VIC 3444
  description: Construction of 22 dwellings generally in accordance with endorsed
    plans  (Secondary consent sought to partly enclose carport)
  info_url: https://eservices.mrsc.vic.gov.au/ePathway/Production/Web/GeneralEnquiry/EnquiryLists.aspx?ModuleCode=LAP
  date_scraped: '2019-05-15'
  date_received: '2019-07-19'
- council_reference: PLN/2013/163/A
  address: 1/1921 Mount Macedon Road WOODEND VIC 3442
  description: Construction of 9 dwellings and 9 lot subdivision and vegetation removal.  (Secondary
    consent sought for minor changes to plans)
  info_url: https://eservices.mrsc.vic.gov.au/ePathway/Production/Web/GeneralEnquiry/EnquiryLists.aspx?ModuleCode=LAP
  date_scraped: '2019-05-15'
  date_received: '2019-07-10'
- council_reference: PLN/2013/7/A
  address: St Beans Provedore - Cafe, 70 Piper Street KYNETON VIC 3444
  description: Liquor Licence (Application to Amend Planning Permit and Plans)
  info_url: https://eservices.mrsc.vic.gov.au/ePathway/Production/Web/GeneralEnquiry/EnquiryLists.aspx?ModuleCode=LAP
  date_scraped: '2019-05-15'
  date_received: '2019-07-17'
- council_reference: PLN/2015/263/B
  address: 87 Govans Lane NEW GISBORNE VIC 3438
  description: |-
    Use and development of the land for a dwelling and associated outbuildings, two lot subdivision and removal of native vegetation
    (Amendment sought to create boundaries and removal of Condition 1)
  info_url: https://eservices.mrsc.vic.gov.au/ePathway/Production/Web/GeneralEnquiry/EnquiryLists.aspx?ModuleCode=LAP
  date_scraped: '2019-05-15'
  date_received: '2019-06-27'
- council_reference: PLN/2015/378/A
  address: 93 Deep Lead Lane KYNETON VIC 3444
  description: |-
    use and development of the land for a dwelling
    (Secondary Consent sought to allow for minor changes)
  info_url: https://eservices.mrsc.vic.gov.au/ePathway/Production/Web/GeneralEnquiry/EnquiryLists.aspx?ModuleCode=LAP
  date_scraped: '2019-05-15'
  date_received: '2019-06-28'
- council_reference: PLN/2016/33/B
  address: Turner Avenue, MOUNT MACEDON VIC 3441
  description: Use and Development of the Land for a double storey dwelling and vegetation
    removal (non-native) (Request for Secondary Consent to allow minor changes to
    plans)
  info_url: https://eservices.mrsc.vic.gov.au/ePathway/Production/Web/GeneralEnquiry/EnquiryLists.aspx?ModuleCode=LAP
  date_scraped: '2019-05-15'
  date_received: '2019-07-19'
- council_reference: PLN/2016/530/B
  address: 331 Straws Lane WOODEND VIC 3442
  description: Development of an addition to the existing dwelling, and development
    of three (3) outbuildings (horse stable, garage and workshop). (Request for Secondary
    Consent to allow minor changes to plans)
  info_url: https://eservices.mrsc.vic.gov.au/ePathway/Production/Web/GeneralEnquiry/EnquiryLists.aspx?ModuleCode=LAP
  date_scraped: '2019-05-15'
  date_received: '2019-06-28'
- council_reference: PLN/2017/232/C
  address: Stoney Rise, 145 Donovans Road WOODEND NORTH VIC 3442
  description: Partial Demolition, Extension and Modification to Existing Dwelling
    & Tree Removal (Spruce Tree) (Request for Secondary Consent to allow minor changes
    to plans)
  info_url: https://eservices.mrsc.vic.gov.au/ePathway/Production/Web/GeneralEnquiry/EnquiryLists.aspx?ModuleCode=LAP
  date_scraped: '2019-05-15'
  date_received: '2019-07-09'
- council_reference: PLN/2017/461/A
  address: 131 Waterfalls Road MOUNT MACEDON VIC 3441
  description: Use and development of a dwelling and removal of vegetation (one native
    tree).  (Secondary consent sought for minor changes)
  info_url: https://eservices.mrsc.vic.gov.au/ePathway/Production/Web/GeneralEnquiry/EnquiryLists.aspx?ModuleCode=LAP
  date_scraped: '2019-05-15'
  date_received: '2019-07-03'
- council_reference: PLN/2017/487/C
  address: Kyneton Motel, 101 Piper Street KYNETON VIC 3444
  description: Development in the form of an extension to an existing motel and alterations
    to the facade of the existing building and signage
  info_url: https://eservices.mrsc.vic.gov.au/ePathway/Production/Web/GeneralEnquiry/EnquiryLists.aspx?ModuleCode=LAP
  date_scraped: '2019-05-15'
  date_received: '2019-06-28'
- council_reference: PLN/2017/524/C
  address: 124 Flemings Lane TYLDEN VIC 3444
  description: "Development of the land for a dwelling and ancillary buildings and
    works. \n(Secondary Consent sought for minor changes)"
  info_url: https://eservices.mrsc.vic.gov.au/ePathway/Production/Web/GeneralEnquiry/EnquiryLists.aspx?ModuleCode=LAP
  date_scraped: '2019-05-15'
  date_received: '2019-06-28'
- council_reference: PLN/2018/257/A
  address: 23 Swinburne Avenue GISBORNE VIC 3437
  description: Two (2) Lot Subdivision (Application to Amend Planning Permit Plans)
  info_url: https://eservices.mrsc.vic.gov.au/ePathway/Production/Web/GeneralEnquiry/EnquiryLists.aspx?ModuleCode=LAP
  date_scraped: '2019-05-15'
  date_received: '2019-07-19'
- council_reference: PLN/2018/283/A
  address: 24A Dunsford Street LANCEFIELD VIC 3435
  description: Construction of a dwelling and a fence
  info_url: https://eservices.mrsc.vic.gov.au/ePathway/Production/Web/GeneralEnquiry/EnquiryLists.aspx?ModuleCode=LAP
  date_scraped: '2019-05-15'
  date_received: '2019-06-26'
- council_reference: PLN/2018/283/B
  address: 24A Dunsford Street LANCEFIELD VIC 3435
  description: Construction of a dwelling and a fence (Request for Secondary Consent
    to allow minor changes to plans)
  info_url: https://eservices.mrsc.vic.gov.au/ePathway/Production/Web/GeneralEnquiry/EnquiryLists.aspx?ModuleCode=LAP
  date_scraped: '2019-05-15'
  date_received: '2019-07-19'
- council_reference: PLN/2018/342/B
  address: 27 MacDonald Court KYNETON VIC 3444
  description: |-
    Extension to Existing Outbuilding (Colorbond steel shed)
    (Secondary consent sought to allow for minor changes)
  info_url: https://eservices.mrsc.vic.gov.au/ePathway/Production/Web/GeneralEnquiry/EnquiryLists.aspx?ModuleCode=LAP
  date_scraped: '2019-05-15'
  date_received: '2019-07-03'
- council_reference: PLN/2018/363/A
  address: Idlewilde, 91 Walkers Road WOODEND VIC 3442
  description: Proposed Single Story Extension to existing Brick Dwelling (Request
    for Secondary Consent to allow minor changes to plans)
  info_url: https://eservices.mrsc.vic.gov.au/ePathway/Production/Web/GeneralEnquiry/EnquiryLists.aspx?ModuleCode=LAP
  date_scraped: '2019-05-15'
  date_received: '2019-06-28'
- council_reference: PLN/2018/431/A
  address: 38 Sauer Road NEW GISBORNE VIC 3438
  description: Development of a Warehouse (Application to Amend Planning Permit Plans)
  info_url: https://eservices.mrsc.vic.gov.au/ePathway/Production/Web/GeneralEnquiry/EnquiryLists.aspx?ModuleCode=LAP
  date_scraped: '2019-05-15'
  date_received: '2019-06-28'
- council_reference: PLN/2018/89/C
  address: Malmsbury Youth Training Centre, 30 Mollison Street MALMSBURY VIC 3446
  description: Buildings and works within the Heritage Overlay for the construction
    of an extension to the existing Malmsbury Youth Justice Centre (32 additional
    beds, recreation, education and program facilities spaces, exercise yard,  perimeter
    fence, patrol road, additional external lighting); Use and development of land
    within the General Residential Zone for extension to existing car park; extension
    to security fence and extension of gatehouse,  removal of native and non-native
    vegetation; and alter access to Road Zone - Category 1.
  info_url: https://eservices.mrsc.vic.gov.au/ePathway/Production/Web/GeneralEnquiry/EnquiryLists.aspx?ModuleCode=LAP
  date_scraped: '2019-05-15'
  date_received: '2019-07-10'
- council_reference: PLN/2019/275
  address: 190 Station Road NEW GISBORNE VIC 3438
  description: Two lot subdivision and development of a second dwelling
  info_url: https://eservices.mrsc.vic.gov.au/ePathway/Production/Web/GeneralEnquiry/EnquiryLists.aspx?ModuleCode=LAP
  date_scraped: '2019-05-15'
  date_received: '2019-06-26'
- council_reference: PLN/2019/276
  address: Edgerton, 257 Barringo Road MACEDON VIC 3440
  description: Construction of Equipment Shed.
  info_url: https://eservices.mrsc.vic.gov.au/ePathway/Production/Web/GeneralEnquiry/EnquiryLists.aspx?ModuleCode=LAP
  date_scraped: '2019-05-15'
  date_received: '2019-06-24'
- council_reference: PLN/2019/277
  address: 24 Woodvale Crescent LANCEFIELD VIC 3435
  description: Construction of Outbuilding (Farm Shed)
  info_url: https://eservices.mrsc.vic.gov.au/ePathway/Production/Web/GeneralEnquiry/EnquiryLists.aspx?ModuleCode=LAP
  date_scraped: '2019-05-15'
  date_received: '2019-06-24'
- council_reference: PLN/2019/278
  address: 62 Mooneys Lane LANCEFIELD VIC 3435
  description: Construct Machinery Shed & Two (2) water tanks.
  info_url: https://eservices.mrsc.vic.gov.au/ePathway/Production/Web/GeneralEnquiry/EnquiryLists.aspx?ModuleCode=LAP
  date_scraped: '2019-05-15'
  date_received: '2019-06-24'
- council_reference: PLN/2019/279
  address: 4 Poplar Drive ROMSEY VIC 3434
  description: Use and Development of the Land for a Child Care Centre
  info_url: https://eservices.mrsc.vic.gov.au/ePathway/Production/Web/GeneralEnquiry/EnquiryLists.aspx?ModuleCode=LAP
  date_scraped: '2019-05-15'
  date_received: '2019-06-24'
- council_reference: PLN/2019/280
  address: Wheelwrights Road, RIDDELLS CREEK VIC 3431
  description: Use and development of a dwelling and associated outbuildings
  info_url: https://eservices.mrsc.vic.gov.au/ePathway/Production/Web/GeneralEnquiry/EnquiryLists.aspx?ModuleCode=LAP
  date_scraped: '2019-05-15'
  date_received: '2019-06-24'
- council_reference: PLN/2019/281
  address: 123 Wheelwrights Road RIDDELLS CREEK VIC 3431
  description: Resubdivision of six (6) lots into two (2) lots
  info_url: https://eservices.mrsc.vic.gov.au/ePathway/Production/Web/GeneralEnquiry/EnquiryLists.aspx?ModuleCode=LAP
  date_scraped: '2019-05-15'
  date_received: '2019-06-24'
- council_reference: PLN/2019/282
  address: Mollison Street, MALMSBURY VIC 3446
  description: Use of the Land for Farmers Market
  info_url: https://eservices.mrsc.vic.gov.au/ePathway/Production/Web/GeneralEnquiry/EnquiryLists.aspx?ModuleCode=LAP
  date_scraped: '2019-05-15'
  date_received: '2019-06-25'
- council_reference: PLN/2019/283
  address: 320 Couangalt Road GISBORNE SOUTH VIC 3437
  description: Outbuilding (Storage shed)
  info_url: https://eservices.mrsc.vic.gov.au/ePathway/Production/Web/GeneralEnquiry/EnquiryLists.aspx?ModuleCode=LAP
  date_scraped: '2019-05-15'
  date_received: '2019-06-26'
- council_reference: PLN/2019/284
  address: 496 Goochs Lane PASTORIA VIC 3444
  description: Development of the land to construct an extension to existing dwelling
  info_url: https://eservices.mrsc.vic.gov.au/ePathway/Production/Web/GeneralEnquiry/EnquiryLists.aspx?ModuleCode=LAP
  date_scraped: '2019-05-15'
  date_received: '2019-06-27'
- council_reference: PLN/2019/285
  address: 33 Greene Street MACEDON VIC 3440
  description: Development of an Outbuilding (Shed)
  info_url: https://eservices.mrsc.vic.gov.au/ePathway/Production/Web/GeneralEnquiry/EnquiryLists.aspx?ModuleCode=LAP
  date_scraped: '2019-05-15'
  date_received: '2019-06-27'
- council_reference: PLN/2019/286
  address: 9 Newry Drive NEW GISBORNE VIC 3438
  description: Four (4) Lot Subdivision and common property
  info_url: https://eservices.mrsc.vic.gov.au/ePathway/Production/Web/GeneralEnquiry/EnquiryLists.aspx?ModuleCode=LAP
  date_scraped: '2019-05-15'
  date_received: '2019-06-28'
- council_reference: PLN/2019/287
  address: 77 Mollison Street MALMSBURY VIC 3446
  description: Use of land for a licenced premises
  info_url: https://eservices.mrsc.vic.gov.au/ePathway/Production/Web/GeneralEnquiry/EnquiryLists.aspx?ModuleCode=LAP
  date_scraped: '2019-05-15'
  date_received: '2019-06-28'
- council_reference: PLN/2019/288
  address: 52 Murphy Street ROMSEY VIC 3434
  description: Two (2) Lot Subdivision
  info_url: https://eservices.mrsc.vic.gov.au/ePathway/Production/Web/GeneralEnquiry/EnquiryLists.aspx?ModuleCode=LAP
  date_scraped: '2019-05-15'
  date_received: '2019-07-01'
- council_reference: PLN/2019/289
  address: 24 Stawell Street ROMSEY VIC 3434
  description: Development of the land for an outbuilding (shed)
  info_url: https://eservices.mrsc.vic.gov.au/ePathway/Production/Web/GeneralEnquiry/EnquiryLists.aspx?ModuleCode=LAP
  date_scraped: '2019-05-15'
  date_received: '2019-07-02'
- council_reference: PLN/2019/290
  address: Pattersons Road, SPRINGFIELD VIC 3434
  description: Construction of Dwelling & Removal of vegetation.
  info_url: https://eservices.mrsc.vic.gov.au/ePathway/Production/Web/GeneralEnquiry/EnquiryLists.aspx?ModuleCode=LAP
  date_scraped: '2019-05-15'
  date_received: '2019-07-02'
- council_reference: PLN/2019/291
  address: 144 Knox Road ROMSEY VIC 3434
  description: Development of an outbuilding
  info_url: https://eservices.mrsc.vic.gov.au/ePathway/Production/Web/GeneralEnquiry/EnquiryLists.aspx?ModuleCode=LAP
  date_scraped: '2019-05-15'
  date_received: '2019-07-03'
- council_reference: PLN/2019/292
  address: 33 Lauriston Street KYNETON VIC 3444
  description: Buildings and works in a heritage overlay
  info_url: https://eservices.mrsc.vic.gov.au/ePathway/Production/Web/GeneralEnquiry/EnquiryLists.aspx?ModuleCode=LAP
  date_scraped: '2019-05-15'
  date_received: '2019-07-03'
- council_reference: PLN/2019/293
  address: Melbourne Lancefield Road, ROMSEY VIC 3434
  description: Development of land to construct an out-building (Agricultural Shed)
  info_url: https://eservices.mrsc.vic.gov.au/ePathway/Production/Web/GeneralEnquiry/EnquiryLists.aspx?ModuleCode=LAP
  date_scraped: '2019-05-15'
  date_received: '2019-07-04'
- council_reference: PLN/2019/294
  address: 1849 Mount Macedon Road WOODEND VIC 3442
  description: |-
    Construction of Managers Workshop/ Garage, including reconfigured driveway. Delete proposed carport.
    Additions to previously endorsed Master Plan for retirement development.
  info_url: https://eservices.mrsc.vic.gov.au/ePathway/Production/Web/GeneralEnquiry/EnquiryLists.aspx?ModuleCode=LAP
  date_scraped: '2019-05-15'
  date_received: '2019-07-08'
- council_reference: PLN/2019/295
  address: 9 Hamilton Street RIDDELLS CREEK VIC 3431
  description: Resubdivision of Two Lots (Boundary Realignment)
  info_url: https://eservices.mrsc.vic.gov.au/ePathway/Production/Web/GeneralEnquiry/EnquiryLists.aspx?ModuleCode=LAP
  date_scraped: '2019-05-15'
  date_received: '2019-07-08'
- council_reference: PLN/2019/296
  address: 21 Saleyards Road KYNETON VIC 3444
  description: Use and Development of the Land for Industry and Alteration to Access
    from a Road Zone, Category 1
  info_url: https://eservices.mrsc.vic.gov.au/ePathway/Production/Web/GeneralEnquiry/EnquiryLists.aspx?ModuleCode=LAP
  date_scraped: '2019-05-15'
  date_received: '2019-07-08'
- council_reference: PLN/2019/297
  address: Rayona Paint Horse Stud, 190 Old Lancefield Kilmore Road SPRINGFIELD VIC
    3434
  description: Operate Domestic Animal Breeding Business.
  info_url: https://eservices.mrsc.vic.gov.au/ePathway/Production/Web/GeneralEnquiry/EnquiryLists.aspx?ModuleCode=LAP
  date_scraped: '2019-05-15'
  date_received: '2019-07-08'
- council_reference: PLN/2019/298
  address: Kallumally, 274 High Street KYNETON VIC 3444
  description: Two ( 2 ) Lot Sub division , Boundary Re alignment.
  info_url: https://eservices.mrsc.vic.gov.au/ePathway/Production/Web/GeneralEnquiry/EnquiryLists.aspx?ModuleCode=LAP
  date_scraped: '2019-05-15'
  date_received: '2019-07-09'
- council_reference: PLN/2019/299
  address: Leared Drive, KYNETON VIC 3444
  description: Development of an extension to existing units
  info_url: https://eservices.mrsc.vic.gov.au/ePathway/Production/Web/GeneralEnquiry/EnquiryLists.aspx?ModuleCode=LAP
  date_scraped: '2019-05-15'
  date_received: '2019-07-12'
- council_reference: PLN/2019/300
  address: Brooking Road, GISBORNE VIC 3437
  description: Staged Five (5) Lot sub division, removal of Easement, removal of vegetation
    & associated works.
  info_url: https://eservices.mrsc.vic.gov.au/ePathway/Production/Web/GeneralEnquiry/EnquiryLists.aspx?ModuleCode=LAP
  date_scraped: '2019-05-15'
  date_received: '2019-07-15'
- council_reference: PLN/2019/301
  address: Gardiners Garage, 7 Hamilton Street GISBORNE VIC 3437
  description: Prep & Painting of existing shop . Installation of new signage.
  info_url: https://eservices.mrsc.vic.gov.au/ePathway/Production/Web/GeneralEnquiry/EnquiryLists.aspx?ModuleCode=LAP
  date_scraped: '2019-05-15'
  date_received: '2019-07-15'
- council_reference: PLN/2019/302
  address: 16 Collier Close ROMSEY VIC 3434
  description: Development of ten (10) dwellings.
  info_url: https://eservices.mrsc.vic.gov.au/ePathway/Production/Web/GeneralEnquiry/EnquiryLists.aspx?ModuleCode=LAP
  date_scraped: '2019-05-15'
  date_received: '2019-07-15'
- council_reference: PLN/2019/303
  address: Forest Glade, 816 Mount Macedon Road MOUNT MACEDON VIC 3441
  description: Upgrade of existing crossover
  info_url: https://eservices.mrsc.vic.gov.au/ePathway/Production/Web/GeneralEnquiry/EnquiryLists.aspx?ModuleCode=LAP
  date_scraped: '2019-05-15'
  date_received: '2019-07-15'
- council_reference: PLN/2019/304
  address: 48 Mitchell Street KYNETON VIC 3444
  description: Partial Demolition, alteration and additions to an existing dwelling
    within a Heritage Overlay
  info_url: https://eservices.mrsc.vic.gov.au/ePathway/Production/Web/GeneralEnquiry/EnquiryLists.aspx?ModuleCode=LAP
  date_scraped: '2019-05-15'
  date_received: '2019-07-15'
- council_reference: PLN/2019/305
  address: 359 Tooborac Road LANCEFIELD VIC 3435
  description: Register Domestic Animal Business for Three (3) - Ten (10) fertile
    animals.
  info_url: https://eservices.mrsc.vic.gov.au/ePathway/Production/Web/GeneralEnquiry/EnquiryLists.aspx?ModuleCode=LAP
  date_scraped: '2019-05-15'
  date_received: '2019-07-15'
- council_reference: PLN/2019/306
  address: 420 Couangalt Road GISBORNE SOUTH VIC 3437
  description: Place of Assembly - Buddhist Meditation Centre.
  info_url: https://eservices.mrsc.vic.gov.au/ePathway/Production/Web/GeneralEnquiry/EnquiryLists.aspx?ModuleCode=LAP
  date_scraped: '2019-05-15'
  date_received: '2019-07-16'
- council_reference: PLN/2019/307
  address: Brandywine Cottage, 90 Williatts Lane CARLSRUHE VIC 3442
  description: Extension to existing dwelling.
  info_url: https://eservices.mrsc.vic.gov.au/ePathway/Production/Web/GeneralEnquiry/EnquiryLists.aspx?ModuleCode=LAP
  date_scraped: '2019-05-15'
  date_received: '2019-07-16'
- council_reference: PLN/2019/308
  address: 73 Carlsruhe Cemetery Road CARLSRUHE VIC 3442
  description: Extension to existing dwelling.
  info_url: https://eservices.mrsc.vic.gov.au/ePathway/Production/Web/GeneralEnquiry/EnquiryLists.aspx?ModuleCode=LAP
  date_scraped: '2019-05-15'
  date_received: '2019-07-16'
- council_reference: PLN/2019/309
  address: 15A James Patrick Way LANCEFIELD VIC 3435
  description: Two ( 2 ) lot subdivision.
  info_url: https://eservices.mrsc.vic.gov.au/ePathway/Production/Web/GeneralEnquiry/EnquiryLists.aspx?ModuleCode=LAP
  date_scraped: '2019-05-15'
  date_received: '2019-07-16'
- council_reference: PLN/2019/310
  address: 102 Barbower Road EDGECOMBE VIC 3444
  description: Outbuilding (Farm Shed)
  info_url: https://eservices.mrsc.vic.gov.au/ePathway/Production/Web/GeneralEnquiry/EnquiryLists.aspx?ModuleCode=LAP
  date_scraped: '2019-05-15'
  date_received: '2019-07-17'
- council_reference: PLN/2019/45/A
  address: 83 Walsh Road BULLENGAROOK VIC 3437
  description: Extensions to an existing Dwelling
  info_url: https://eservices.mrsc.vic.gov.au/ePathway/Production/Web/GeneralEnquiry/EnquiryLists.aspx?ModuleCode=LAP
  date_scraped: '2019-05-15'
  date_received: '2019-06-27'
- council_reference: PLN/2019/46/A
  address: 60 Whalans Track LANCEFIELD VIC 3435
  description: Development of an Outbuilding
  info_url: https://eservices.mrsc.vic.gov.au/ePathway/Production/Web/GeneralEnquiry/EnquiryLists.aspx?ModuleCode=LAP
  date_scraped: '2019-05-15'
  date_received: '2019-07-02'
