---
- council_reference: MV/100/2019
  address: 7 Caravelle Crescent, STRATHMORE HEIGHTS VIC 3041
  description: Construction of two dwellings
  info_url: https://online.mvcc.vic.gov.au/ePathway/Production/Web/GeneralEnquiry/EnquiryLists.aspx?ModuleCode=LAP
  date_scraped: '2019-05-15'
  date_received: '2019-02-08'
- council_reference: MV/1028/2018/A
  address: 15 Craig Street, KEILOR EAST VIC 3033
  description: Three lot subdivision and variation of easement.
  info_url: https://online.mvcc.vic.gov.au/ePathway/Production/Web/GeneralEnquiry/EnquiryLists.aspx?ModuleCode=LAP
  date_scraped: '2019-05-15'
  date_received: '2019-05-29'
- council_reference: MV/103/2019
  address: 3 Chauvel Street, ASCOT VALE VIC 3032
  description: Construction of six dwellings in a Heritage Overlay (HO20) area and
    reduction of visitor car parking requirement
  info_url: https://online.mvcc.vic.gov.au/ePathway/Production/Web/GeneralEnquiry/EnquiryLists.aspx?ModuleCode=LAP
  date_scraped: '2019-05-15'
  date_received: '2019-02-15'
- council_reference: MV/104/2019
  address: 4/24 Laurence Avenue, AIRPORT WEST VIC 3042
  description: Construction of an enclosed verandah on a lot less than 300 square
    metres
  info_url: https://online.mvcc.vic.gov.au/ePathway/Production/Web/GeneralEnquiry/EnquiryLists.aspx?ModuleCode=LAP
  date_scraped: '2019-05-15'
  date_received: '2019-02-15'
- council_reference: MV/116/2019
  address: 26 Kent Street, ASCOT VALE VIC 3032
  description: Construction of a double storey outbuilding consisting of a garage
    and studio on a lot less than 300 square metres
  info_url: https://online.mvcc.vic.gov.au/ePathway/Production/Web/GeneralEnquiry/EnquiryLists.aspx?ModuleCode=LAP
  date_scraped: '2019-05-15'
  date_received: '2019-02-15'
- council_reference: MV/118/2019
  address: 10 Rutland Street, NIDDRIE VIC 3042
  description: Construction of two dwellings
  info_url: https://online.mvcc.vic.gov.au/ePathway/Production/Web/GeneralEnquiry/EnquiryLists.aspx?ModuleCode=LAP
  date_scraped: '2019-05-15'
  date_received: '2019-02-15'
- council_reference: MV/141/2019
  address: 38 Wordsworth Street, MOONEE PONDS VIC 3039
  description: Construction of a dwelling on lot less than 300 square metres
  info_url: https://online.mvcc.vic.gov.au/ePathway/Production/Web/GeneralEnquiry/EnquiryLists.aspx?ModuleCode=LAP
  date_scraped: '2019-05-15'
  date_received: '2019-03-05'
- council_reference: MV/142/2019
  address: 37 Athol Street, MOONEE PONDS VIC 3039
  description: Construction of two dwellings
  info_url: https://online.mvcc.vic.gov.au/ePathway/Production/Web/GeneralEnquiry/EnquiryLists.aspx?ModuleCode=LAP
  date_scraped: '2019-05-15'
  date_received: '2019-02-28'
- council_reference: MV/153/2019
  address: 17 Primrose Street, MOONEE PONDS VIC 3039
  description: Alterations and additions to the existing dwelling, including a single
    storey extension and a first floor studio to a garage on a lot less than 300 square
    metres
  info_url: https://online.mvcc.vic.gov.au/ePathway/Production/Web/GeneralEnquiry/EnquiryLists.aspx?ModuleCode=LAP
  date_scraped: '2019-05-15'
  date_received: '2019-03-06'
- council_reference: MV/165/2019
  address: 364 Pascoe Vale Road, STRATHMORE VIC 3041
  description: Buildings and works and display of internally illuminated business
    identification signs
  info_url: https://online.mvcc.vic.gov.au/ePathway/Production/Web/GeneralEnquiry/EnquiryLists.aspx?ModuleCode=LAP
  date_scraped: '2019-05-15'
  date_received: '2019-03-08'
- council_reference: MV/176/2019
  address: 42 Farnham Street, FLEMINGTON VIC 3031
  description: Demolition of chimney, partial demolition of a dwelling and the construction
    of a single storey addition, including a deck and metal flue and externally paint
    a dwelling in a Heritage Overlay area and on a lot less than 300 square metres
  info_url: https://online.mvcc.vic.gov.au/ePathway/Production/Web/GeneralEnquiry/EnquiryLists.aspx?ModuleCode=LAP
  date_scraped: '2019-05-15'
  date_received: '2019-03-18'
- council_reference: MV/179/2019
  address: 54-56 Halsey Road, AIRPORT WEST VIC 3042
  description: Use and development of the land for the sale, storage and hiring of
    motor vehicles
  info_url: https://online.mvcc.vic.gov.au/ePathway/Production/Web/GeneralEnquiry/EnquiryLists.aspx?ModuleCode=LAP
  date_scraped: '2019-05-15'
  date_received: '2019-03-19'
- council_reference: MV/193/2019
  address: 3 Odin Street, STRATHMORE VIC 3041
  description: Construction of two dwellings
  info_url: https://online.mvcc.vic.gov.au/ePathway/Production/Web/GeneralEnquiry/EnquiryLists.aspx?ModuleCode=LAP
  date_scraped: '2019-05-15'
  date_received: '2019-03-20'
- council_reference: MV/197/2019
  address: 34 Milleara Road, KEILOR EAST VIC 3033
  description: Construction of two double storey dwellings and alterations to the
    accessway in a Road Zone, Category 1
  info_url: https://online.mvcc.vic.gov.au/ePathway/Production/Web/GeneralEnquiry/EnquiryLists.aspx?ModuleCode=LAP
  date_scraped: '2019-05-15'
  date_received: '2019-06-21'
- council_reference: MV/221/2019
  address: 89 Union Road, ASCOT VALE VIC 3032
  description: Car parking waiver associated with the use of an office
  info_url: https://online.mvcc.vic.gov.au/ePathway/Production/Web/GeneralEnquiry/EnquiryLists.aspx?ModuleCode=LAP
  date_scraped: '2019-05-15'
  date_received: '2019-03-22'
- council_reference: MV/239/2019
  address: 48 Hurtle Street, ASCOT VALE VIC 3032
  description: Construction of two double storey dwellings
  info_url: https://online.mvcc.vic.gov.au/ePathway/Production/Web/GeneralEnquiry/EnquiryLists.aspx?ModuleCode=LAP
  date_scraped: '2019-05-15'
  date_received: '2019-03-29'
- council_reference: MV/241/2019
  address: 24 Dudley Street, ESSENDON NORTH VIC 3041
  description: Construction of two dwellings in a site under the Design and Development
    Overlay Schedule 7
  info_url: https://online.mvcc.vic.gov.au/ePathway/Production/Web/GeneralEnquiry/EnquiryLists.aspx?ModuleCode=LAP
  date_scraped: '2019-05-15'
  date_received: '2019-04-01'
- council_reference: MV/242/2019
  address: Dwelling 29 Woodland Street, ESSENDON VIC 3040
  description: Construction of a dwelling to the rear of an existing shop and associated
    reduction in car parking associated with the commercial space.
  info_url: https://online.mvcc.vic.gov.au/ePathway/Production/Web/GeneralEnquiry/EnquiryLists.aspx?ModuleCode=LAP
  date_scraped: '2019-05-15'
  date_received: '2019-04-01'
- council_reference: MV/253/2019
  address: 49 Railway Place West, FLEMINGTON VIC 3031
  description: Construct four dwellings, construct a front fence exceeding 1.5 metres
    in height, construct buildings and works and remove trees in a Heritage Overlay
  info_url: https://online.mvcc.vic.gov.au/ePathway/Production/Web/GeneralEnquiry/EnquiryLists.aspx?ModuleCode=LAP
  date_scraped: '2019-05-15'
  date_received: '2019-04-04'
- council_reference: MV/261/2019
  address: 29 Ruby Street, ESSENDON WEST VIC 3040
  description: Construction of four dwellings
  info_url: https://online.mvcc.vic.gov.au/ePathway/Production/Web/GeneralEnquiry/EnquiryLists.aspx?ModuleCode=LAP
  date_scraped: '2019-05-15'
  date_received: '2019-04-11'
- council_reference: MV/276/2019
  address: 1-3 Medway Road, KEILOR EAST VIC 3033
  description: Two Lot Subdivision creating a lot (including building envelope) next
    to an existing dwelling and Removal of Easement -  PS832600K
  info_url: https://online.mvcc.vic.gov.au/ePathway/Production/Web/GeneralEnquiry/EnquiryLists.aspx?ModuleCode=LAP
  date_scraped: '2019-05-15'
  date_received: '2019-04-11'
- council_reference: MV/287/2019
  address: 26 Monash Street, ASCOT VALE VIC 3032
  description: Demolitions, alterations and additions including a new fence to a dwelling
    in a Heritage Overlay Area
  info_url: https://online.mvcc.vic.gov.au/ePathway/Production/Web/GeneralEnquiry/EnquiryLists.aspx?ModuleCode=LAP
  date_scraped: '2019-05-15'
  date_received: '2019-04-17'
- council_reference: MV/295/2019
  address: 42 Myross Avenue, ASCOT VALE VIC 3032
  description: Demolition of an existing front fence, shed, outbuildings, verandah
    and existing western-most stable, partial demolition of the existing dwelling
    and eastern-most stable, construction of alterations and additions including a
    first floor extension and pool to an existing dwelling, alterations and additions
    to an existing habitable outbuilding and the construction of an additional double
    storey dwelling within a Heritage Overlay Area
  info_url: https://online.mvcc.vic.gov.au/ePathway/Production/Web/GeneralEnquiry/EnquiryLists.aspx?ModuleCode=LAP
  date_scraped: '2019-05-15'
  date_received: '2019-04-17'
- council_reference: MV/299/2019
  address: 29 Mascoma Street, STRATHMORE VIC 3041
  description: Construction of two dwellings
  info_url: https://online.mvcc.vic.gov.au/ePathway/Production/Web/GeneralEnquiry/EnquiryLists.aspx?ModuleCode=LAP
  date_scraped: '2019-05-15'
  date_received: '2019-04-23'
- council_reference: MV/301/2019
  address: 20 Prospect Street, ESSENDON WEST VIC 3040
  description: Construction of two dwellings
  info_url: https://online.mvcc.vic.gov.au/ePathway/Production/Web/GeneralEnquiry/EnquiryLists.aspx?ModuleCode=LAP
  date_scraped: '2019-05-15'
  date_received: '2019-04-23'
- council_reference: MV/312/2019
  address: 8 Deidre Court, AIRPORT WEST VIC 3042
  description: Construction of two dwellings
  info_url: https://online.mvcc.vic.gov.au/ePathway/Production/Web/GeneralEnquiry/EnquiryLists.aspx?ModuleCode=LAP
  date_scraped: '2019-05-15'
  date_received: '2019-04-29'
- council_reference: MV/323/2019
  address: 45 Lorne Street, MOONEE PONDS VIC 3039
  description: Partial demolition and construction of single storey extension to the
    rear of the dwelling and construction of a pergola to a dwelling in a Heritage
    Overlay.
  info_url: https://online.mvcc.vic.gov.au/ePathway/Production/Web/GeneralEnquiry/EnquiryLists.aspx?ModuleCode=LAP
  date_scraped: '2019-05-15'
  date_received: '2019-05-03'
- council_reference: MV/328/2019
  address: Shop 5/40 Hall Street, MOONEE PONDS VIC 3039
  description: Display of internally illuminated business identification signage and
    the sale and consumption of liquor associated with a restaurant
  info_url: https://online.mvcc.vic.gov.au/ePathway/Production/Web/GeneralEnquiry/EnquiryLists.aspx?ModuleCode=LAP
  date_scraped: '2019-05-15'
  date_received: '2019-05-07'
- council_reference: MV/343/2019
  address: 27 Filson Street, ASCOT VALE VIC 3032
  description: Demolition of a garage, partial demolition of an existing dwelling,
    construction of alterations and additions including a first floor extension in
    Heritage Overlay area
  info_url: https://online.mvcc.vic.gov.au/ePathway/Production/Web/GeneralEnquiry/EnquiryLists.aspx?ModuleCode=LAP
  date_scraped: '2019-05-15'
  date_received: '2019-05-16'
- council_reference: MV/363/2019
  address: 28 Hoddle Street, ESSENDON VIC 3040
  description: Demolition of outbuilding and partial demolition of the dwelling and
    front fence and the construction of alterations and additions, including a first
    floor addition to an existing dwelling in Heritage Overlay
  info_url: https://online.mvcc.vic.gov.au/ePathway/Production/Web/GeneralEnquiry/EnquiryLists.aspx?ModuleCode=LAP
  date_scraped: '2019-05-15'
  date_received: '2019-05-22'
- council_reference: MV/376/2019
  address: 20 Kelvin Close, NIDDRIE VIC 3042
  description: Creation of Easement
  info_url: https://online.mvcc.vic.gov.au/ePathway/Production/Web/GeneralEnquiry/EnquiryLists.aspx?ModuleCode=LAP
  date_scraped: '2019-05-15'
  date_received: '2019-05-27'
- council_reference: MV/386/2019
  address: 29 Tasman Avenue, STRATHMORE HEIGHTS VIC 3041
  description: Construction of two double storey dwellings
  info_url: https://online.mvcc.vic.gov.au/ePathway/Production/Web/GeneralEnquiry/EnquiryLists.aspx?ModuleCode=LAP
  date_scraped: '2019-05-15'
  date_received: '2019-05-30'
- council_reference: MV/39/2019
  address: 392-398 Racecourse Road, FLEMINGTON VIC 3031
  description: Use of the land as a hotel, construction of a multi-storey building
    including alterations and additions to the existing hotel (Newmarket Tavern) with
    an extended area for the sale and consumption of liquor, a reduction in car parking
    requirements, a reduction in bicycle requirements, and the creation and alteration
    of access to a road in a Road Zone, Category 1
  info_url: https://online.mvcc.vic.gov.au/ePathway/Production/Web/GeneralEnquiry/EnquiryLists.aspx?ModuleCode=LAP
  date_scraped: '2019-05-15'
  date_received: '2019-01-09'
- council_reference: MV/392/2019
  address: 44 Farnham Street, FLEMINGTON VIC 3031
  description: Demolition of outbuildings, partial demolition to the rear of an existing
    dwelling, construction of alterations and additions including a first floor extension
    to an existing dwelling within a Heritage Overlay area
  info_url: https://online.mvcc.vic.gov.au/ePathway/Production/Web/GeneralEnquiry/EnquiryLists.aspx?ModuleCode=LAP
  date_scraped: '2019-05-15'
  date_received: '2019-06-05'
- council_reference: MV/467/2015/B
  address: 199-203 Union Road, ASCOT VALE VIC 3032
  description: "Construction of a building or construction in a Commercial 1 Zone,
    Use of part of the land as a Child Care Centre as it is shared access to the dwellings
    in the Commercial 1 Zone, Partial demolition of the existing building, construction
    of a building and carrying out works and external alterations to a building including
    external paint colours in a Heritage Overlay (HO26), waiver of the loading bay
    requirements for the shop/supermarket   \nAMENDMENT - Extend the loading hours
    from 9am to 10pm Monday to Friday, to 6am to 10pm Monday to Sunday"
  info_url: https://online.mvcc.vic.gov.au/ePathway/Production/Web/GeneralEnquiry/EnquiryLists.aspx?ModuleCode=LAP
  date_scraped: '2019-05-15'
  date_received: '2019-02-12'
- council_reference: MV/48/2019
  address: 12 Wellington Street, FLEMINGTON VIC 3031
  description: Extension to a dwelling on a lot less than 300 square metres and works
    in an Environmental Significance Overlay
  info_url: https://online.mvcc.vic.gov.au/ePathway/Production/Web/GeneralEnquiry/EnquiryLists.aspx?ModuleCode=LAP
  date_scraped: '2019-05-15'
  date_received: '2019-01-15'
- council_reference: MV/54/2019
  address: 2 Cameron Road, ESSENDON VIC 3040
  description: Construction of two dwellings
  info_url: https://online.mvcc.vic.gov.au/ePathway/Production/Web/GeneralEnquiry/EnquiryLists.aspx?ModuleCode=LAP
  date_scraped: '2019-05-15'
  date_received: '2019-01-17'
- council_reference: MV/550/2018
  address: 35 Newman Street, NIDDRIE VIC 3042
  description: Construction of three double storey dwellings
  info_url: https://online.mvcc.vic.gov.au/ePathway/Production/Web/GeneralEnquiry/EnquiryLists.aspx?ModuleCode=LAP
  date_scraped: '2019-05-15'
  date_received: '2019-04-24'
- council_reference: MV/552/2017/A
  address: 261A Keilor Road, ESSENDON VIC 3040
  description: Construction of a five storey building with basement, reduction of
    car parking, waiver of loading bay requirements and alteration of access to a
    Road Zone Category 1  Amendment to replace dwellings with serviced apartments
    (Residential Hotel), deletion of basement level, minor internal and external changes
    and amendment to permit conditions
  info_url: https://online.mvcc.vic.gov.au/ePathway/Production/Web/GeneralEnquiry/EnquiryLists.aspx?ModuleCode=LAP
  date_scraped: '2019-05-15'
  date_received: '2019-05-13'
- council_reference: MV/61/2019
  address: 108 Parer Road, AIRPORT WEST VIC 3042
  description: Construction of two dwellings
  info_url: https://online.mvcc.vic.gov.au/ePathway/Production/Web/GeneralEnquiry/EnquiryLists.aspx?ModuleCode=LAP
  date_scraped: '2019-05-15'
  date_received: '2019-01-18'
- council_reference: MV/62/2019
  address: 32 Grandison Street, MOONEE PONDS VIC 3039
  description: Construction of four dwellings
  info_url: https://online.mvcc.vic.gov.au/ePathway/Production/Web/GeneralEnquiry/EnquiryLists.aspx?ModuleCode=LAP
  date_scraped: '2019-05-15'
  date_received: '2019-01-22'
- council_reference: MV/778/2016/A
  address: 1039 Mt Alexander Road, ESSENDON VIC 3040
  description: 'Use of the land to sell or consume liquor associated with an existing
    food and drink premises (cafe) AMENDMENT: extension to operating hours'
  info_url: https://online.mvcc.vic.gov.au/ePathway/Production/Web/GeneralEnquiry/EnquiryLists.aspx?ModuleCode=LAP
  date_scraped: '2019-05-15'
  date_received: '2019-04-26'
- council_reference: MV/812/2016/A
  address: 8 Rosehill Road, NIDDRIE VIC 3042
  description: Construction of two double storey dwellings - Amendment - The south
    facing balcony associated with Dwelling 2 to be a retreat room
  info_url: https://online.mvcc.vic.gov.au/ePathway/Production/Web/GeneralEnquiry/EnquiryLists.aspx?ModuleCode=LAP
  date_scraped: '2019-05-15'
  date_received: '2019-06-07'
