---
- council_reference: 1036/2018/A
  address: 117 Neville Street, MIDDLE PARK VIC 3206
  description: |-
    Partial demolition, alterations and additions and construction of a studio above the garage facing the street.

    Amended to allow the following:
    Demolish entire out-building and rebuild
    Addition of downpipe and rainwater head to east facade
    Window from aluminium to timber
  info_url: https://eservices.portphillip.vic.gov.au/ePathway/Production/Web/GeneralEnquiry/EnquiryLists.aspx?ModuleCode=LAP
  date_scraped: '2019-05-15'
  date_received: '2019-06-24'
- council_reference: 1056/2017/A
  address: 2/456 St Kilda Road, MELBOURNE VIC 3004
  description: |-
    The sale and consumption of liquor in association with the use of the land for a restaurant with 43 seats and reduction of the parking requirements


    Amended to allow the following:

    - Increase Red Line Plan to include outdoor seating
    - Change to condition 3, increasing the number of patrons
    - Change to condition 5, change of operating hours
  info_url: https://eservices.portphillip.vic.gov.au/ePathway/Production/Web/GeneralEnquiry/EnquiryLists.aspx?ModuleCode=LAP
  date_scraped: '2019-05-15'
  date_received: '2019-07-11'
- council_reference: 1170/2017/A
  address: 15 Byron Street, ELWOOD VIC 3184
  description: |-
    Buildings and works including part demolition and ground and first floor extension at the rear of the dwelling


    Amended to allow the following:

    - Removal of rear addition
    - Removal of deck above garage
  info_url: https://eservices.portphillip.vic.gov.au/ePathway/Production/Web/GeneralEnquiry/EnquiryLists.aspx?ModuleCode=LAP
  date_scraped: '2019-05-15'
  date_received: '2019-07-05'
- council_reference: 1174/2017/A
  address: 6 Tennyson Street, ST KILDA VIC 3182
  description: |-
    Demolition of the 1950s City Gate Apartment Building and its replacement with a new three storey residential building; part demolition, alterations, additions and extensions to Bundalohn Mansion; retention and refurbishment of Darwalla; demolition of outbuildings; provision of three car parking spaces with access from Bundalohn Court and  use and development of the site for the purposes of a 50 apartment Residential Building/dwellings (community housing).

    Amended to allow the following:
    - Cement sheeting reduced by 50% on South and West facades
  info_url: https://eservices.portphillip.vic.gov.au/ePathway/Production/Web/GeneralEnquiry/EnquiryLists.aspx?ModuleCode=LAP
  date_scraped: '2019-05-15'
  date_received: '2019-06-26'
- council_reference: 1188/2016/B
  address: 78 Nimmo Street, MIDDLE PARK VIC 3206
  description: |-
    Partial demolition, alterations and additions and extension to rear of the existing dwelling at ground and first floor levels and two storey garage/studio at the rear.


    Amended to allow the following:

    - Overlooking screens
    - Addition of guest kitchenette sink
  info_url: https://eservices.portphillip.vic.gov.au/ePathway/Production/Web/GeneralEnquiry/EnquiryLists.aspx?ModuleCode=LAP
  date_scraped: '2019-05-15'
  date_received: '2019-07-11'
- council_reference: 1227/2015/B
  address: 1/8-12 Punt Road, WINDSOR VIC 3181
  description: |-
    VCAT Appeal - Major Cases - Section 87A
    VCAT REF: P1270/2019

    Alterations to the plans outlined in the Statement of Changes
  info_url: https://eservices.portphillip.vic.gov.au/ePathway/Production/Web/GeneralEnquiry/EnquiryLists.aspx?ModuleCode=LAP
  date_scraped: '2019-05-15'
  date_received: '2019-07-10'
- council_reference: 14/2015/A
  address: 3 Wellington Street, ST KILDA VIC 3182
  description: |-
    Construction and display of an animated electronic major promotion sky sign on the roof of the existing four storey building, measuring 15m wide and projecting above the building by a total of 7.65m; (replacing an existing major promotional sky sign).


    Amended to allow the following:

    - Change type of signage from LED sign to static sign
  info_url: https://eservices.portphillip.vic.gov.au/ePathway/Production/Web/GeneralEnquiry/EnquiryLists.aspx?ModuleCode=LAP
  date_scraped: '2019-05-15'
  date_received: '2019-07-16'
- council_reference: 145/2016/B
  address: 55 Graham Street, ALBERT PARK VIC 3206
  description: |-
    Demolition of the existing dwelling, outbuildings and front fence, construction of a new two storey dwelling with a basement, roof deck, front fence and outbuilding

    Amended to allow the following:
    Alterations to plans to reduce bulk and improve outdoor amenity
  info_url: https://eservices.portphillip.vic.gov.au/ePathway/Production/Web/GeneralEnquiry/EnquiryLists.aspx?ModuleCode=LAP
  date_scraped: '2019-05-15'
  date_received: '2019-06-28'
- council_reference: 164/2018/A
  address: 71 Marine Parade, ELWOOD VIC 3184
  description: "Construct two x three-storey dwellings on a lot in the General Residential
    Zone. Construct a building and construct or carry out works in the Design and
    Development Overlay and Special Building Overlay\n\n\nAmended to allow the following:\n\n-
    Alterations to plans \n- Amendments to conditions, 5, 7 & 11"
  info_url: https://eservices.portphillip.vic.gov.au/ePathway/Production/Web/GeneralEnquiry/EnquiryLists.aspx?ModuleCode=LAP
  date_scraped: '2019-05-15'
  date_received: '2019-07-16'
- council_reference: 22/2019/A
  address: 180A Bay Street, PORT MELBOURNE VIC 3207
  description: |-
    partial demolition, external alterations of a building and construct and display business identification signage

    Amended to allow to following:
    Replace approved static image light box to LED digital panel
  info_url: https://eservices.portphillip.vic.gov.au/ePathway/Production/Web/GeneralEnquiry/EnquiryLists.aspx?ModuleCode=LAP
  date_scraped: '2019-05-15'
  date_received: '2019-06-24'
- council_reference: 221/2017/A
  address: 50 Nimmo Street, MIDDLE PARK VIC 3206
  description: |-
    Partial demolition, alterations, additions and construction of a two storey addition at the rear of a house.


    Amended to allow the following:

    - Retrospective works to rectify privacy issue. Installation of translucent window
  info_url: https://eservices.portphillip.vic.gov.au/ePathway/Production/Web/GeneralEnquiry/EnquiryLists.aspx?ModuleCode=LAP
  date_scraped: '2019-05-15'
  date_received: '2019-07-17'
- council_reference: 281/2010/D
  address: 10-18 Jacka Boulevard, ST KILDA VIC 3182
  description: "Amend the existing permit (allowing the courtyard marquee) to allow:\n-
    Relocation of the marquee to the west of internal courtyard.\n- Reduce the marquee
    size from 195m2 to 70m2. \n- Alter its roof from pitched shape to curved roof
    shape.\n- Altered wording to the permit to reflect the above size reduction."
  info_url: https://eservices.portphillip.vic.gov.au/ePathway/Production/Web/GeneralEnquiry/EnquiryLists.aspx?ModuleCode=LAP
  date_scraped: '2019-05-15'
  date_received: '2019-06-24'
- council_reference: 308/2018/A
  address: 146 Dow Street, PORT MELBOURNE VIC 3207
  description: |-
    Demolition of the dwelling and partial demolition of the garage, alterations and additions including the construction of a two storey dwelling and a two storey addition to the garage at the rear of the site


    Amended to allow the following:

    - Alterations to existing and proposed wall/fence
  info_url: https://eservices.portphillip.vic.gov.au/ePathway/Production/Web/GeneralEnquiry/EnquiryLists.aspx?ModuleCode=LAP
  date_scraped: '2019-05-15'
  date_received: '2019-07-16'
- council_reference: 408/2019
  address: 355 Bay Street, PORT MELBOURNE VIC 3207
  description: Change of Use
  info_url: https://eservices.portphillip.vic.gov.au/ePathway/Production/Web/GeneralEnquiry/EnquiryLists.aspx?ModuleCode=LAP
  date_scraped: '2019-05-15'
  date_received: '2019-06-25'
- council_reference: 410/2019
  address: 126 Mills Street, ALBERT PARK VIC 3206
  description: Replace roof sheets with galvanised roof sheets to match appearance
    of existing roof. Spouting & guttering to be replaced as well.
  info_url: https://eservices.portphillip.vic.gov.au/ePathway/Production/Web/GeneralEnquiry/EnquiryLists.aspx?ModuleCode=LAP
  date_scraped: '2019-05-15'
  date_received: '2019-06-28'
- council_reference: 411/2019
  address: 320 Plummer Street, PORT MELBOURNE VIC 3207
  description: |-
    Four hundred and forty four (444) lot staged subdivision
    PS746020J
    SPEAR REF: S139212E
  info_url: https://eservices.portphillip.vic.gov.au/ePathway/Production/Web/GeneralEnquiry/EnquiryLists.aspx?ModuleCode=LAP
  date_scraped: '2019-05-15'
  date_received: '2019-06-24'
- council_reference: 412/2019
  address: 18-28 Chessell Street, SOUTHBANK VIC 3006
  description: |-
    Removal of easement
    SPEAR REF: S143347H
  info_url: https://eservices.portphillip.vic.gov.au/ePathway/Production/Web/GeneralEnquiry/EnquiryLists.aspx?ModuleCode=LAP
  date_scraped: '2019-05-15'
  date_received: '2019-07-12'
- council_reference: 413/2019
  address: 23 William Street, BALACLAVA VIC 3183
  description: Construction of a ten storey mixed use building.
  info_url: https://eservices.portphillip.vic.gov.au/ePathway/Production/Web/GeneralEnquiry/EnquiryLists.aspx?ModuleCode=LAP
  date_scraped: '2019-05-15'
  date_received: '2019-06-24'
- council_reference: 414/2019
  address: 2 Meredith Street, ELWOOD VIC 3184
  description: |-
    Two (2) lot subdivision
    PS823527T
    SPEAR REF: S142547B
  info_url: https://eservices.portphillip.vic.gov.au/ePathway/Production/Web/GeneralEnquiry/EnquiryLists.aspx?ModuleCode=LAP
  date_scraped: '2019-05-15'
  date_received: '2019-06-24'
- council_reference: 415/2019
  address: 4A Meredith Street, ELWOOD VIC 3184
  description: |-
    Four (4) lot subdivision
    PS830092N
    SPEAR REF: S142549S
  info_url: https://eservices.portphillip.vic.gov.au/ePathway/Production/Web/GeneralEnquiry/EnquiryLists.aspx?ModuleCode=LAP
  date_scraped: '2019-05-15'
  date_received: '2019-06-24'
- council_reference: 416/2019
  address: 2 Meredith Street, ELWOOD VIC 3184
  description: |-
    Seven (7) lot subdivision
    PS833870X
    SPEAR REF: S142551V
  info_url: https://eservices.portphillip.vic.gov.au/ePathway/Production/Web/GeneralEnquiry/EnquiryLists.aspx?ModuleCode=LAP
  date_scraped: '2019-05-15'
  date_received: '2019-06-24'
- council_reference: 417/2019
  address: 92 Carlisle Street, ST KILDA VIC 3182
  description: Development of the land with a six storey building (above basement)
    comprising 32 dwellings, one restaurant/cafe use and reduction of the planning
    scheme car parking requirement for the dwellings (18 spaces proposed) and none
    for the commercial use.
  info_url: https://eservices.portphillip.vic.gov.au/ePathway/Production/Web/GeneralEnquiry/EnquiryLists.aspx?ModuleCode=LAP
  date_scraped: '2019-05-15'
  date_received: '2019-06-24'
- council_reference: 418/2019
  address: 1 Beach Avenue, ELWOOD VIC 3184
  description: The construction of a new residential dwelling.
  info_url: https://eservices.portphillip.vic.gov.au/ePathway/Production/Web/GeneralEnquiry/EnquiryLists.aspx?ModuleCode=LAP
  date_scraped: '2019-05-15'
  date_received: '2019-06-25'
- council_reference: 419/2019
  address: 3/52 Fitzroy Street, ST KILDA VIC 3182
  description: Extend concrete boundary wall vertically to two metre high using horizontal
    hard wood planks.
  info_url: https://eservices.portphillip.vic.gov.au/ePathway/Production/Web/GeneralEnquiry/EnquiryLists.aspx?ModuleCode=LAP
  date_scraped: '2019-05-15'
  date_received: '2019-06-26'
- council_reference: 420/2019
  address: 129 Kerferd Road, ALBERT PARK VIC 3206
  description: retrospective demolition of a chimney to the rear of the dwelling
  info_url: https://eservices.portphillip.vic.gov.au/ePathway/Production/Web/GeneralEnquiry/EnquiryLists.aspx?ModuleCode=LAP
  date_scraped: '2019-05-15'
  date_received: '2019-06-26'
- council_reference: 421/2019
  address: 169 Chapel Street, ST KILDA VIC 3182
  description: Construction and display of an electronic sign
  info_url: https://eservices.portphillip.vic.gov.au/ePathway/Production/Web/GeneralEnquiry/EnquiryLists.aspx?ModuleCode=LAP
  date_scraped: '2019-05-15'
  date_received: '2019-06-26'
- council_reference: 422/2019
  address: 12 Greig Street, ALBERT PARK VIC 3206
  description: Partial demolition, alterations and additions and two storey extension
    to the rear of the dwelling, including upper level deck.
  info_url: https://eservices.portphillip.vic.gov.au/ePathway/Production/Web/GeneralEnquiry/EnquiryLists.aspx?ModuleCode=LAP
  date_scraped: '2019-05-15'
  date_received: '2019-06-27'
- council_reference: 423/2019
  address: 12 Victoria Street, ST KILDA VIC 3182
  description: Rear extension to existing single storey dwelling.
  info_url: https://eservices.portphillip.vic.gov.au/ePathway/Production/Web/GeneralEnquiry/EnquiryLists.aspx?ModuleCode=LAP
  date_scraped: '2019-05-15'
  date_received: '2019-06-27'
- council_reference: 424/2019
  address: 20 Grey Street, ST KILDA VIC 3182
  description: Repair and repaint facade of building and removal of existing awning
    on the facade of the building
  info_url: https://eservices.portphillip.vic.gov.au/ePathway/Production/Web/GeneralEnquiry/EnquiryLists.aspx?ModuleCode=LAP
  date_scraped: '2019-05-15'
  date_received: '2019-06-27'
- council_reference: 425/2019
  address: 380 Howe Parade, PORT MELBOURNE VIC 3207
  description: construction of solar panels to the roof of the dwelling
  info_url: https://eservices.portphillip.vic.gov.au/ePathway/Production/Web/GeneralEnquiry/EnquiryLists.aspx?ModuleCode=LAP
  date_scraped: '2019-05-15'
  date_received: '2019-06-28'
- council_reference: 426/2019
  address: 77 Acland Street, ST KILDA VIC 3182
  description: "- Buildings and works including external alterations to the building
    (window openings changed) \n- Use of the site for sale and consumption of liquor
    (restaurant/cafe licence) operating 9am to 1pm sundays to Wednesdays and 9am to
    3am Thursdays to Sundays\n- A reduction of car parking provision associated with
    the change of use from office to a 118 patron restaurant."
  info_url: https://eservices.portphillip.vic.gov.au/ePathway/Production/Web/GeneralEnquiry/EnquiryLists.aspx?ModuleCode=LAP
  date_scraped: '2019-05-15'
  date_received: '2019-06-28'
- council_reference: 428/2019
  address: 52 Fitzroy Street, ST KILDA VIC 3182
  description: Retrospective application for the construction of rear boundary fence
  info_url: https://eservices.portphillip.vic.gov.au/ePathway/Production/Web/GeneralEnquiry/EnquiryLists.aspx?ModuleCode=LAP
  date_scraped: '2019-05-15'
  date_received: '2019-07-03'
- council_reference: 429/2019
  address: 392 Bay Street, PORT MELBOURNE VIC 3207
  description: Partial demolition and construction of a second dwelling on the lot
    with associated reduction to car parking requirement
  info_url: https://eservices.portphillip.vic.gov.au/ePathway/Production/Web/GeneralEnquiry/EnquiryLists.aspx?ModuleCode=LAP
  date_scraped: '2019-05-15'
  date_received: '2019-07-04'
- council_reference: 430/2019
  address: 1/44 Blenheim Street, BALACLAVA VIC 3183
  description: construction of a vehicle crossover, fence and car space within the
    front setback of the site
  info_url: https://eservices.portphillip.vic.gov.au/ePathway/Production/Web/GeneralEnquiry/EnquiryLists.aspx?ModuleCode=LAP
  date_scraped: '2019-05-15'
  date_received: '2019-07-03'
- council_reference: 431/2019
  address: 160 Liardet Street, PORT MELBOURNE VIC 3207
  description: Single storey additions to dwelling
  info_url: https://eservices.portphillip.vic.gov.au/ePathway/Production/Web/GeneralEnquiry/EnquiryLists.aspx?ModuleCode=LAP
  date_scraped: '2019-05-15'
  date_received: '2019-07-03'
- council_reference: 432/2019
  address: 197 Ormond Road, ELWOOD VIC 3184
  description: construction of a timber deck and swimming pool to the rear of the
    dwelling
  info_url: https://eservices.portphillip.vic.gov.au/ePathway/Production/Web/GeneralEnquiry/EnquiryLists.aspx?ModuleCode=LAP
  date_scraped: '2019-05-15'
  date_received: '2019-07-03'
- council_reference: 433/2019
  address: 22 Lyons Street, PORT MELBOURNE VIC 3207
  description: "Restoration of heritage facade, renovation of existing two rooms,
    and a two storey recessive contemporary extension to the rear. \n\n\nPlease note
    that a subdivision for this lot has been issued separately about 8 weeks ago.
    \nThis proposal is in line with the subdivision being approved, and each of the
    the townhouses will be on a single lot."
  info_url: https://eservices.portphillip.vic.gov.au/ePathway/Production/Web/GeneralEnquiry/EnquiryLists.aspx?ModuleCode=LAP
  date_scraped: '2019-05-15'
  date_received: '2019-07-03'
- council_reference: 434/2019
  address: 24 Lyons Street, PORT MELBOURNE VIC 3207
  description: "Restoration of heritage facade, renovation of existing two rooms,
    and a two storey recessive contemporary extension to the rear. \n\n\nPlease note
    that a subdivision for this lot has been issued separately about 8 weeks ago.
    \nThis proposal is in line with the subdivision being approved, and each of the
    the townhouses will be on a single lot."
  info_url: https://eservices.portphillip.vic.gov.au/ePathway/Production/Web/GeneralEnquiry/EnquiryLists.aspx?ModuleCode=LAP
  date_scraped: '2019-05-15'
  date_received: '2019-07-03'
- council_reference: 435/2019
  address: 26 Lyons Street, PORT MELBOURNE VIC 3207
  description: "Restoration of heritage facade, renovation of existing two rooms,
    and a two storey recessive contemporary extension to the rear. \n\n\nPlease note
    that a subdivision for this lot has been issued separately about 8 weeks ago.
    \nThis proposal is in line with the subdivision being approved, and each of the
    the townhouses will be on a single lot."
  info_url: https://eservices.portphillip.vic.gov.au/ePathway/Production/Web/GeneralEnquiry/EnquiryLists.aspx?ModuleCode=LAP
  date_scraped: '2019-05-15'
  date_received: '2019-07-03'
- council_reference: 436/2019
  address: 37-47 Thistlethwaite Street, SOUTH MELBOURNE VIC 3205
  description: Buildings and works and change of use for a tertiary education centre
  info_url: https://eservices.portphillip.vic.gov.au/ePathway/Production/Web/GeneralEnquiry/EnquiryLists.aspx?ModuleCode=LAP
  date_scraped: '2019-05-15'
  date_received: '2019-07-04'
- council_reference: 437/2019
  address: 5 McGregor Street, MIDDLE PARK VIC 3206
  description: Partial demolition and alterations and additions to accomodate a ground
    floor level extension to the rear of a terrace dwelling.
  info_url: https://eservices.portphillip.vic.gov.au/ePathway/Production/Web/GeneralEnquiry/EnquiryLists.aspx?ModuleCode=LAP
  date_scraped: '2019-05-15'
  date_received: '2019-07-04'
- council_reference: 438/2019
  address: 86 Richardson Street, ALBERT PARK VIC 3206
  description: external painting of the dwelling
  info_url: https://eservices.portphillip.vic.gov.au/ePathway/Production/Web/GeneralEnquiry/EnquiryLists.aspx?ModuleCode=LAP
  date_scraped: '2019-05-15'
  date_received: '2019-07-04'
- council_reference: 439/2019
  address: 66 Richardson Street, ALBERT PARK VIC 3206
  description: Proposed addition and alterations
  info_url: https://eservices.portphillip.vic.gov.au/ePathway/Production/Web/GeneralEnquiry/EnquiryLists.aspx?ModuleCode=LAP
  date_scraped: '2019-05-15'
  date_received: '2019-07-04'
- council_reference: 440/2019
  address: 100 York Street, SOUTH MELBOURNE VIC 3205
  description: Alterations to facade and first floor window
  info_url: https://eservices.portphillip.vic.gov.au/ePathway/Production/Web/GeneralEnquiry/EnquiryLists.aspx?ModuleCode=LAP
  date_scraped: '2019-05-15'
  date_received: '2019-07-04'
- council_reference: 441/2019
  address: 134 Wright Street, MIDDLE PARK VIC 3206
  description: Partial demolition and alterations and additions to the existing dwelling
    including construction of a single and double storey extension to the rear.
  info_url: https://eservices.portphillip.vic.gov.au/ePathway/Production/Web/GeneralEnquiry/EnquiryLists.aspx?ModuleCode=LAP
  date_scraped: '2019-05-15'
  date_received: '2019-07-05'
- council_reference: 442/2019
  address: 7 Charnwood Road, ST KILDA VIC 3182
  description: external alterations to the dwelling, and the installation of skylights
  info_url: https://eservices.portphillip.vic.gov.au/ePathway/Production/Web/GeneralEnquiry/EnquiryLists.aspx?ModuleCode=LAP
  date_scraped: '2019-05-15'
  date_received: '2019-07-05'
- council_reference: 443/2019
  address: 413 Nott Street, PORT MELBOURNE VIC 3207
  description: Proposed extension to existing dwelling
  info_url: https://eservices.portphillip.vic.gov.au/ePathway/Production/Web/GeneralEnquiry/EnquiryLists.aspx?ModuleCode=LAP
  date_scraped: '2019-05-15'
  date_received: '2019-07-11'
- council_reference: 444/2019
  address: 225 Hotham Street, RIPPONLEA VIC 3185
  description: Alterations and additions to existing 6 units
  info_url: https://eservices.portphillip.vic.gov.au/ePathway/Production/Web/GeneralEnquiry/EnquiryLists.aspx?ModuleCode=LAP
  date_scraped: '2019-05-15'
  date_received: '2019-07-08'
- council_reference: 445/2019
  address: 9/435 Williamstown Road, PORT MELBOURNE VIC 3207
  description: construction of a mezzanine
  info_url: https://eservices.portphillip.vic.gov.au/ePathway/Production/Web/GeneralEnquiry/EnquiryLists.aspx?ModuleCode=LAP
  date_scraped: '2019-05-15'
  date_received: '2019-07-08'
- council_reference: 446/2019
  address: 29 Johnson Street, ST KILDA EAST VIC 3183
  description: Proposed alterations and additions to existing two storey brick dwelling
  info_url: https://eservices.portphillip.vic.gov.au/ePathway/Production/Web/GeneralEnquiry/EnquiryLists.aspx?ModuleCode=LAP
  date_scraped: '2019-05-15'
  date_received: '2019-07-08'
- council_reference: 447/2019
  address: 323-331 Williamstown Road, PORT MELBOURNE VIC 3207
  description: Change of use to a trade supplies store
  info_url: https://eservices.portphillip.vic.gov.au/ePathway/Production/Web/GeneralEnquiry/EnquiryLists.aspx?ModuleCode=LAP
  date_scraped: '2019-05-15'
  date_received: '2019-07-08'
- council_reference: 448/2019
  address: 201 Liardet Street, PORT MELBOURNE VIC 3207
  description: the construction and installation of a domestic service (electric blind)
    to a window and door on the second floor of the dwelling
  info_url: https://eservices.portphillip.vic.gov.au/ePathway/Production/Web/GeneralEnquiry/EnquiryLists.aspx?ModuleCode=LAP
  date_scraped: '2019-05-15'
  date_received: '2019-07-08'
- council_reference: 449/2019
  address: 29 Moubray Street, ALBERT PARK VIC 3206
  description: retrospective construction of a hot water system, heating unit and
    air conditioning unit to the rear of the dwelling
  info_url: https://eservices.portphillip.vic.gov.au/ePathway/Production/Web/GeneralEnquiry/EnquiryLists.aspx?ModuleCode=LAP
  date_scraped: '2019-05-15'
  date_received: '2019-07-08'
- council_reference: 450/2019
  address: 20 Glen Eira Road, RIPPONLEA VIC 3185
  description: |-
    Two (2) lot subdivision
    PS831138K
    SPEAR REF: S143118S
  info_url: https://eservices.portphillip.vic.gov.au/ePathway/Production/Web/GeneralEnquiry/EnquiryLists.aspx?ModuleCode=LAP
  date_scraped: '2019-05-15'
  date_received: '2019-07-09'
- council_reference: 451/2019
  address: 219 Cecil Street, SOUTH MELBOURNE VIC 3205
  description: Rear addition and internal alterations to a double storey terrace dwelling
    in a heritage overlay area.
  info_url: https://eservices.portphillip.vic.gov.au/ePathway/Production/Web/GeneralEnquiry/EnquiryLists.aspx?ModuleCode=LAP
  date_scraped: '2019-05-15'
  date_received: '2019-07-10'
- council_reference: 452/2019
  address: 53 Dickens Street, ELWOOD VIC 3184
  description: construction of front fence and gate
  info_url: https://eservices.portphillip.vic.gov.au/ePathway/Production/Web/GeneralEnquiry/EnquiryLists.aspx?ModuleCode=LAP
  date_scraped: '2019-05-15'
  date_received: '2019-07-10'
- council_reference: 453/2019
  address: 328 Howe Parade, PORT MELBOURNE VIC 3207
  description: Additions and alterations to a heritage dwelling
  info_url: https://eservices.portphillip.vic.gov.au/ePathway/Production/Web/GeneralEnquiry/EnquiryLists.aspx?ModuleCode=LAP
  date_scraped: '2019-05-15'
  date_received: '2019-07-10'
- council_reference: 454/2019
  address: 10 Enterprise Avenue, PORT MELBOURNE VIC 3207
  description: Addition and alterations to a dwelling in a Heritage Overlay (HO2)
  info_url: https://eservices.portphillip.vic.gov.au/ePathway/Production/Web/GeneralEnquiry/EnquiryLists.aspx?ModuleCode=LAP
  date_scraped: '2019-05-15'
  date_received: '2019-07-11'
- council_reference: 455/2019
  address: 13 Linton Street, BALACLAVA VIC 3183
  description: Alterations and additions to existing dwelling.
  info_url: https://eservices.portphillip.vic.gov.au/ePathway/Production/Web/GeneralEnquiry/EnquiryLists.aspx?ModuleCode=LAP
  date_scraped: '2019-05-15'
  date_received: '2019-07-11'
- council_reference: 456/2019
  address: 115 Canterbury Road, MIDDLE PARK VIC 3206
  description: Partial Demolition to rear or residence & constructing new building
    and wall on boundary
  info_url: https://eservices.portphillip.vic.gov.au/ePathway/Production/Web/GeneralEnquiry/EnquiryLists.aspx?ModuleCode=LAP
  date_scraped: '2019-05-15'
  date_received: '2019-07-11'
- council_reference: 457/2019
  address: 96 Pakington Street, ST KILDA VIC 3182
  description: Construction of an out building
  info_url: https://eservices.portphillip.vic.gov.au/ePathway/Production/Web/GeneralEnquiry/EnquiryLists.aspx?ModuleCode=LAP
  date_scraped: '2019-05-15'
  date_received: '2019-07-11'
- council_reference: 458/2019
  address: 53 Ruskin Street, ELWOOD VIC 3184
  description: retrospective construction of boundary fence at the rear of the dwelling
  info_url: https://eservices.portphillip.vic.gov.au/ePathway/Production/Web/GeneralEnquiry/EnquiryLists.aspx?ModuleCode=LAP
  date_scraped: '2019-05-15'
  date_received: '2019-07-11'
- council_reference: 459/2019
  address: 154 Chapel Street, ST KILDA VIC 3182
  description: Erection of signage for serviced apartment development
  info_url: https://eservices.portphillip.vic.gov.au/ePathway/Production/Web/GeneralEnquiry/EnquiryLists.aspx?ModuleCode=LAP
  date_scraped: '2019-05-15'
  date_received: '2019-07-11'
- council_reference: 460/2019
  address: 232-234 York Street, SOUTH MELBOURNE VIC 3205
  description: Indoor Rowing Studio
  info_url: https://eservices.portphillip.vic.gov.au/ePathway/Production/Web/GeneralEnquiry/EnquiryLists.aspx?ModuleCode=LAP
  date_scraped: '2019-05-15'
  date_received: '2019-07-15'
- council_reference: 461/2019
  address: 1/354 Dandenong Road, ST KILDA EAST VIC 3183
  description: Retrospective construction of boundary fences and screens.
  info_url: https://eservices.portphillip.vic.gov.au/ePathway/Production/Web/GeneralEnquiry/EnquiryLists.aspx?ModuleCode=LAP
  date_scraped: '2019-05-15'
  date_received: '2019-07-12'
- council_reference: 462/2019
  address: 7-13 Union Street, SOUTH MELBOURNE VIC 3205
  description: Part demolition, buildings and works including painting.
  info_url: https://eservices.portphillip.vic.gov.au/ePathway/Production/Web/GeneralEnquiry/EnquiryLists.aspx?ModuleCode=LAP
  date_scraped: '2019-05-15'
  date_received: '2019-07-12'
- council_reference: 463/2019
  address: 14 Faussett Street, ALBERT PARK VIC 3206
  description: Construction of open steel frame (no roofing) and rolling door to rear
    of property
  info_url: https://eservices.portphillip.vic.gov.au/ePathway/Production/Web/GeneralEnquiry/EnquiryLists.aspx?ModuleCode=LAP
  date_scraped: '2019-05-15'
  date_received: '2019-07-12'
- council_reference: 465/2019
  address: 2/45 Ormond Esplanade, ELWOOD VIC 3184
  description: Proposed internal alterations to double story apartment including alterations
    to external windows/doors and balustrade
  info_url: https://eservices.portphillip.vic.gov.au/ePathway/Production/Web/GeneralEnquiry/EnquiryLists.aspx?ModuleCode=LAP
  date_scraped: '2019-05-15'
  date_received: '2019-07-15'
- council_reference: 466/2019
  address: 36 Sandridge Avenue, PORT MELBOURNE VIC 3207
  description: Installation of solar panels.
  info_url: https://eservices.portphillip.vic.gov.au/ePathway/Production/Web/GeneralEnquiry/EnquiryLists.aspx?ModuleCode=LAP
  date_scraped: '2019-05-15'
  date_received: '2019-07-15'
- council_reference: 467/2019
  address: 5 Hood Street, ELWOOD VIC 3184
  description: Alterations and additions to a dwelling on a lot size between 300 and
    500 square meters.
  info_url: https://eservices.portphillip.vic.gov.au/ePathway/Production/Web/GeneralEnquiry/EnquiryLists.aspx?ModuleCode=LAP
  date_scraped: '2019-05-15'
  date_received: '2019-07-16'
- council_reference: 468/2019
  address: 202/87 Dundas Place, ALBERT PARK VIC 3206
  description: construction of a retractable awning to the first-floor balcony
  info_url: https://eservices.portphillip.vic.gov.au/ePathway/Production/Web/GeneralEnquiry/EnquiryLists.aspx?ModuleCode=LAP
  date_scraped: '2019-05-15'
  date_received: '2019-07-15'
- council_reference: 469/2019
  address: 150 Barkly Street, ST KILDA VIC 3182
  description: Change of existing shop use to restricted recreational facility - Gym
  info_url: https://eservices.portphillip.vic.gov.au/ePathway/Production/Web/GeneralEnquiry/EnquiryLists.aspx?ModuleCode=LAP
  date_scraped: '2019-05-15'
  date_received: '2019-07-16'
- council_reference: 470/2019
  address: 20 Raglan Street, SOUTH MELBOURNE VIC 3205
  description: Alterations including replacement of skylights and windows and re-slating
    part of the roof.
  info_url: https://eservices.portphillip.vic.gov.au/ePathway/Production/Web/GeneralEnquiry/EnquiryLists.aspx?ModuleCode=LAP
  date_scraped: '2019-05-15'
  date_received: '2019-07-16'
- council_reference: 471/2019
  address: 72 Page Street, ALBERT PARK VIC 3206
  description: Partial demolition and construction of a ground and first floor addition
    on allotment under 500sqm
  info_url: https://eservices.portphillip.vic.gov.au/ePathway/Production/Web/GeneralEnquiry/EnquiryLists.aspx?ModuleCode=LAP
  date_scraped: '2019-05-15'
  date_received: '2019-07-17'
- council_reference: 472/2019
  address: 61-67 Queens Road, MELBOURNE VIC 3004
  description: buildings and works including alterations to bulkhead and ground floor
    lobby entrance doors
  info_url: https://eservices.portphillip.vic.gov.au/ePathway/Production/Web/GeneralEnquiry/EnquiryLists.aspx?ModuleCode=LAP
  date_scraped: '2019-05-15'
  date_received: '2019-07-17'
- council_reference: 473/2019
  address: 58 Milton Street, ELWOOD VIC 3184
  description: Construct an out-building to the rear of the dwelling and external
    paving
  info_url: https://eservices.portphillip.vic.gov.au/ePathway/Production/Web/GeneralEnquiry/EnquiryLists.aspx?ModuleCode=LAP
  date_scraped: '2019-05-15'
  date_received: '2019-07-17'
- council_reference: 474/2019
  address: 103 McGregor Street, MIDDLE PARK VIC 3206
  description: DEMOLITION OF EXISTING EXTENSION AND CONSTRUCTION OF NEW EXTENSION
  info_url: https://eservices.portphillip.vic.gov.au/ePathway/Production/Web/GeneralEnquiry/EnquiryLists.aspx?ModuleCode=LAP
  date_scraped: '2019-05-15'
  date_received: '2019-07-18'
- council_reference: 475/2019
  address: 14 Odessa Street, ST KILDA VIC 3182
  description: Renovation works to the exterior and front facade to restore it to
    original victorian condition, including porch, veranda, front door, window, fence
    and garden.
  info_url: https://eservices.portphillip.vic.gov.au/ePathway/Production/Web/GeneralEnquiry/EnquiryLists.aspx?ModuleCode=LAP
  date_scraped: '2019-05-15'
  date_received: '2019-07-18'
- council_reference: 476/2019
  address: 125 Napier Street, SOUTH MELBOURNE VIC 3205
  description: Proposed addition and alterations to existing dwelling
  info_url: https://eservices.portphillip.vic.gov.au/ePathway/Production/Web/GeneralEnquiry/EnquiryLists.aspx?ModuleCode=LAP
  date_scraped: '2019-05-15'
  date_received: '2019-07-19'
- council_reference: 477/2019
  address: 42 Balston Street, BALACLAVA VIC 3183
  description: Two storey alterations to rear of existing single storey dwelling and
    rooftop deck on top of second storey
  info_url: https://eservices.portphillip.vic.gov.au/ePathway/Production/Web/GeneralEnquiry/EnquiryLists.aspx?ModuleCode=LAP
  date_scraped: '2019-05-15'
  date_received: '2019-07-19'
- council_reference: 495/2017/A
  address: 42-44 Glen Eira Road, RIPPONLEA VIC 3185
  description: |-
    General liquor licence associated with the use of the land as a shop and a tavern (as-of-right uses), associated car parking dispensation and waiver of loading bay requirements, partial demolition and alterations and additions to the existing building and construction and display of internally illuminated business identification signage

    Amended to allow the following:
    Increase venue capacity to 45 pax. (Will be installing new mens toilet to cater for capacity)
  info_url: https://eservices.portphillip.vic.gov.au/ePathway/Production/Web/GeneralEnquiry/EnquiryLists.aspx?ModuleCode=LAP
  date_scraped: '2019-05-15'
  date_received: '2019-06-28'
- council_reference: 522/2018/A
  address: 107 Raglan Street, SOUTH MELBOURNE VIC 3205
  description: |-
    Partial demolition, external alterations and minor additions to the single storey dwelling


    Amended to allow the following:

    - Addition of a pergola
  info_url: https://eservices.portphillip.vic.gov.au/ePathway/Production/Web/GeneralEnquiry/EnquiryLists.aspx?ModuleCode=LAP
  date_scraped: '2019-05-15'
  date_received: '2019-07-02'
- council_reference: 57/2019/A
  address: 183 Alma Road, ST KILDA EAST VIC 3183
  description: |-
    Alterations and additions to a single storey dwelling on a lot of less than 500 sqm within a Heritage Overlay and Special Building Overlay


    Amended to allow the following:

    - Construction of new side boundary fence
    - Amendment to the proportion of ensuite window
  info_url: https://eservices.portphillip.vic.gov.au/ePathway/Production/Web/GeneralEnquiry/EnquiryLists.aspx?ModuleCode=LAP
  date_scraped: '2019-05-15'
  date_received: '2019-07-03'
- council_reference: 606/2017/A
  address: 8 Palmerston Crescent, SOUTH MELBOURNE VIC 3205
  description: "-the construction of a building and the carrying out of works for
    a multi-storey building containing dwellings;\n-the use of the land for office
    and \n-food and drink premises (cafe and restaurant); and \n-reduction of the
    car parking requirements,\nin accordance with the endorsed plans.\n\nAmended to
    allow the following:\nAmend conditions 1 & 14\nChanges to plans"
  info_url: https://eservices.portphillip.vic.gov.au/ePathway/Production/Web/GeneralEnquiry/EnquiryLists.aspx?ModuleCode=LAP
  date_scraped: '2019-05-15'
  date_received: '2019-06-24'
- council_reference: 642/2016/A
  address: 82 Wright Street, MIDDLE PARK VIC 3206
  description: |-
    Amend the existing permit to allow the following:

    - Removal of the basement
    - Internal changes to the rear
    - Doors added to rear wall
    - Removal of planter boxes in courtyard
    - Installation of new solar panel
    - Changes to roof form altering the wall on boundary
  info_url: https://eservices.portphillip.vic.gov.au/ePathway/Production/Web/GeneralEnquiry/EnquiryLists.aspx?ModuleCode=LAP
  date_scraped: '2019-05-15'
  date_received: '2019-06-24'
- council_reference: 829/2007/B
  address: 61 Alexandra Street, ST KILDA EAST VIC 3183
  description: |-
    Partial demolition, buildings and works to increase the student capacity of the educational facility


    Amendment to allow the following:

    - Deletion of the first floor level of the western component
    - Construction of new northern component comprising of a double storey building consisting of nine (9) bedrooms and amenities.
    - Relocation of Canary Island palm
    - Modified paving to western accessway
    - Relocation of bike parking racks to western site
  info_url: https://eservices.portphillip.vic.gov.au/ePathway/Production/Web/GeneralEnquiry/EnquiryLists.aspx?ModuleCode=LAP
  date_scraped: '2019-05-15'
  date_received: '2019-07-02'
- council_reference: 916/2006/K
  address: 6/9 Rocklea Drive, PORT MELBOURNE VIC 3207
  description: |-
    Demolition of existing warehouse structures, retention of existing office block, redevelopment of the site to contain warehouse storage, showroom with ancillary office space and tradesman stores with associated car parking and loading zones, installation of a new double crossover to Plummer Street, a new double and one single crossover to Rocklea Drive and associated landscaping

    Amendment as follows:
    adding mezzanine level
  info_url: https://eservices.portphillip.vic.gov.au/ePathway/Production/Web/GeneralEnquiry/EnquiryLists.aspx?ModuleCode=LAP
  date_scraped: '2019-05-15'
  date_received: '2019-07-11'
- council_reference: 971/2018/A
  address: 6-8 Farmer Street, ST KILDA VIC 3182
  description: "Use of land for a restricted recreation facility (yoga, pilates and
    gym) and medical centre (physiotherapy) with associated reduction of car parking
    and construction and display of an internally illuminated business identification
    sign.\n\n\nAmended to allow the following:\n\n- Change of use to a Mixed Martial
    Arts facility\n- Change of plans to suit use\n- Change to Condition 5 of the permit.
    Amend operating hours to - 6:30am to 8:30pm  \n- Signage"
  info_url: https://eservices.portphillip.vic.gov.au/ePathway/Production/Web/GeneralEnquiry/EnquiryLists.aspx?ModuleCode=LAP
  date_scraped: '2019-05-15'
  date_received: '2019-07-19'
- council_reference: 977/2015/B
  address: 201-209 Ferrars Street, SOUTH MELBOURNE VIC 3205
  description: |-
    VCAT Appeal - Section 87A
    VCAT REF: P1222/2019
  info_url: https://eservices.portphillip.vic.gov.au/ePathway/Production/Web/GeneralEnquiry/EnquiryLists.aspx?ModuleCode=LAP
  date_scraped: '2019-05-15'
  date_received: '2019-07-10'
- council_reference: 987/2017/A
  address: 32 Glover Street, SOUTH MELBOURNE VIC 3205
  description: |-
    Partial demolition of the dwelling, construction of buildings and works including construction of a two storey extension


    Amended to allow the following:

    - Corrections of heights
  info_url: https://eservices.portphillip.vic.gov.au/ePathway/Production/Web/GeneralEnquiry/EnquiryLists.aspx?ModuleCode=LAP
  date_scraped: '2019-05-15'
  date_received: '2019-07-11'
