---
- council_reference: 2003/124/B
  address: Shop 2/114-116 Jupiter Boulevard  Venus Bay  VIC  3956
  description: Amend Permit 2003/124/A for 'The Cavity Bar' to increase patron numbers
    from 55 to 150, waive onsite car parking requirement relating to increased patron
    numbers, increase the 'red line' area for the sale and consumption of liquor,
    allow trading between 8am-11pm Monday-Sunday and remove condition prohibiting
    live music, entertainment and dancing
  info_url: https://eservices.southgippsland.vic.gov.au/ePathway/ePathProd/Web/GeneralEnquiry/EnquiryLists.aspx?ModuleCode=LAP
  date_scraped: '2019-05-14'
  date_received: '2019-01-09'
- council_reference: 2006/79/K
  address: Unit 1-50/1 Dale Drive  Leongatha  VIC  3953
  description: Retirement village with 45 units and staged subdivision - Amendment
    to include privacy screens
  info_url: https://eservices.southgippsland.vic.gov.au/ePathway/ePathProd/Web/GeneralEnquiry/EnquiryLists.aspx?ModuleCode=LAP
  date_scraped: '2019-05-14'
  date_received: '2018-10-16'
- council_reference: 2014/146/A
  address: 65 Goochs Road  Jumbunna  VIC  3951
  description: Amend existing permit for use and development of a rural industry,
    restaurant, host farm, display of business identification signage, waiver of required
    bicycle facilities to include Liquor licence, function centre, place of assembly,
    group accommodation, increase in patron numbers to 70, partial waiver of car parking
    requirements and amendment of plans
  info_url: https://eservices.southgippsland.vic.gov.au/ePathway/ePathProd/Web/GeneralEnquiry/EnquiryLists.aspx?ModuleCode=LAP
  date_scraped: '2019-05-14'
  date_received: '2019-03-12'
- council_reference: 2017/364
  address: 1-5 Roughead Street  Leongatha  VIC  3953
  description: Buildings and works to re-develop and extend a vehicle sales showroom,
    advertising signage and alter access to a road in a Road Zone Category 1
  info_url: https://eservices.southgippsland.vic.gov.au/ePathway/ePathProd/Web/GeneralEnquiry/EnquiryLists.aspx?ModuleCode=LAP
  date_scraped: '2019-05-14'
  date_received: '2017-12-21'
- council_reference: 2018/120
  address: 6835 South Gippsland Highway  Loch  VIC  3945
  description: Retrospective development of an outbuilding (shipping container), retrospective
    alterations and additions to cellar door, increase red line area and waive onsite
    car parking requirement
  info_url: https://eservices.southgippsland.vic.gov.au/ePathway/ePathProd/Web/GeneralEnquiry/EnquiryLists.aspx?ModuleCode=LAP
  date_scraped: '2019-05-14'
  date_received: '2018-05-23'
- council_reference: 2018/196
  address: 44-46 Burchell Lane  Mirboo North  VIC  3871
  description: Development of a vehicle store and removal of native vegetation
  info_url: https://eservices.southgippsland.vic.gov.au/ePathway/ePathProd/Web/GeneralEnquiry/EnquiryLists.aspx?ModuleCode=LAP
  date_scraped: '2019-05-14'
  date_received: '2018-08-13'
- council_reference: 2018/283
  address: 4-8 Hughes Street  Leongatha  VIC  3953
  description: Use and develop the land for trade supplies, create access to RDZ1
    and display of signage
  info_url: https://eservices.southgippsland.vic.gov.au/ePathway/ePathProd/Web/GeneralEnquiry/EnquiryLists.aspx?ModuleCode=LAP
  date_scraped: '2019-05-14'
  date_received: '2018-11-01'
- council_reference: 2018/295
  address: 135 Acacia Road  Walkerville  VIC  3956
  description: Development of the land with a dwelling
  info_url: https://eservices.southgippsland.vic.gov.au/ePathway/ePathProd/Web/GeneralEnquiry/EnquiryLists.aspx?ModuleCode=LAP
  date_scraped: '2019-05-14'
  date_received: '2018-11-19'
- council_reference: 2018/299
  address: 5 Carol Court  Venus Bay  VIC  3956
  description: Single Dwelling
  info_url: https://eservices.southgippsland.vic.gov.au/ePathway/ePathProd/Web/GeneralEnquiry/EnquiryLists.aspx?ModuleCode=LAP
  date_scraped: '2019-05-14'
  date_received: '2018-11-22'
- council_reference: 2018/304
  address: 4 Gilfedder Terrace  Mirboo North  VIC  3871
  description: Subdivision of the land into three (3) lots, removal of native vegetation
    and creation of a restriction under Section 23 of the Subdivision Act
  info_url: https://eservices.southgippsland.vic.gov.au/ePathway/ePathProd/Web/GeneralEnquiry/EnquiryLists.aspx?ModuleCode=LAP
  date_scraped: '2019-05-14'
  date_received: '2018-11-23'
- council_reference: 2018/307
  address: 335 Barry Road  Agnes  VIC  3962
  description: Alterations and additions to an existing industrial building and alteration
    of access to a Road Zone Category 1
  info_url: https://eservices.southgippsland.vic.gov.au/ePathway/ePathProd/Web/GeneralEnquiry/EnquiryLists.aspx?ModuleCode=LAP
  date_scraped: '2019-05-14'
  date_received: '2018-11-28'
- council_reference: 2018/333
  address: Blackwood Drive  Foster  VIC  3960
  description: Development of the land with 12 dwellings, remove reserve status from
    RES1/PS704469, remove easements E-1 and E-2 from S4/PS704469 and RES1/PS704469,
    creation of a drainage easement on S4/PS704469 and waive two (2) visitor car parking
    spaces
  info_url: https://eservices.southgippsland.vic.gov.au/ePathway/ePathProd/Web/GeneralEnquiry/EnquiryLists.aspx?ModuleCode=LAP
  date_scraped: '2019-05-14'
  date_received: '2018-12-21'
- council_reference: 2018/80
  address: 15 Sanders Street  Korumburra  VIC  3950
  description: Development of the land with four (4) warehouses, partial waiver of
    car parking requirements, creation of an easement and two (2) lot subdivision
  info_url: https://eservices.southgippsland.vic.gov.au/ePathway/ePathProd/Web/GeneralEnquiry/EnquiryLists.aspx?ModuleCode=LAP
  date_scraped: '2019-05-14'
  date_received: '2018-04-06'
- council_reference: 2019/12
  address: 61 Inlet View Road  Venus Bay  VIC  3956
  description: Develop land with single dwelling and workshop
  info_url: https://eservices.southgippsland.vic.gov.au/ePathway/ePathProd/Web/GeneralEnquiry/EnquiryLists.aspx?ModuleCode=LAP
  date_scraped: '2019-05-14'
  date_received: '2019-01-09'
- council_reference: 2019/34
  address: 360 Wooreen-Mirboo Road  Berrys Creek  VIC  3953
  description: Develop land with Agricultural Shed - Retrospective
  info_url: https://eservices.southgippsland.vic.gov.au/ePathway/ePathProd/Web/GeneralEnquiry/EnquiryLists.aspx?ModuleCode=LAP
  date_scraped: '2019-05-14'
  date_received: '2019-02-06'
- council_reference: 2019/35
  address: 340 Millar Road  Yanakie  VIC  3960
  description: Subdivision of the land into two (2) lots
  info_url: https://eservices.southgippsland.vic.gov.au/ePathway/ePathProd/Web/GeneralEnquiry/EnquiryLists.aspx?ModuleCode=LAP
  date_scraped: '2019-05-14'
  date_received: '2019-02-08'
- council_reference: 2019/40
  address: 13B-15 Mine Road  Korumburra  VIC  3950
  description: Use land for restricted recreation facility (pilates)
  info_url: https://eservices.southgippsland.vic.gov.au/ePathway/ePathProd/Web/GeneralEnquiry/EnquiryLists.aspx?ModuleCode=LAP
  date_scraped: '2019-05-14'
  date_received: '2019-02-12'
- council_reference: 2019/61
  address: 780 Foster-Mt Best Road  Mount Best  VIC  3960
  description: Develop land with single dwelling with removal of native vegetation
  info_url: https://eservices.southgippsland.vic.gov.au/ePathway/ePathProd/Web/GeneralEnquiry/EnquiryLists.aspx?ModuleCode=LAP
  date_scraped: '2019-05-14'
  date_received: '2019-03-05'
- council_reference: 2019/7
  address: 1094 Lang Lang-Poowong Road  Poowong  VIC  3988
  description: Use land for animal keeping (cat breeding)
  info_url: https://eservices.southgippsland.vic.gov.au/ePathway/ePathProd/Web/GeneralEnquiry/EnquiryLists.aspx?ModuleCode=LAP
  date_scraped: '2019-05-14'
  date_received: '2019-01-03'
- council_reference: 2019/73
  address: 8-13 Karmai Court  Korumburra  VIC  3950
  description: Develop land with six dwelling, and subdivide land into six lots with
    common property.
  info_url: https://eservices.southgippsland.vic.gov.au/ePathway/ePathProd/Web/GeneralEnquiry/EnquiryLists.aspx?ModuleCode=LAP
  date_scraped: '2019-05-14'
  date_received: '2019-03-12'
- council_reference: 2019/74
  address: 296 Ferriers Road  Loch  VIC  3945
  description: Develop land with replacement dwelling.
  info_url: https://eservices.southgippsland.vic.gov.au/ePathway/ePathProd/Web/GeneralEnquiry/EnquiryLists.aspx?ModuleCode=LAP
  date_scraped: '2019-05-14'
  date_received: '2019-03-12'
- council_reference: 2019/75
  address: 31 Louis Road  Venus Bay  VIC  3956
  description: Develop land with single dwelling, native vegetation removal and earthworks
    exceeding 1m
  info_url: https://eservices.southgippsland.vic.gov.au/ePathway/ePathProd/Web/GeneralEnquiry/EnquiryLists.aspx?ModuleCode=LAP
  date_scraped: '2019-05-14'
  date_received: '2019-03-12'
