---
- council_reference: 211/1066/2017/A
  address: 34-48 Lipsett Terrace, BROOKLYN PARK SA 5032
  description: 'Variation to 211/1066/2017: Alterations to sportsfields, playground
    eqiupment and the construction of four shade sails'
  info_url: https://epathway.wtcc.sa.gov.au/ePathway/Production/Web/GeneralEnquiry/EnquiryLists.aspx?ModuleCode=LAP
  date_scraped: '2019-05-15'
  date_received: '2019-05-16'
- council_reference: 211/1124/2018/A
  address: 5 Wood Street, KURRALTA PARK SA 5037
  description: 'Combined Application: Land division - Community Title; SCAP No. 211/C138/18;
    Creating four (4) additional allotments; and construction of a two storey residential
    flat building containing five dwellings and a combined retaining wall and fence
    to a maximum height of 2.5m - variation to existing approval - House 1 includes
    amendments to the façade, internal floor layout, windows and increased floor area,
    House 2, 3 and 4 includes the reorientation of the dwellings and amendments to
    the façade and internal floor layout and House 5 includes the reorientation of
    the dwelling  amendments to the façade, internal floor layout and rear setback.'
  info_url: https://epathway.wtcc.sa.gov.au/ePathway/Production/Web/GeneralEnquiry/EnquiryLists.aspx?ModuleCode=LAP
  date_scraped: '2019-05-15'
  date_received: '2019-05-08'
- council_reference: 211/1174/2015/A
  address: 15 Francis Street, COWANDILLA SA 5033
  description: Additions & alterations to existing dwelling - variation to existing
    approval - change of size of verandah and additional decking
  info_url: https://epathway.wtcc.sa.gov.au/ePathway/Production/Web/GeneralEnquiry/EnquiryLists.aspx?ModuleCode=LAP
  date_scraped: '2019-05-15'
  date_received: '2019-06-04'
- council_reference: 211/1447/2017/A
  address: 10 Albion Avenue, GLANDORE SA 5037
  description: Construction of a single storey detached dwelling and a two- storey
    detached dwelling - Variation to DA 211/1447/2017 - Dwelling 1 (two storey) includes
    alterations to facade, internal floor layout, windows and alfresco. Dwelling 2
    (single storey) includes alterations to facade and windows and increased floor
    area
  info_url: https://epathway.wtcc.sa.gov.au/ePathway/Production/Web/GeneralEnquiry/EnquiryLists.aspx?ModuleCode=LAP
  date_scraped: '2019-05-15'
  date_received: '2019-05-08'
- council_reference: 211/178/2018/B
  address: 4 Huelin Street, LOCKLEYS SA 5032
  description: Construction of carport, verandah, garage, outdoor kitchen and storeroom
    - variation to existing approval - alfresco changed to flat roof, replace existing
    carport
  info_url: https://epathway.wtcc.sa.gov.au/ePathway/Production/Web/GeneralEnquiry/EnquiryLists.aspx?ModuleCode=LAP
  date_scraped: '2019-05-15'
  date_received: '2019-06-04'
- council_reference: 211/245/2019/A
  address: 10A Howard Street, UNDERDALE SA 5032
  description: Construction of a two-storey detached dwelling, swimming pool and associated
    safety fence - Variation to existing authorisation (211/245/2019) - Increase in
    alfresco size and removal of ensuite windows
  info_url: https://epathway.wtcc.sa.gov.au/ePathway/Production/Web/GeneralEnquiry/EnquiryLists.aspx?ModuleCode=LAP
  date_scraped: '2019-05-15'
  date_received: '2019-05-10'
- council_reference: 211/441/2019
  address: 14 Arabian Avenue, WEST BEACH SA 5024
  description: Demolition of existing carport and construction of a replacement carport
  info_url: https://epathway.wtcc.sa.gov.au/ePathway/Production/Web/GeneralEnquiry/EnquiryLists.aspx?ModuleCode=LAP
  date_scraped: '2019-05-15'
  date_received: '2019-05-07'
- council_reference: 211/442/2019
  address: 25 King Street, MILE END SA 5031
  description: Alterations and additions to existing dwelling
  info_url: https://epathway.wtcc.sa.gov.au/ePathway/Production/Web/GeneralEnquiry/EnquiryLists.aspx?ModuleCode=LAP
  date_scraped: '2019-05-15'
  date_received: '2019-05-07'
- council_reference: 211/443/2019
  address: 32-56 Sir Donald Bradman Drive, MILE END SA 5031
  description: Construction of an awning (State Heritage Place)
  info_url: https://epathway.wtcc.sa.gov.au/ePathway/Production/Web/GeneralEnquiry/EnquiryLists.aspx?ModuleCode=LAP
  date_scraped: '2019-05-15'
  date_received: '2019-05-07'
- council_reference: 211/444/2019
  address: 1 Park Street, GLANDORE SA 5037
  description: Land division - Torrens Title; SCAP No. 211/D042/19; Create one (1)
    additional allotment
  info_url: https://epathway.wtcc.sa.gov.au/ePathway/Production/Web/GeneralEnquiry/EnquiryLists.aspx?ModuleCode=LAP
  date_scraped: '2019-05-15'
  date_received: '2019-05-07'
- council_reference: 211/445/2019
  address: 31 Warwick Avenue, KURRALTA PARK SA 5037
  description: Land division - Torrens Title; SCAP No. 211/D043/19; Create three (3)
    additional allotments
  info_url: https://epathway.wtcc.sa.gov.au/ePathway/Production/Web/GeneralEnquiry/EnquiryLists.aspx?ModuleCode=LAP
  date_scraped: '2019-05-15'
  date_received: '2019-05-07'
- council_reference: 211/446/2019
  address: 3 Golden Glow Avenue, UNDERDALE SA 5032
  description: Construction of a verandah
  info_url: https://epathway.wtcc.sa.gov.au/ePathway/Production/Web/GeneralEnquiry/EnquiryLists.aspx?ModuleCode=LAP
  date_scraped: '2019-05-15'
  date_received: '2019-05-08'
- council_reference: 211/447/2019
  address: 26 Farnham Road, KESWICK SA 5035
  description: Demolition of dwelling and all other structures
  info_url: https://epathway.wtcc.sa.gov.au/ePathway/Production/Web/GeneralEnquiry/EnquiryLists.aspx?ModuleCode=LAP
  date_scraped: '2019-05-15'
  date_received: '2019-05-08'
- council_reference: 211/448/2019
  address: 43 Lipsett Terrace, BROOKLYN PARK SA 5032
  description: Verandah
  info_url: https://epathway.wtcc.sa.gov.au/ePathway/Production/Web/GeneralEnquiry/EnquiryLists.aspx?ModuleCode=LAP
  date_scraped: '2019-05-15'
  date_received: '2019-05-09'
- council_reference: 211/449/2019
  address: 23 Mellor Avenue, UNDERDALE SA 5032
  description: Demolition of existing dwelling and associated structures
  info_url: https://epathway.wtcc.sa.gov.au/ePathway/Production/Web/GeneralEnquiry/EnquiryLists.aspx?ModuleCode=LAP
  date_scraped: '2019-05-15'
  date_received: '2019-05-09'
- council_reference: 211/450/2019
  address: 681 Burbridge Road, WEST BEACH SA 5024
  description: Construction of carport replacing existing carport
  info_url: https://epathway.wtcc.sa.gov.au/ePathway/Production/Web/GeneralEnquiry/EnquiryLists.aspx?ModuleCode=LAP
  date_scraped: '2019-05-15'
  date_received: '2019-05-09'
- council_reference: 211/452/2019
  address: 44 Roebuck Street, MILE END SA 5031
  description: Alterations and additions to existing single storey detached dwelling
  info_url: https://epathway.wtcc.sa.gov.au/ePathway/Production/Web/GeneralEnquiry/EnquiryLists.aspx?ModuleCode=LAP
  date_scraped: '2019-05-15'
  date_received: '2019-05-09'
- council_reference: 211/453/2019
  address: 24 Dudley Avenue, NORTH PLYMPTON SA 5037
  description: Land division - Torrens Title; SCAP No. 211/D044/19; Create one (1)
    additional allotment
  info_url: https://epathway.wtcc.sa.gov.au/ePathway/Production/Web/GeneralEnquiry/EnquiryLists.aspx?ModuleCode=LAP
  date_scraped: '2019-05-15'
  date_received: '2019-05-09'
- council_reference: 211/454/2019
  address: 47-49 London Road, MILE END SOUTH SA 5031
  description: Land division - Torrens Title; SCAP No. 211/D045/19; Create two (2)
    additional allotment
  info_url: https://epathway.wtcc.sa.gov.au/ePathway/Production/Web/GeneralEnquiry/EnquiryLists.aspx?ModuleCode=LAP
  date_scraped: '2019-05-15'
  date_received: '2019-05-09'
- council_reference: 211/455/2019
  address: 17-21 Commercial Street, MARLESTON SA 5033
  description: Land division - Torrens Title; SCAP No. 211/D046/19; Boundary realignment
  info_url: https://epathway.wtcc.sa.gov.au/ePathway/Production/Web/GeneralEnquiry/EnquiryLists.aspx?ModuleCode=LAP
  date_scraped: '2019-05-15'
  date_received: '2019-05-09'
- council_reference: 211/456/2019
  address: 12 Good Street, FULHAM SA 5024
  description: Land division - Torrens Title; SCAP No. 211/D047/19; Create one (1)
    additional allotment (Res Code)
  info_url: https://epathway.wtcc.sa.gov.au/ePathway/Production/Web/GeneralEnquiry/EnquiryLists.aspx?ModuleCode=LAP
  date_scraped: '2019-05-15'
  date_received: '2019-05-09'
- council_reference: 211/457/2019
  address: 14 James Street, PLYMPTON SA 5038
  description: Construction of a detached dwelling
  info_url: https://epathway.wtcc.sa.gov.au/ePathway/Production/Web/GeneralEnquiry/EnquiryLists.aspx?ModuleCode=LAP
  date_scraped: '2019-05-15'
  date_received: '2019-05-10'
- council_reference: 211/458/2019
  address: 8 Park Street, GLANDORE SA 5037
  description: Demolition of dwelling and all other structures
  info_url: https://epathway.wtcc.sa.gov.au/ePathway/Production/Web/GeneralEnquiry/EnquiryLists.aspx?ModuleCode=LAP
  date_scraped: '2019-05-15'
  date_received: '2019-05-10'
- council_reference: 211/459/2019
  address: 6 Chester Street, LOCKLEYS SA 5032
  description: Construction of a two storey detached dwelling and installation of
    a 1.8m high masonry fence
  info_url: https://epathway.wtcc.sa.gov.au/ePathway/Production/Web/GeneralEnquiry/EnquiryLists.aspx?ModuleCode=LAP
  date_scraped: '2019-05-15'
  date_received: '2019-05-10'
- council_reference: 211/460/2019
  address: 44 Spring Street, NORTH PLYMPTON SA 5037
  description: Construction of a single storey detached dwelling
  info_url: https://epathway.wtcc.sa.gov.au/ePathway/Production/Web/GeneralEnquiry/EnquiryLists.aspx?ModuleCode=LAP
  date_scraped: '2019-05-15'
  date_received: '2019-05-13'
- council_reference: 211/461/2019
  address: 14 Rowells Road, LOCKLEYS SA 5032
  description: Removal of significant tree - Eucalyptus camaldulensis (River Red gum)
  info_url: https://epathway.wtcc.sa.gov.au/ePathway/Production/Web/GeneralEnquiry/EnquiryLists.aspx?ModuleCode=LAP
  date_scraped: '2019-05-15'
  date_received: '2019-05-14'
- council_reference: 211/462/2019
  address: 15 Parker Street, MILE END SA 5031
  description: Construction of a front fence
  info_url: https://epathway.wtcc.sa.gov.au/ePathway/Production/Web/GeneralEnquiry/EnquiryLists.aspx?ModuleCode=LAP
  date_scraped: '2019-05-15'
  date_received: '2019-05-14'
- council_reference: 211/463/2019
  address: 17 Gardner Street, PLYMPTON SA 5038
  description: Carry out alterations, demolish rear lean-to and construct a dwelling
    addition including convert existing outbuilding to a bedroom
  info_url: https://epathway.wtcc.sa.gov.au/ePathway/Production/Web/GeneralEnquiry/EnquiryLists.aspx?ModuleCode=LAP
  date_scraped: '2019-05-15'
  date_received: '2019-05-14'
- council_reference: 211/464/2019
  address: 9 Main Street, LOCKLEYS SA 5032
  description: Demolition of dwelling and all other structures
  info_url: https://epathway.wtcc.sa.gov.au/ePathway/Production/Web/GeneralEnquiry/EnquiryLists.aspx?ModuleCode=LAP
  date_scraped: '2019-05-15'
  date_received: '2019-05-14'
- council_reference: 211/465/2019
  address: 4 Autumn Avenue, LOCKLEYS SA 5032
  description: Demolish existing shed and construct a replacement garage
  info_url: https://epathway.wtcc.sa.gov.au/ePathway/Production/Web/GeneralEnquiry/EnquiryLists.aspx?ModuleCode=LAP
  date_scraped: '2019-05-15'
  date_received: '2019-05-14'
- council_reference: 211/466/2019
  address: 32A Pine Avenue, NOVAR GARDENS SA 5040
  description: Construction of a single storey dwelling (Res Code)
  info_url: https://epathway.wtcc.sa.gov.au/ePathway/Production/Web/GeneralEnquiry/EnquiryLists.aspx?ModuleCode=LAP
  date_scraped: '2019-05-15'
  date_received: '2019-05-15'
- council_reference: 211/467/2019
  address: 14 Keith Avenue, NORTH PLYMPTON SA 5037
  description: Demolition of dwelling and all other structures
  info_url: https://epathway.wtcc.sa.gov.au/ePathway/Production/Web/GeneralEnquiry/EnquiryLists.aspx?ModuleCode=LAP
  date_scraped: '2019-05-15'
  date_received: '2019-05-15'
- council_reference: 211/468/2019
  address: 4 Broughton Street, LOCKLEYS SA 5032
  description: Carry out alterations and construct a carport forward of existing garage,
    a habitable outbuilding to rear, with deck and 3m high fence to northern side
    boundary
  info_url: https://epathway.wtcc.sa.gov.au/ePathway/Production/Web/GeneralEnquiry/EnquiryLists.aspx?ModuleCode=LAP
  date_scraped: '2019-05-15'
  date_received: '2019-05-16'
- council_reference: 211/469/2019
  address: 76 Ingerson Street, WEST BEACH SA 5024
  description: Construction of an in-ground swimming pool and associated safety fence
  info_url: https://epathway.wtcc.sa.gov.au/ePathway/Production/Web/GeneralEnquiry/EnquiryLists.aspx?ModuleCode=LAP
  date_scraped: '2019-05-15'
  date_received: '2019-05-16'
- council_reference: 211/470/2019
  address: 2 Harvey Street, MARLESTON SA 5033
  description: Construction of a verandah
  info_url: https://epathway.wtcc.sa.gov.au/ePathway/Production/Web/GeneralEnquiry/EnquiryLists.aspx?ModuleCode=LAP
  date_scraped: '2019-05-15'
  date_received: '2019-05-16'
- council_reference: 211/471/2019
  address: 6 Oakmont Crescent, NOVAR GARDENS SA 5040
  description: Carry out alterations, demolish rear lean to and construct dwelling
    additions to side and rear, and rear verandah
  info_url: https://epathway.wtcc.sa.gov.au/ePathway/Production/Web/GeneralEnquiry/EnquiryLists.aspx?ModuleCode=LAP
  date_scraped: '2019-05-15'
  date_received: '2019-05-16'
- council_reference: 211/472/2019
  address: 3/4 Daly Street, KURRALTA PARK SA 5037
  description: Construction of a verandah
  info_url: https://epathway.wtcc.sa.gov.au/ePathway/Production/Web/GeneralEnquiry/EnquiryLists.aspx?ModuleCode=LAP
  date_scraped: '2019-05-15'
  date_received: '2019-05-16'
- council_reference: 211/473/2019
  address: 8 Durham Avenue, LOCKLEYS SA 5032
  description: Removal of one (1) Significant Tree - Agonis Flexuosa (Willow Myrtle)
  info_url: https://epathway.wtcc.sa.gov.au/ePathway/Production/Web/GeneralEnquiry/EnquiryLists.aspx?ModuleCode=LAP
  date_scraped: '2019-05-15'
  date_received: '2019-05-16'
- council_reference: 211/474/2019
  address: 5 Tyson Street, ASHFORD SA 5035
  description: Demolition of dwelling and all other structures
  info_url: https://epathway.wtcc.sa.gov.au/ePathway/Production/Web/GeneralEnquiry/EnquiryLists.aspx?ModuleCode=LAP
  date_scraped: '2019-05-15'
  date_received: '2019-05-16'
- council_reference: 211/475/2019
  address: 14 Inkerman Avenue, CAMDEN PARK SA 5038
  description: Construction of a single storey dwelling
  info_url: https://epathway.wtcc.sa.gov.au/ePathway/Production/Web/GeneralEnquiry/EnquiryLists.aspx?ModuleCode=LAP
  date_scraped: '2019-05-15'
  date_received: '2019-05-16'
- council_reference: 211/476/2019
  address: 36 Davis Street, WEST BEACH SA 5024
  description: Construction of a two-storey detached dwelling
  info_url: https://epathway.wtcc.sa.gov.au/ePathway/Production/Web/GeneralEnquiry/EnquiryLists.aspx?ModuleCode=LAP
  date_scraped: '2019-05-15'
  date_received: '2019-05-16'
- council_reference: 211/477/2019
  address: 7/21-23 Constance Street, BROOKLYN PARK SA 5032
  description: Construction of a verandah
  info_url: https://epathway.wtcc.sa.gov.au/ePathway/Production/Web/GeneralEnquiry/EnquiryLists.aspx?ModuleCode=LAP
  date_scraped: '2019-05-15'
  date_received: '2019-05-17'
- council_reference: 211/478/2019
  address: 10 Tyson Street, ASHFORD SA 5035
  description: Conversion of existing garage to bedroom, addition of ensuite and construction
    of attached carport
  info_url: https://epathway.wtcc.sa.gov.au/ePathway/Production/Web/GeneralEnquiry/EnquiryLists.aspx?ModuleCode=LAP
  date_scraped: '2019-05-15'
  date_received: '2019-05-17'
- council_reference: 211/479/2019
  address: 69 Craig Street, RICHMOND SA 5033
  description: Construction of masonry front fence
  info_url: https://epathway.wtcc.sa.gov.au/ePathway/Production/Web/GeneralEnquiry/EnquiryLists.aspx?ModuleCode=LAP
  date_scraped: '2019-05-15'
  date_received: '2019-05-17'
- council_reference: 211/480/2019
  address: 13 Brecon Court, LOCKLEYS SA 5032
  description: Construction of two (2) x single storey detached dwellings with garage
    under main roof
  info_url: https://epathway.wtcc.sa.gov.au/ePathway/Production/Web/GeneralEnquiry/EnquiryLists.aspx?ModuleCode=LAP
  date_scraped: '2019-05-15'
  date_received: '2019-05-17'
- council_reference: 211/481/2019
  address: 38 South Road, TORRENSVILLE SA 5031
  description: Internal fitout (Pharmacy) T9-10
  info_url: https://epathway.wtcc.sa.gov.au/ePathway/Production/Web/GeneralEnquiry/EnquiryLists.aspx?ModuleCode=LAP
  date_scraped: '2019-05-15'
  date_received: '2019-05-17'
- council_reference: 211/482/2019
  address: 44A Light Terrace, THEBARTON SA 5031
  description: Carry out alterations including part demolition to rear of existing
    dwelling, and construct a replacement dwelling addition
  info_url: https://epathway.wtcc.sa.gov.au/ePathway/Production/Web/GeneralEnquiry/EnquiryLists.aspx?ModuleCode=LAP
  date_scraped: '2019-05-15'
  date_received: '2019-05-20'
- council_reference: 211/483/2019
  address: 35 Neville Road, THEBARTON SA 5031
  description: Construction of a single storey dwelling
  info_url: https://epathway.wtcc.sa.gov.au/ePathway/Production/Web/GeneralEnquiry/EnquiryLists.aspx?ModuleCode=LAP
  date_scraped: '2019-05-15'
  date_received: '2019-05-20'
- council_reference: 211/484/2019
  address: 94 Carlton Parade, TORRENSVILLE SA 5031
  description: Demolition of existing dwelling and all other structures
  info_url: https://epathway.wtcc.sa.gov.au/ePathway/Production/Web/GeneralEnquiry/EnquiryLists.aspx?ModuleCode=LAP
  date_scraped: '2019-05-15'
  date_received: '2019-05-20'
- council_reference: 211/485/2019
  address: 33 Curzon Street, CAMDEN PARK SA 5038
  description: Construction of a single storey dwelling
  info_url: https://epathway.wtcc.sa.gov.au/ePathway/Production/Web/GeneralEnquiry/EnquiryLists.aspx?ModuleCode=LAP
  date_scraped: '2019-05-15'
  date_received: '2019-05-20'
- council_reference: 211/486/2019
  address: 2 Brecon Street, LOCKLEYS SA 5032
  description: Construction of detached dwelling
  info_url: https://epathway.wtcc.sa.gov.au/ePathway/Production/Web/GeneralEnquiry/EnquiryLists.aspx?ModuleCode=LAP
  date_scraped: '2019-05-15'
  date_received: '2019-05-20'
- council_reference: 211/487/2019
  address: 3 Nagle Crescent, NOVAR GARDENS SA 5040
  description: Demolition of existing dwelling and all other structures
  info_url: https://epathway.wtcc.sa.gov.au/ePathway/Production/Web/GeneralEnquiry/EnquiryLists.aspx?ModuleCode=LAP
  date_scraped: '2019-05-15'
  date_received: '2019-05-20'
- council_reference: 211/488/2019
  address: 7 Queen Street, THEBARTON SA 5031
  description: Demolition of existing dwelling and all other structures
  info_url: https://epathway.wtcc.sa.gov.au/ePathway/Production/Web/GeneralEnquiry/EnquiryLists.aspx?ModuleCode=LAP
  date_scraped: '2019-05-15'
  date_received: '2019-05-20'
- council_reference: 211/489/2019
  address: 17 Allington Avenue, MARLESTON SA 5033
  description: Construction of habitable outbuilding
  info_url: https://epathway.wtcc.sa.gov.au/ePathway/Production/Web/GeneralEnquiry/EnquiryLists.aspx?ModuleCode=LAP
  date_scraped: '2019-05-15'
  date_received: '2019-05-20'
- council_reference: 211/490/2019
  address: 51 Lyons Street, BROOKLYN PARK SA 5032
  description: Demolition of existing dwelling and all other structures
  info_url: https://epathway.wtcc.sa.gov.au/ePathway/Production/Web/GeneralEnquiry/EnquiryLists.aspx?ModuleCode=LAP
  date_scraped: '2019-05-15'
  date_received: '2019-05-21'
- council_reference: 211/491/2019
  address: 27 Broadmore Avenue, FULHAM SA 5024
  description: Land division - Torrens Title; SCAP No. 211/D048/19; Create one (1)
    additional allotment
  info_url: https://epathway.wtcc.sa.gov.au/ePathway/Production/Web/GeneralEnquiry/EnquiryLists.aspx?ModuleCode=LAP
  date_scraped: '2019-05-15'
  date_received: '2019-05-21'
- council_reference: 211/492/2019
  address: 22 Railway Terrace, MILE END SA 5031
  description: Construction of a domestic outbuilding
  info_url: https://epathway.wtcc.sa.gov.au/ePathway/Production/Web/GeneralEnquiry/EnquiryLists.aspx?ModuleCode=LAP
  date_scraped: '2019-05-15'
  date_received: '2019-05-22'
- council_reference: 211/493/2019
  address: 30 Autumn Avenue, LOCKLEYS SA 5032
  description: Construction of swimming pool and safety fence
  info_url: https://epathway.wtcc.sa.gov.au/ePathway/Production/Web/GeneralEnquiry/EnquiryLists.aspx?ModuleCode=LAP
  date_scraped: '2019-05-15'
  date_received: '2019-05-22'
- council_reference: 211/494/2019
  address: 38A Gray Street, PLYMPTON SA 5038
  description: Construction of a verandah
  info_url: https://epathway.wtcc.sa.gov.au/ePathway/Production/Web/GeneralEnquiry/EnquiryLists.aspx?ModuleCode=LAP
  date_scraped: '2019-05-15'
  date_received: '2019-05-22'
- council_reference: 211/495/2019
  address: 56 Daly Street, KURRALTA PARK SA 5037
  description: Land division - Community Title; SCAP No. 211/C051/19; Create two (2)
    additional allotments and common property; and construction of a two storey dwelling
    and a two storey residential flat building containing 2 dwellings
  info_url: https://epathway.wtcc.sa.gov.au/ePathway/Production/Web/GeneralEnquiry/EnquiryLists.aspx?ModuleCode=LAP
  date_scraped: '2019-05-15'
  date_received: '2019-05-22'
- council_reference: 211/496/2019
  address: 1 Hoylake Street, NOVAR GARDENS SA 5040
  description: Land division - Torrens Title; SCAP No. 211/D052/19; Create one (1)
    additional allotment
  info_url: https://epathway.wtcc.sa.gov.au/ePathway/Production/Web/GeneralEnquiry/EnquiryLists.aspx?ModuleCode=LAP
  date_scraped: '2019-05-15'
  date_received: '2019-05-22'
- council_reference: 211/497/2019
  address: 79 Daly Street, KURRALTA PARK SA 5037
  description: Land division - Torrens Title; SCAP No. 211/D050/19; Create one (1)
    additional allotment
  info_url: https://epathway.wtcc.sa.gov.au/ePathway/Production/Web/GeneralEnquiry/EnquiryLists.aspx?ModuleCode=LAP
  date_scraped: '2019-05-15'
  date_received: '2019-05-22'
- council_reference: 211/498/2019
  address: 25 Davis Street, WEST BEACH SA 5024
  description: Land division - Torrens Title; SCAP No. 211/D049/19; Create one (1)
    additional allotment
  info_url: https://epathway.wtcc.sa.gov.au/ePathway/Production/Web/GeneralEnquiry/EnquiryLists.aspx?ModuleCode=LAP
  date_scraped: '2019-05-15'
  date_received: '2019-05-22'
- council_reference: 211/499/2019
  address: 16 Strathmore Avenue, LOCKLEYS SA 5032
  description: Demolition of existing dwelling and masonry fence and construction
    of 3 storey detached dwelling, swimming pool and associated safety fence, detached
    garage, boundary wall (3m maximum height) and masonry fence (2.1m maximum height)
  info_url: https://epathway.wtcc.sa.gov.au/ePathway/Production/Web/GeneralEnquiry/EnquiryLists.aspx?ModuleCode=LAP
  date_scraped: '2019-05-15'
  date_received: '2019-05-22'
- council_reference: 211/500/2019
  address: 35-37 Stirling Street, THEBARTON SA 5031
  description: Removal of wet sprinkler system and upgrading to dry fire system
  info_url: https://epathway.wtcc.sa.gov.au/ePathway/Production/Web/GeneralEnquiry/EnquiryLists.aspx?ModuleCode=LAP
  date_scraped: '2019-05-15'
  date_received: '2019-05-23'
- council_reference: 211/501/2019
  address: 19 Windermere Avenue, NOVAR GARDENS SA 5040
  description: Carry out alterations and construct an ensuite addition to side boundary
  info_url: https://epathway.wtcc.sa.gov.au/ePathway/Production/Web/GeneralEnquiry/EnquiryLists.aspx?ModuleCode=LAP
  date_scraped: '2019-05-15'
  date_received: '2019-05-23'
- council_reference: 211/502/2019
  address: 10 Huntriss Street, TORRENSVILLE SA 5031
  description: Construction of a swimming pool and safety fence
  info_url: https://epathway.wtcc.sa.gov.au/ePathway/Production/Web/GeneralEnquiry/EnquiryLists.aspx?ModuleCode=LAP
  date_scraped: '2019-05-15'
  date_received: '2019-05-23'
- council_reference: 211/503/2019
  address: 7 Crispian Street, FULHAM SA 5024
  description: Construction of a verandah
  info_url: https://epathway.wtcc.sa.gov.au/ePathway/Production/Web/GeneralEnquiry/EnquiryLists.aspx?ModuleCode=LAP
  date_scraped: '2019-05-15'
  date_received: '2019-05-23'
- council_reference: 211/504/2019
  address: 24 Dudley Avenue, NORTH PLYMPTON SA 5037
  description: Construction of two (2) x single storey detached dwellings
  info_url: https://epathway.wtcc.sa.gov.au/ePathway/Production/Web/GeneralEnquiry/EnquiryLists.aspx?ModuleCode=LAP
  date_scraped: '2019-05-15'
  date_received: '2019-05-24'
- council_reference: 211/505/2019
  address: 9 Lorraine Avenue, LOCKLEYS SA 5032
  description: Construction of outbuilding and replacement of pool safety fence
  info_url: https://epathway.wtcc.sa.gov.au/ePathway/Production/Web/GeneralEnquiry/EnquiryLists.aspx?ModuleCode=LAP
  date_scraped: '2019-05-15'
  date_received: '2019-05-24'
- council_reference: 211/506/2019
  address: 470 Henley Beach Road, LOCKLEYS SA 5032
  description: Installation of solar panels
  info_url: https://epathway.wtcc.sa.gov.au/ePathway/Production/Web/GeneralEnquiry/EnquiryLists.aspx?ModuleCode=LAP
  date_scraped: '2019-05-15'
  date_received: '2019-05-27'
- council_reference: 211/507/2019
  address: 24 Coach House Drive, NOVAR GARDENS SA 5040
  description: Demolition of existing dwelling and associated structures
  info_url: https://epathway.wtcc.sa.gov.au/ePathway/Production/Web/GeneralEnquiry/EnquiryLists.aspx?ModuleCode=LAP
  date_scraped: '2019-05-15'
  date_received: '2019-05-27'
- council_reference: 211/508/2019
  address: 3 Darebin Street, MILE END SA 5031
  description: Construct a verandah to replace existing verandah
  info_url: https://epathway.wtcc.sa.gov.au/ePathway/Production/Web/GeneralEnquiry/EnquiryLists.aspx?ModuleCode=LAP
  date_scraped: '2019-05-15'
  date_received: '2019-05-27'
- council_reference: 211/509/2019
  address: 47 Albion Avenue, GLANDORE SA 5037
  description: Construct an outbuilding to replace existing outbuilding
  info_url: https://epathway.wtcc.sa.gov.au/ePathway/Production/Web/GeneralEnquiry/EnquiryLists.aspx?ModuleCode=LAP
  date_scraped: '2019-05-15'
  date_received: '2019-05-27'
- council_reference: 211/510/2019
  address: 14 Wellington Street, GLANDORE SA 5037
  description: Construction of a carport
  info_url: https://epathway.wtcc.sa.gov.au/ePathway/Production/Web/GeneralEnquiry/EnquiryLists.aspx?ModuleCode=LAP
  date_scraped: '2019-05-15'
  date_received: '2019-05-27'
- council_reference: 211/511/2019
  address: 2 Rundle Avenue, LOCKLEYS SA 5032
  description: Construction of extension to carport and verandah
  info_url: https://epathway.wtcc.sa.gov.au/ePathway/Production/Web/GeneralEnquiry/EnquiryLists.aspx?ModuleCode=LAP
  date_scraped: '2019-05-15'
  date_received: '2019-05-27'
- council_reference: 211/512/2019
  address: 13A Fiscom Avenue, CAMDEN PARK SA 5038
  description: Construction of a detached dwelling
  info_url: https://epathway.wtcc.sa.gov.au/ePathway/Production/Web/GeneralEnquiry/EnquiryLists.aspx?ModuleCode=LAP
  date_scraped: '2019-05-15'
  date_received: '2019-05-28'
- council_reference: 211/513/2019
  address: 2/81 Clifford Street, TORRENSVILLE SA 5031
  description: Construction of alterations and additions to existing dwelling, including
    removal of verandah
  info_url: https://epathway.wtcc.sa.gov.au/ePathway/Production/Web/GeneralEnquiry/EnquiryLists.aspx?ModuleCode=LAP
  date_scraped: '2019-05-15'
  date_received: '2019-05-28'
- council_reference: 211/514/2019
  address: 6/1A Elms Avenue, RICHMOND SA 5033
  description: Construct a carport to replace existing carport
  info_url: https://epathway.wtcc.sa.gov.au/ePathway/Production/Web/GeneralEnquiry/EnquiryLists.aspx?ModuleCode=LAP
  date_scraped: '2019-05-15'
  date_received: '2019-05-28'
- council_reference: 211/515/2019
  address: 14A Inkerman Avenue, CAMDEN PARK SA 5038
  description: Construction of a two-storey dwelling
  info_url: https://epathway.wtcc.sa.gov.au/ePathway/Production/Web/GeneralEnquiry/EnquiryLists.aspx?ModuleCode=LAP
  date_scraped: '2019-05-15'
  date_received: '2019-05-28'
- council_reference: 211/516/2019
  address: 3 Carnarvon Avenue, BROOKLYN PARK SA 5032
  description: Construction of a masonry fence (1.8m maximum height)
  info_url: https://epathway.wtcc.sa.gov.au/ePathway/Production/Web/GeneralEnquiry/EnquiryLists.aspx?ModuleCode=LAP
  date_scraped: '2019-05-15'
  date_received: '2019-05-28'
- council_reference: 211/517/2019
  address: 14 Good Street, FULHAM SA 5024
  description: Construction of a dwelling
  info_url: https://epathway.wtcc.sa.gov.au/ePathway/Production/Web/GeneralEnquiry/EnquiryLists.aspx?ModuleCode=LAP
  date_scraped: '2019-05-15'
  date_received: '2019-05-28'
- council_reference: 211/518/2019
  address: 8 Gray Street, PLYMPTON SA 5038
  description: Construction of a residential flat building containing two 2-storey
    dwellings and front fence
  info_url: https://epathway.wtcc.sa.gov.au/ePathway/Production/Web/GeneralEnquiry/EnquiryLists.aspx?ModuleCode=LAP
  date_scraped: '2019-05-15'
  date_received: '2019-05-29'
- council_reference: 211/519/2019
  address: 38 Ashburn Avenue, FULHAM SA 5024
  description: Construction of a domestic outbuilding
  info_url: https://epathway.wtcc.sa.gov.au/ePathway/Production/Web/GeneralEnquiry/EnquiryLists.aspx?ModuleCode=LAP
  date_scraped: '2019-05-15'
  date_received: '2019-05-29'
- council_reference: 211/520/2019
  address: 19 Hughes Street, MILE END SA 5031
  description: Construction of alterations and additions to existing dwelling
  info_url: https://epathway.wtcc.sa.gov.au/ePathway/Production/Web/GeneralEnquiry/EnquiryLists.aspx?ModuleCode=LAP
  date_scraped: '2019-05-15'
  date_received: '2019-05-29'
- council_reference: 211/521/2019
  address: 38 South Road, TORRENSVILLE SA 5031
  description: Installation of an internally illuminated sign
  info_url: https://epathway.wtcc.sa.gov.au/ePathway/Production/Web/GeneralEnquiry/EnquiryLists.aspx?ModuleCode=LAP
  date_scraped: '2019-05-15'
  date_received: '2019-05-29'
- council_reference: 211/522/2019
  address: 24 Chatham Road, KESWICK SA 5035
  description: Combined Land division - Torrens Title; SCAP No. 211/D054/19; Create
    one (1) additional allotment and construction of two (2) x two-storey semi-detached
    dwellings and retaining wall and fencing up to max height of ......
  info_url: https://epathway.wtcc.sa.gov.au/ePathway/Production/Web/GeneralEnquiry/EnquiryLists.aspx?ModuleCode=LAP
  date_scraped: '2019-05-15'
  date_received: '2019-05-29'
- council_reference: 211/523/2019
  address: 3 Ballantyne Street, THEBARTON SA 5031
  description: Construction of carport and verandah
  info_url: https://epathway.wtcc.sa.gov.au/ePathway/Production/Web/GeneralEnquiry/EnquiryLists.aspx?ModuleCode=LAP
  date_scraped: '2019-05-15'
  date_received: '2019-05-29'
- council_reference: 211/524/2019
  address: 48 Hughes Street, MILE END SA 5031
  description: Demolition of portion of dwelling, outhouse, garden shed and carport
  info_url: https://epathway.wtcc.sa.gov.au/ePathway/Production/Web/GeneralEnquiry/EnquiryLists.aspx?ModuleCode=LAP
  date_scraped: '2019-05-15'
  date_received: '2019-05-29'
- council_reference: 211/525/2019
  address: 46 Daly Street, KURRALTA PARK SA 5037
  description: Land division - Torrens Title; SCAP No. 211/D055/19; Create one (1)
    additional allotment
  info_url: https://epathway.wtcc.sa.gov.au/ePathway/Production/Web/GeneralEnquiry/EnquiryLists.aspx?ModuleCode=LAP
  date_scraped: '2019-05-15'
  date_received: '2019-05-29'
- council_reference: 211/526/2019
  address: 13 Brecon Court, LOCKLEYS SA 5032
  description: Land division - Torrens Title; SCAP No. 211/D028/19; Create one (1)
    additional allotment
  info_url: https://epathway.wtcc.sa.gov.au/ePathway/Production/Web/GeneralEnquiry/EnquiryLists.aspx?ModuleCode=LAP
  date_scraped: '2019-05-15'
  date_received: '2019-05-30'
- council_reference: 211/527/2019
  address: 13 Albert Avenue, CAMDEN PARK SA 5038
  description: Construction of a detached dwelling (Res Code)
  info_url: https://epathway.wtcc.sa.gov.au/ePathway/Production/Web/GeneralEnquiry/EnquiryLists.aspx?ModuleCode=LAP
  date_scraped: '2019-05-15'
  date_received: '2019-05-30'
- council_reference: 211/528/2019
  address: 32A Garden Terrace, UNDERDALE SA 5032
  description: Land division - Torrens Title; SCAP No. 211/C056/19; Create one (1)
    additional allotment
  info_url: https://epathway.wtcc.sa.gov.au/ePathway/Production/Web/GeneralEnquiry/EnquiryLists.aspx?ModuleCode=LAP
  date_scraped: '2019-05-15'
  date_received: '2019-05-30'
- council_reference: 211/529/2019
  address: 1A Strathmore Avenue, LOCKLEYS SA 5032
  description: Construction of a swimming pool and safety fence
  info_url: https://epathway.wtcc.sa.gov.au/ePathway/Production/Web/GeneralEnquiry/EnquiryLists.aspx?ModuleCode=LAP
  date_scraped: '2019-05-15'
  date_received: '2019-05-31'
- council_reference: 211/530/2019
  address: 14 Aldridge Terrace, MARLESTON SA 5033
  description: Construction of alterations and additions to existing dwelling
  info_url: https://epathway.wtcc.sa.gov.au/ePathway/Production/Web/GeneralEnquiry/EnquiryLists.aspx?ModuleCode=LAP
  date_scraped: '2019-05-15'
  date_received: '2019-05-31'
- council_reference: 211/531/2019
  address: 23 Ballara Street, MILE END SA 5031
  description: Construction of a verandah
  info_url: https://epathway.wtcc.sa.gov.au/ePathway/Production/Web/GeneralEnquiry/EnquiryLists.aspx?ModuleCode=LAP
  date_scraped: '2019-05-15'
  date_received: '2019-06-03'
- council_reference: 211/532/2019
  address: 46 Elston Street, BROOKLYN PARK SA 5032
  description: Construction of a front fence
  info_url: https://epathway.wtcc.sa.gov.au/ePathway/Production/Web/GeneralEnquiry/EnquiryLists.aspx?ModuleCode=LAP
  date_scraped: '2019-05-15'
  date_received: '2019-06-03'
- council_reference: 211/533/2019
  address: 16A Laverack Road, NORTH PLYMPTON SA 5037
  description: Construction of a two-storey dwelling
  info_url: https://epathway.wtcc.sa.gov.au/ePathway/Production/Web/GeneralEnquiry/EnquiryLists.aspx?ModuleCode=LAP
  date_scraped: '2019-05-15'
  date_received: '2019-06-03'
- council_reference: 211/534/2019
  address: 176 Henley Beach Road, TORRENSVILLE SA 5031
  description: Construction of alterations and additions to existing restaurant
  info_url: https://epathway.wtcc.sa.gov.au/ePathway/Production/Web/GeneralEnquiry/EnquiryLists.aspx?ModuleCode=LAP
  date_scraped: '2019-05-15'
  date_received: '2019-06-03'
- council_reference: 211/535/2019
  address: 6B Gray Street, PLYMPTON SA 5038
  description: Construction of 3 x verandah's.
  info_url: https://epathway.wtcc.sa.gov.au/ePathway/Production/Web/GeneralEnquiry/EnquiryLists.aspx?ModuleCode=LAP
  date_scraped: '2019-05-15'
  date_received: '2019-06-04'
- council_reference: 211/568/2018/A
  address: 30 Shierlaw Street, RICHMOND SA 5033
  description: Construction of a verandah - variation to existing approval - change
    to roof
  info_url: https://epathway.wtcc.sa.gov.au/ePathway/Production/Web/GeneralEnquiry/EnquiryLists.aspx?ModuleCode=LAP
  date_scraped: '2019-05-15'
  date_received: '2019-05-24'
- council_reference: 211/861/2018/A
  address: 45 Jenkins Street, COWANDILLA SA 5033
  description: Alterations and additions to existing dwelling and construction of
    a carport - variation to existing approval - changes to the window seat, setback
    from western boundary, alfresco area and roof height
  info_url: https://epathway.wtcc.sa.gov.au/ePathway/Production/Web/GeneralEnquiry/EnquiryLists.aspx?ModuleCode=LAP
  date_scraped: '2019-05-15'
  date_received: '2019-05-09'
- council_reference: Not on file
  address: 3 Layton Street, FULHAM SA 5024
  description: demolition
  info_url: https://epathway.wtcc.sa.gov.au/ePathway/Production/Web/GeneralEnquiry/EnquiryLists.aspx?ModuleCode=LAP
  date_scraped: '2019-05-15'
  date_received: '2019-05-30'
